Using pre-set license
Built from '6000.0/release' branch; Version is '6000.0.45f1 (d91bd3d4e081) revision 14228435'; Using compiler version '193933523'; Build Type 'Release'
OS: 'Windows 11  (10.0.26100) 64bit Core' Language: 'ko' Physical Memory: 32478 MB
BatchMode: 1, IsHumanControllingUs: 0, StartBugReporterOnCrash: 0, Is64bit: 1, IsPro: 1

COMMAND LINE ARGUMENTS:
C:\Program Files\Unity\Hub\Editor\6000.0.45f1\Editor\Unity.exe
-adb2
-batchMode
-noUpm
-name
AssetImportWorker4
-projectPath
C:/Users/User/Documents/GitHub/Nature-Snap/Nature Snap
-logFile
Logs/AssetImportWorker4.log
-srvPort
58511
-job-worker-count
7
-background-job-worker-count
8
-gc-helper-count
1
Successfully changed project path to: C:/Users/User/Documents/GitHub/Nature-Snap/Nature Snap
C:/Users/User/Documents/GitHub/Nature-Snap/Nature Snap
[UnityMemory] Configuration Parameters - Can be set up in boot.config
    "memorysetup-bucket-allocator-granularity=16"
    "memorysetup-bucket-allocator-bucket-count=8"
    "memorysetup-bucket-allocator-block-size=33554432"
    "memorysetup-bucket-allocator-block-count=8"
    "memorysetup-main-allocator-block-size=16777216"
    "memorysetup-thread-allocator-block-size=16777216"
    "memorysetup-gfx-main-allocator-block-size=16777216"
    "memorysetup-gfx-thread-allocator-block-size=16777216"
    "memorysetup-cache-allocator-block-size=4194304"
    "memorysetup-typetree-allocator-block-size=2097152"
    "memorysetup-profiler-bucket-allocator-granularity=16"
    "memorysetup-profiler-bucket-allocator-bucket-count=8"
    "memorysetup-profiler-bucket-allocator-block-size=33554432"
    "memorysetup-profiler-bucket-allocator-block-count=8"
    "memorysetup-profiler-allocator-block-size=16777216"
    "memorysetup-profiler-editor-allocator-block-size=1048576"
    "memorysetup-temp-allocator-size-main=16777216"
    "memorysetup-job-temp-allocator-block-size=2097152"
    "memorysetup-job-temp-allocator-block-size-background=1048576"
    "memorysetup-job-temp-allocator-reduction-small-platforms=262144"
    "memorysetup-allocator-temp-initial-block-size-main=262144"
    "memorysetup-allocator-temp-initial-block-size-worker=262144"
    "memorysetup-temp-allocator-size-background-worker=32768"
    "memorysetup-temp-allocator-size-job-worker=262144"
    "memorysetup-temp-allocator-size-preload-manager=33554432"
    "memorysetup-temp-allocator-size-nav-mesh-worker=65536"
    "memorysetup-temp-allocator-size-audio-worker=65536"
    "memorysetup-temp-allocator-size-cloud-worker=32768"
    "memorysetup-temp-allocator-size-gi-baking-worker=262144"
    "memorysetup-temp-allocator-size-gi-baking-worker=262144"
    "memorysetup-temp-allocator-size-gi-baking-worker=262144"
    "memorysetup-temp-allocator-size-gi-baking-worker=262144"
    "memorysetup-temp-allocator-size-gi-baking-worker=262144"
    "memorysetup-temp-allocator-size-gfx=262144"
Player connection [4624]  Target information:

Player connection [4624]  * "[IP] 192.168.55.144 [Port] 0 [Flags] 2 [Guid] 3913760824 [EditorId] 3913760824 [Version] 1048832 [Id] WindowsEditor(7,DESKTOP-K84KLPJ) [Debug] 1 [PackageName] WindowsEditor [ProjectName] Editor" 

Player connection [4624] Host joined multi-casting on [225.0.0.222:54997]...
Player connection [4624] Host joined alternative multi-casting on [225.0.0.222:34997]...
JobSystem: Creating JobQueue using job-worker-count value 7
Input System module state changed to: Initialized.
[Physics::Module] Initialized fallback backend.
[Physics::Module] Id: 0xdecafbad
Library Redirect Path: Library/
[Physics::Module] Selected backend.
[Physics::Module] Name: PhysX
[Physics::Module] Id: 0xf2b8ea05
[Physics::Module] SDK Version: 4.1.2
[Physics::Module] Integration Version: 1.0.0
[Physics::Module] Threading Mode: Multi-Threaded
Refreshing native plugins compatible for Editor in 1.34 ms, found 3 plugins.
Preloading 0 native plugins for Editor in 0.00 ms.
Initialize engine version: 6000.0.45f1 (d91bd3d4e081)
[Subsystems] Discovering subsystems at path C:/Program Files/Unity/Hub/Editor/6000.0.45f1/Editor/Data/Resources/UnitySubsystems
[Subsystems] Discovering subsystems at path C:/Users/User/Documents/GitHub/Nature-Snap/Nature Snap/Assets
GfxDevice: creating device client; kGfxThreadingModeNonThreaded
Direct3D:
    Version:  Direct3D 11.0 [level 11.1]
    Renderer: NVIDIA GeForce RTX 4060 (ID=0x2882)
    Vendor:   NVIDIA
    VRAM:     7957 MB
    Driver:   32.0.15.7602
Initialize mono
Mono path[0] = 'C:/Program Files/Unity/Hub/Editor/6000.0.45f1/Editor/Data/Managed'
Mono path[1] = 'C:/Program Files/Unity/Hub/Editor/6000.0.45f1/Editor/Data/MonoBleedingEdge/lib/mono/unityjit-win32'
Mono config path = 'C:/Program Files/Unity/Hub/Editor/6000.0.45f1/Editor/Data/MonoBleedingEdge/etc'
Using monoOptions --debugger-agent=transport=dt_socket,embedding=1,server=y,suspend=n,address=127.0.0.1:56480
Begin MonoManager ReloadAssembly
Registering precompiled unity dll's ...
Register platform support module: C:/Program Files/Unity/Hub/Editor/6000.0.45f1/Editor/Data/PlaybackEngines/WindowsStandaloneSupport/UnityEditor.WindowsStandalone.Extensions.dll
Register platform support module: C:/Program Files/Unity/Hub/Editor/6000.0.45f1/Editor/Data/PlaybackEngines/AndroidPlayer/UnityEditor.Android.Extensions.dll
Registered in 0.002682 seconds.
- Loaded All Assemblies, in  0.383 seconds
Native extension for Android target not found
Android Extension - Scanning For ADB Devices 272 ms
Native extension for WindowsStandalone target not found
Mono: successfully reloaded assembly
- Finished resetting the current domain, in  0.646 seconds
Domain Reload Profiling: 1028ms
	BeginReloadAssembly (132ms)
		ExecutionOrderSort (0ms)
		DisableScriptedObjects (0ms)
		BackupInstance (0ms)
		ReleaseScriptingObjects (0ms)
		CreateAndSetChildDomain (1ms)
	RebuildCommonClasses (37ms)
	RebuildNativeTypeToScriptingClass (12ms)
	initialDomainReloadingComplete (46ms)
	LoadAllAssembliesAndSetupDomain (155ms)
		LoadAssemblies (131ms)
		RebuildTransferFunctionScriptingTraits (0ms)
		AnalyzeDomain (151ms)
			TypeCache.Refresh (149ms)
				TypeCache.ScanAssembly (136ms)
			BuildScriptInfoCaches (0ms)
			ResolveRequiredComponents (0ms)
	FinalizeReload (647ms)
		ReleaseScriptCaches (0ms)
		RebuildScriptCaches (0ms)
		SetupLoadedEditorAssemblies (604ms)
			LogAssemblyErrors (0ms)
			InitializePlatformSupportModulesInManaged (362ms)
			SetLoadedEditorAssemblies (4ms)
			BeforeProcessingInitializeOnLoad (50ms)
			ProcessInitializeOnLoadAttributes (125ms)
			ProcessInitializeOnLoadMethodAttributes (63ms)
			AfterProcessingInitializeOnLoad (0ms)
			EditorAssembliesLoaded (0ms)
		ExecutionOrderSort2 (0ms)
		AwakeInstancesAfterBackupRestoration (0ms)
========================================================================
Worker process is ready to serve import requests
Import Worker Mode flag is 0x00
Begin MonoManager ReloadAssembly
- Loaded All Assemblies, in  0.701 seconds
Refreshing native plugins compatible for Editor in 0.76 ms, found 3 plugins.
Native extension for Android target not found
Native extension for WindowsStandalone target not found
Mono: successfully reloaded assembly
- Finished resetting the current domain, in  0.770 seconds
Domain Reload Profiling: 1470ms
	BeginReloadAssembly (173ms)
		ExecutionOrderSort (0ms)
		DisableScriptedObjects (5ms)
		BackupInstance (0ms)
		ReleaseScriptingObjects (0ms)
		CreateAndSetChildDomain (31ms)
	RebuildCommonClasses (37ms)
	RebuildNativeTypeToScriptingClass (12ms)
	initialDomainReloadingComplete (40ms)
	LoadAllAssembliesAndSetupDomain (437ms)
		LoadAssemblies (323ms)
		RebuildTransferFunctionScriptingTraits (0ms)
		AnalyzeDomain (213ms)
			TypeCache.Refresh (174ms)
				TypeCache.ScanAssembly (157ms)
			BuildScriptInfoCaches (30ms)
			ResolveRequiredComponents (4ms)
	FinalizeReload (771ms)
		ReleaseScriptCaches (0ms)
		RebuildScriptCaches (0ms)
		SetupLoadedEditorAssemblies (648ms)
			LogAssemblyErrors (0ms)
			InitializePlatformSupportModulesInManaged (12ms)
			SetLoadedEditorAssemblies (5ms)
			BeforeProcessingInitializeOnLoad (81ms)
			ProcessInitializeOnLoadAttributes (516ms)
			ProcessInitializeOnLoadMethodAttributes (30ms)
			AfterProcessingInitializeOnLoad (4ms)
			EditorAssembliesLoaded (0ms)
		ExecutionOrderSort2 (0ms)
		AwakeInstancesAfterBackupRestoration (7ms)
Launched and connected shader compiler UnityShaderCompiler.exe after 0.02 seconds
Refreshing native plugins compatible for Editor in 1.41 ms, found 3 plugins.
Preloading 0 native plugins for Editor in 0.00 ms.
Unloading 14 Unused Serialized files (Serialized files now loaded: 0)
Unloading 3782 unused Assets / (1.0 MB). Loaded Objects now: 4301.
Memory consumption went from 101.0 MB to 100.0 MB.
Total: 9.487500 ms (FindLiveObjects: 0.464200 ms CreateObjectMapping: 0.542600 ms MarkObjects: 6.440500 ms  DeleteObjects: 2.038600 ms)

========================================================================
Received Import Request.
  Time since last request: 22675.913484 seconds.
  path: Assets/Asset/Free Low Poly Desert Pack/Unity Prefabs/Plants/Flat_Plant_02.prefab
  artifactKey: Guid(2150293d12bfb2448a976624bc72a6f2) Importer(2089858483,192608db42251d675da83286b1cce702)
Start importing Assets/Asset/Free Low Poly Desert Pack/Unity Prefabs/Plants/Flat_Plant_02.prefab using Guid(2150293d12bfb2448a976624bc72a6f2) Importer(2089858483,192608db42251d675da83286b1cce702) (ScriptedImporter) -> (artifact id: 'e5da2377fa69452c7c25d20b233c3b81') in 0.1810734 seconds
Number of updated asset objects reloaded before import = 0Number of asset objects unloaded after import = 8

========================================================================
Received Import Request.
  Time since last request: 0.000036 seconds.
  path: Assets/Asset/ithappy/Creative_Characters_FREE/Textures/Textures.png
  artifactKey: Guid(601cef6ffead6614a8abd4f653eaaef5) Importer(2089858483,192608db42251d675da83286b1cce702)
Start importing Assets/Asset/ithappy/Creative_Characters_FREE/Textures/Textures.png using Guid(601cef6ffead6614a8abd4f653eaaef5) Importer(2089858483,192608db42251d675da83286b1cce702) (ScriptedImporter) -> (artifact id: '767e25df0461fa4eb3d956f7536c10d7') in 0.0710473 seconds
Number of updated asset objects reloaded before import = 0Number of asset objects unloaded after import = 1

========================================================================
Received Import Request.
  Time since last request: 0.000044 seconds.
  path: Assets/Asset/Old Sea Port/mesh/Materials/Material.012.mat
  artifactKey: Guid(cc35011be79f13b4595083ea1c09a217) Importer(2089858483,192608db42251d675da83286b1cce702)
Start importing Assets/Asset/Old Sea Port/mesh/Materials/Material.012.mat using Guid(cc35011be79f13b4595083ea1c09a217) Importer(2089858483,192608db42251d675da83286b1cce702) (ScriptedImporter) -> (artifact id: 'cd39b9f345b4f41e1b4fbb7f366fbd33') in 0.0381589 seconds
Number of updated asset objects reloaded before import = 0Number of asset objects unloaded after import = 1

========================================================================
Received Import Request.
  Time since last request: 0.000090 seconds.
  path: Assets/Asset/LowPolyWater_Pack/LowPoly Island/textures/textureAmbient_Occlusion.jpg
  artifactKey: Guid(b9b487cdf5f0a1446986165bc650935d) Importer(2089858483,192608db42251d675da83286b1cce702)
Start importing Assets/Asset/LowPolyWater_Pack/LowPoly Island/textures/textureAmbient_Occlusion.jpg using Guid(b9b487cdf5f0a1446986165bc650935d) Importer(2089858483,192608db42251d675da83286b1cce702) (ScriptedImporter) -> (artifact id: 'ed1302f8fc670dd272f0b69480c3c050') in 0.0190006 seconds
Number of updated asset objects reloaded before import = 0Number of asset objects unloaded after import = 1

========================================================================
Received Import Request.
  Time since last request: 0.000075 seconds.
  path: Assets/Asset/Old Sea Port/scenes/Dock Thing/ReflectionProbe-3.exr
  artifactKey: Guid(6bd987420f1a8334bb98098d8cb4c883) Importer(2089858483,192608db42251d675da83286b1cce702)
Start importing Assets/Asset/Old Sea Port/scenes/Dock Thing/ReflectionProbe-3.exr using Guid(6bd987420f1a8334bb98098d8cb4c883) Importer(2089858483,192608db42251d675da83286b1cce702) (ScriptedImporter) -> (artifact id: '80ca44e18a82b9e4f33a512a14f0cdfe') in 0.0173457 seconds
Number of updated asset objects reloaded before import = 0Number of asset objects unloaded after import = 1

========================================================================
Received Import Request.
  Time since last request: 0.000079 seconds.
  path: Assets/Asset/Old Sea Port/scenes/Dock Thing/ReflectionProbe-7.exr
  artifactKey: Guid(f07a05ef08f5afa438da798b2196d5ea) Importer(2089858483,192608db42251d675da83286b1cce702)
Start importing Assets/Asset/Old Sea Port/scenes/Dock Thing/ReflectionProbe-7.exr using Guid(f07a05ef08f5afa438da798b2196d5ea) Importer(2089858483,192608db42251d675da83286b1cce702) (ScriptedImporter) -> (artifact id: '3a984c02c5c83b59f96ccbc41aad9fc2') in 0.018082 seconds
Number of updated asset objects reloaded before import = 0Number of asset objects unloaded after import = 1

========================================================================
Received Import Request.
  Time since last request: 0.000113 seconds.
  path: Assets/Asset/LowPolyWater_Pack/LowPoly Island/Materials/defaultMat.mat
  artifactKey: Guid(dbeeba6574f62c84585c4d4ed0e03427) Importer(2089858483,192608db42251d675da83286b1cce702)
Start importing Assets/Asset/LowPolyWater_Pack/LowPoly Island/Materials/defaultMat.mat using Guid(dbeeba6574f62c84585c4d4ed0e03427) Importer(2089858483,192608db42251d675da83286b1cce702) (ScriptedImporter) -> (artifact id: '3d943a36186f31ca374078c23dcd58b8') in 0.0112187 seconds
Number of updated asset objects reloaded before import = 0Number of asset objects unloaded after import = 1

========================================================================
Received Import Request.
  Time since last request: 0.000111 seconds.
  path: Assets/Asset/Old Sea Port/mesh/Materials/No Name.mat
  artifactKey: Guid(860a687e6683c8749b56625f08b3587b) Importer(2089858483,192608db42251d675da83286b1cce702)
Start importing Assets/Asset/Old Sea Port/mesh/Materials/No Name.mat using Guid(860a687e6683c8749b56625f08b3587b) Importer(2089858483,192608db42251d675da83286b1cce702) (ScriptedImporter) -> (artifact id: '87585c87091247bd463a4e235506535d') in 0.013728 seconds
Number of updated asset objects reloaded before import = 0Number of asset objects unloaded after import = 1

========================================================================
Received Import Request.
  Time since last request: 0.000128 seconds.
  path: Assets/Asset/PolyRonin/Desert Village/Materials/desert-village-colors.mat
  artifactKey: Guid(9b7fdb11592b3664cb8ab62bf40426f1) Importer(2089858483,192608db42251d675da83286b1cce702)
Start importing Assets/Asset/PolyRonin/Desert Village/Materials/desert-village-colors.mat using Guid(9b7fdb11592b3664cb8ab62bf40426f1) Importer(2089858483,192608db42251d675da83286b1cce702) (ScriptedImporter) -> (artifact id: 'ed9cbc4a39b2ae290cca72582d082274') in 0.0127306 seconds
Number of updated asset objects reloaded before import = 0Number of asset objects unloaded after import = 2

========================================================================
Received Import Request.
  Time since last request: 0.000020 seconds.
  path: Assets/Asset/PolyRonin/Desert Village/Prefabs/Jar2.prefab
  artifactKey: Guid(9d815b9999bfa4e45a8639a6f090e6db) Importer(2089858483,192608db42251d675da83286b1cce702)
Start importing Assets/Asset/PolyRonin/Desert Village/Prefabs/Jar2.prefab using Guid(9d815b9999bfa4e45a8639a6f090e6db) Importer(2089858483,192608db42251d675da83286b1cce702) (ScriptedImporter) -> (artifact id: '67dad7a48054bc2b7332cc37ecdd756f') in 0.0170967 seconds
Number of updated asset objects reloaded before import = 0Number of asset objects unloaded after import = 8

========================================================================
Received Import Request.
  Time since last request: 0.000018 seconds.
  path: Assets/Asset/PolyRonin/Desert Village/Prefabs/House5-Broken.prefab
  artifactKey: Guid(6d852ef18a027ce458c26ceccc5e9aa6) Importer(2089858483,192608db42251d675da83286b1cce702)
Start importing Assets/Asset/PolyRonin/Desert Village/Prefabs/House5-Broken.prefab using Guid(6d852ef18a027ce458c26ceccc5e9aa6) Importer(2089858483,192608db42251d675da83286b1cce702) (ScriptedImporter) -> (artifact id: 'd6f926671c12cc7d3b111943541b996c') in 0.0170662 seconds
Number of updated asset objects reloaded before import = 0Number of asset objects unloaded after import = 8

========================================================================
Received Import Request.
  Time since last request: 0.000019 seconds.
  path: Assets/Asset/Old Sea Port/mesh/Materials/Material.013.mat
  artifactKey: Guid(718d365ce2193ef4b81395d584cdb51e) Importer(2089858483,192608db42251d675da83286b1cce702)
Start importing Assets/Asset/Old Sea Port/mesh/Materials/Material.013.mat using Guid(718d365ce2193ef4b81395d584cdb51e) Importer(2089858483,192608db42251d675da83286b1cce702) (ScriptedImporter) -> (artifact id: '40630314065d2417ee9fdbfc313406bf') in 0.01307 seconds
Number of updated asset objects reloaded before import = 0Number of asset objects unloaded after import = 1

========================================================================
Received Import Request.
  Time since last request: 0.000060 seconds.
  path: Assets/Asset/Free Low Poly Desert Pack/FBX Files/Mixed Colors/Mixed_Rock_01.fbx
  artifactKey: Guid(eb342f6eed94af74c8e910d8b3369c96) Importer(2089858483,192608db42251d675da83286b1cce702)
Start importing Assets/Asset/Free Low Poly Desert Pack/FBX Files/Mixed Colors/Mixed_Rock_01.fbx using Guid(eb342f6eed94af74c8e910d8b3369c96) Importer(2089858483,192608db42251d675da83286b1cce702) (ScriptedImporter) -> (artifact id: 'bb5edfe27b4e5b17e9da0ad481b5d1ab') in 0.033907 seconds
Number of updated asset objects reloaded before import = 0Number of asset objects unloaded after import = 8

========================================================================
Received Import Request.
  Time since last request: 0.000025 seconds.
  path: Assets/Asset/Old Sea Port/textures/Log_End_Occlusion.png
  artifactKey: Guid(c64a4c58a7959f44d9510c8b3103c943) Importer(2089858483,192608db42251d675da83286b1cce702)
Start importing Assets/Asset/Old Sea Port/textures/Log_End_Occlusion.png using Guid(c64a4c58a7959f44d9510c8b3103c943) Importer(2089858483,192608db42251d675da83286b1cce702) (ScriptedImporter) -> (artifact id: '4c2668c1258904c01f24e3a6656dd71d') in 0.0180144 seconds
Number of updated asset objects reloaded before import = 0Number of asset objects unloaded after import = 1

========================================================================
Received Import Request.
  Time since last request: 0.000053 seconds.
  path: Assets/Asset/Old Sea Port/Materials/maple_leaves.mat
  artifactKey: Guid(c0fa5e353eba45741a90fe6de147e112) Importer(2089858483,192608db42251d675da83286b1cce702)
Start importing Assets/Asset/Old Sea Port/Materials/maple_leaves.mat using Guid(c0fa5e353eba45741a90fe6de147e112) Importer(2089858483,192608db42251d675da83286b1cce702) (ScriptedImporter) -> (artifact id: '8febef07ac83aade5f7726777702d8a9') in 0.0228251 seconds
Number of updated asset objects reloaded before import = 0Number of asset objects unloaded after import = 3

========================================================================
Received Import Request.
  Time since last request: 0.000023 seconds.
  path: Assets/Asset/All In One - Heightmaps/Terrain/Terrain_0_0_e57582c5-3828-4183-b888-02bdc90d21e8.asset
  artifactKey: Guid(040e214c1e8559445a3d1754c7874a10) Importer(2089858483,192608db42251d675da83286b1cce702)
Start importing Assets/Asset/All In One - Heightmaps/Terrain/Terrain_0_0_e57582c5-3828-4183-b888-02bdc90d21e8.asset using Guid(040e214c1e8559445a3d1754c7874a10) Importer(2089858483,192608db42251d675da83286b1cce702) (ScriptedImporter) -> (artifact id: '0074430c6111407a8857adcbc51c7575') in 0.0209327 seconds
Number of updated asset objects reloaded before import = 0Number of asset objects unloaded after import = 1

========================================================================
Received Import Request.
  Time since last request: 0.000082 seconds.
  path: Assets/Asset/Old Sea Port/mesh/boat_1.fbx
  artifactKey: Guid(b28782be19c0382489f049a8c11e11ff) Importer(2089858483,192608db42251d675da83286b1cce702)
Start importing Assets/Asset/Old Sea Port/mesh/boat_1.fbx using Guid(b28782be19c0382489f049a8c11e11ff) Importer(2089858483,192608db42251d675da83286b1cce702) (ScriptedImporter) -> (artifact id: 'c76d7c2941a1b5657fc30eb57e4da88c') in 0.0227895 seconds
Number of updated asset objects reloaded before import = 0Number of asset objects unloaded after import = 9

========================================================================
Received Import Request.
  Time since last request: 0.000019 seconds.
  path: Assets/Asset/Old Sea Port/mesh/rope_3.fbx
  artifactKey: Guid(cb1f6f82cc530a74c940352d001d34d1) Importer(2089858483,192608db42251d675da83286b1cce702)
Start importing Assets/Asset/Old Sea Port/mesh/rope_3.fbx using Guid(cb1f6f82cc530a74c940352d001d34d1) Importer(2089858483,192608db42251d675da83286b1cce702) (ScriptedImporter) -> (artifact id: 'f2533742bea9122ce047ed8b53b6c8df') in 0.0216766 seconds
Number of updated asset objects reloaded before import = 0Number of asset objects unloaded after import = 8

========================================================================
Received Import Request.
  Time since last request: 0.000022 seconds.
  path: Assets/Asset/Old Sea Port/Trailer Camera.controller
  artifactKey: Guid(5b79fabe5335e3c49a79f61353a34803) Importer(2089858483,192608db42251d675da83286b1cce702)
Start importing Assets/Asset/Old Sea Port/Trailer Camera.controller using Guid(5b79fabe5335e3c49a79f61353a34803) Importer(2089858483,192608db42251d675da83286b1cce702) (ScriptedImporter) -> (artifact id: 'f154dfe7ced24e42129af4f5bd68c2be') in 0.0482858 seconds
Number of updated asset objects reloaded before import = 0Number of asset objects unloaded after import = 4

========================================================================
Received Import Request.
  Time since last request: 0.000019 seconds.
  path: Assets/Asset/All In One - Heightmaps/Terrain/Terrain_0_0_e03e331f-c242-4526-81cb-0c2e586d3520.asset
  artifactKey: Guid(d808fe2783302454a8052300ba31fe57) Importer(2089858483,192608db42251d675da83286b1cce702)
Start importing Assets/Asset/All In One - Heightmaps/Terrain/Terrain_0_0_e03e331f-c242-4526-81cb-0c2e586d3520.asset using Guid(d808fe2783302454a8052300ba31fe57) Importer(2089858483,192608db42251d675da83286b1cce702) (ScriptedImporter) -> (artifact id: '8d254de3515ec3e1ab31a93eceef367a') in 0.020619 seconds
Number of updated asset objects reloaded before import = 0Number of asset objects unloaded after import = 1

========================================================================
Received Import Request.
  Time since last request: 0.000052 seconds.
  path: Assets/Asset/All In One - Heightmaps/Heightmaps/VolcanoMountains/T_HeightMap4k.png
  artifactKey: Guid(126dd8d18e0135b4c82870b79acfb396) Importer(2089858483,192608db42251d675da83286b1cce702)
Start importing Assets/Asset/All In One - Heightmaps/Heightmaps/VolcanoMountains/T_HeightMap4k.png using Guid(126dd8d18e0135b4c82870b79acfb396) Importer(2089858483,192608db42251d675da83286b1cce702) (ScriptedImporter) -> (artifact id: '4d15f113c5aa12ff416aa052a2d8821d') in 0.0356686 seconds
Number of updated asset objects reloaded before import = 0Number of asset objects unloaded after import = 1

========================================================================
Received Import Request.
  Time since last request: 0.000086 seconds.
  path: Assets/Asset/Old Sea Port/Materials/fence.mat
  artifactKey: Guid(7a10401e119458544b269a24e3893073) Importer(2089858483,192608db42251d675da83286b1cce702)
Start importing Assets/Asset/Old Sea Port/Materials/fence.mat using Guid(7a10401e119458544b269a24e3893073) Importer(2089858483,192608db42251d675da83286b1cce702) (ScriptedImporter) -> (artifact id: 'd6258b30f8ded3325d006bc5462f4146') in 0.0138958 seconds
Number of updated asset objects reloaded before import = 0Number of asset objects unloaded after import = 2

========================================================================
Received Import Request.
  Time since last request: 0.000067 seconds.
  path: Assets/Asset/Old Sea Port/prefabs/Plank_1.prefab
  artifactKey: Guid(64438420d273554448959a35c747f25a) Importer(2089858483,192608db42251d675da83286b1cce702)
Start importing Assets/Asset/Old Sea Port/prefabs/Plank_1.prefab using Guid(64438420d273554448959a35c747f25a) Importer(2089858483,192608db42251d675da83286b1cce702) (ScriptedImporter) -> (artifact id: 'ce60b62f4c1072db2654d5256bb2490e') in 0.0182719 seconds
Number of updated asset objects reloaded before import = 0Number of asset objects unloaded after import = 9

========================================================================
Received Import Request.
  Time since last request: 0.000017 seconds.
  path: Assets/Asset/PolyRonin/Desert Village/Prefabs/House6.prefab
  artifactKey: Guid(5f0aec804248c89498569024413389ec) Importer(2089858483,192608db42251d675da83286b1cce702)
Start importing Assets/Asset/PolyRonin/Desert Village/Prefabs/House6.prefab using Guid(5f0aec804248c89498569024413389ec) Importer(2089858483,192608db42251d675da83286b1cce702) (ScriptedImporter) -> (artifact id: '61e4a04c7f08bc208ab4842b37f6d79b') in 0.0151813 seconds
Number of updated asset objects reloaded before import = 0Number of asset objects unloaded after import = 8

========================================================================
Received Import Request.
  Time since last request: 0.008653 seconds.
  path: Assets/Asset/PolyRonin/Desert Village/Prefabs/Jar3.prefab
  artifactKey: Guid(e7155cbe12fca734e8cebbf88d057640) Importer(2089858483,192608db42251d675da83286b1cce702)
Start importing Assets/Asset/PolyRonin/Desert Village/Prefabs/Jar3.prefab using Guid(e7155cbe12fca734e8cebbf88d057640) Importer(2089858483,192608db42251d675da83286b1cce702) (ScriptedImporter) -> (artifact id: 'eedbedc266f553759a79df79fbc337ec') in 0.0200825 seconds
Number of updated asset objects reloaded before import = 0Number of asset objects unloaded after import = 8

========================================================================
Received Import Request.
  Time since last request: 0.000016 seconds.
  path: Assets/Asset/PolyRonin/Desert Village/Textures/desert-village-colors.png
  artifactKey: Guid(0d22307d7c1c7524bad2db30c6598e22) Importer(2089858483,192608db42251d675da83286b1cce702)
Start importing Assets/Asset/PolyRonin/Desert Village/Textures/desert-village-colors.png using Guid(0d22307d7c1c7524bad2db30c6598e22) Importer(2089858483,192608db42251d675da83286b1cce702) (ScriptedImporter) -> (artifact id: 'd830f5047cca7f0a1113bfc1ca69411c') in 0.0189819 seconds
Number of updated asset objects reloaded before import = 0Number of asset objects unloaded after import = 1

========================================================================
Received Import Request.
  Time since last request: 0.000077 seconds.
  path: Assets/Asset/PolyRonin/Wild West Village/Materials/saloon-sign.mat
  artifactKey: Guid(05ed3cfeccec4754da9e80fb539d2b5d) Importer(2089858483,192608db42251d675da83286b1cce702)
Start importing Assets/Asset/PolyRonin/Wild West Village/Materials/saloon-sign.mat using Guid(05ed3cfeccec4754da9e80fb539d2b5d) Importer(2089858483,192608db42251d675da83286b1cce702) (ScriptedImporter) -> (artifact id: 'eedd965059df0fddd593647b7590e7c3') in 0.0141522 seconds
Number of updated asset objects reloaded before import = 0Number of asset objects unloaded after import = 2

========================================================================
Received Import Request.
  Time since last request: 0.000019 seconds.
  path: Assets/Asset/PolyRonin/Wild West Village/Materials/bank-sign.mat
  artifactKey: Guid(b597a0c22aacea54fa65153d912b78e5) Importer(2089858483,192608db42251d675da83286b1cce702)
Start importing Assets/Asset/PolyRonin/Wild West Village/Materials/bank-sign.mat using Guid(b597a0c22aacea54fa65153d912b78e5) Importer(2089858483,192608db42251d675da83286b1cce702) (ScriptedImporter) -> (artifact id: 'cca2035afa02713a0124cdbd2e255db0') in 0.0148824 seconds
Number of updated asset objects reloaded before import = 0Number of asset objects unloaded after import = 2

========================================================================
Received Import Request.
  Time since last request: 0.000020 seconds.
  path: Assets/Asset/PolyRonin/Wild West Village/Prefabs/Cactus5.prefab
  artifactKey: Guid(be1a50784394e3346afdf91f29e14bfe) Importer(2089858483,192608db42251d675da83286b1cce702)
Start importing Assets/Asset/PolyRonin/Wild West Village/Prefabs/Cactus5.prefab using Guid(be1a50784394e3346afdf91f29e14bfe) Importer(2089858483,192608db42251d675da83286b1cce702) (ScriptedImporter) -> (artifact id: '4e884db4ee448854238d98a09905e614') in 0.015839 seconds
Number of updated asset objects reloaded before import = 0Number of asset objects unloaded after import = 8

========================================================================
Received Import Request.
  Time since last request: 0.000017 seconds.
  path: Assets/Asset/PolyRonin/Wild West Village/Prefabs/Ground.prefab
  artifactKey: Guid(87a019653f94b1f49bbb1503c8ab5529) Importer(2089858483,192608db42251d675da83286b1cce702)
Start importing Assets/Asset/PolyRonin/Wild West Village/Prefabs/Ground.prefab using Guid(87a019653f94b1f49bbb1503c8ab5529) Importer(2089858483,192608db42251d675da83286b1cce702) (ScriptedImporter) -> (artifact id: 'ef218fdc5275cfc639b3ebfc836ca80d') in 0.0171781 seconds
Number of updated asset objects reloaded before import = 0Number of asset objects unloaded after import = 8

========================================================================
Received Import Request.
  Time since last request: 0.000019 seconds.
  path: Assets/Asset/Simple_Beach_Models/Materials/Aquarius_Materials/Brown_1.mat
  artifactKey: Guid(18a0c0f0bcee14647ae7903ebf2a13d1) Importer(2089858483,192608db42251d675da83286b1cce702)
Start importing Assets/Asset/Simple_Beach_Models/Materials/Aquarius_Materials/Brown_1.mat using Guid(18a0c0f0bcee14647ae7903ebf2a13d1) Importer(2089858483,192608db42251d675da83286b1cce702) (ScriptedImporter) -> (artifact id: '3811c4ff8e40fed49035ed8731cd5bf9') in 0.0121664 seconds
Number of updated asset objects reloaded before import = 0Number of asset objects unloaded after import = 2

========================================================================
Received Import Request.
  Time since last request: 0.000026 seconds.
  path: Assets/Asset/Simple_Beach_Models/Models/Ball/Ball.fbx
  artifactKey: Guid(fda5e074207fcdd4a84645177d0505dc) Importer(2089858483,192608db42251d675da83286b1cce702)
Start importing Assets/Asset/Simple_Beach_Models/Models/Ball/Ball.fbx using Guid(fda5e074207fcdd4a84645177d0505dc) Importer(2089858483,192608db42251d675da83286b1cce702) (ScriptedImporter) -> (artifact id: '9e2d1590e283aa203647f6e77d0e0981') in 0.0221404 seconds
Number of updated asset objects reloaded before import = 0Number of asset objects unloaded after import = 11

========================================================================
Received Import Request.
  Time since last request: 0.000020 seconds.
  path: Assets/Asset/PolyRonin/Wild West Village/Materials/store-sign.mat
  artifactKey: Guid(174cc4aaf6bc046448beca0886e219fe) Importer(2089858483,192608db42251d675da83286b1cce702)
Start importing Assets/Asset/PolyRonin/Wild West Village/Materials/store-sign.mat using Guid(174cc4aaf6bc046448beca0886e219fe) Importer(2089858483,192608db42251d675da83286b1cce702) (ScriptedImporter) -> (artifact id: '48378a33dd55430e5bee100d371f2992') in 0.0147871 seconds
Number of updated asset objects reloaded before import = 0Number of asset objects unloaded after import = 2

========================================================================
Received Import Request.
  Time since last request: 0.000021 seconds.
  path: Assets/Asset/VertexModeler/LowpolyCactusPack/Texture/Cactus_Albedo.png
  artifactKey: Guid(574ef1f7065910f4e9c7ca96ff7c2a27) Importer(2089858483,192608db42251d675da83286b1cce702)
Start importing Assets/Asset/VertexModeler/LowpolyCactusPack/Texture/Cactus_Albedo.png using Guid(574ef1f7065910f4e9c7ca96ff7c2a27) Importer(2089858483,192608db42251d675da83286b1cce702) (ScriptedImporter) -> (artifact id: '07c540a95c5970ddd18bf5e81147ffce') in 0.0190682 seconds
Number of updated asset objects reloaded before import = 0Number of asset objects unloaded after import = 1

========================================================================
Received Import Request.
  Time since last request: 0.000071 seconds.
  path: Assets/Asset/PolyRonin/Wild West Village/Prefabs/Rock3.prefab
  artifactKey: Guid(7f03db42499c184418fe8f849b0a67cd) Importer(2089858483,192608db42251d675da83286b1cce702)
Start importing Assets/Asset/PolyRonin/Wild West Village/Prefabs/Rock3.prefab using Guid(7f03db42499c184418fe8f849b0a67cd) Importer(2089858483,192608db42251d675da83286b1cce702) (ScriptedImporter) -> (artifact id: 'a40f0ed057397e8bd4757737f463fa9f') in 0.0168322 seconds
Number of updated asset objects reloaded before import = 0Number of asset objects unloaded after import = 8

========================================================================
Received Import Request.
  Time since last request: 0.000018 seconds.
  path: Assets/Asset/PolyRonin/Wild West Village/Textures/sheriff-sign.png
  artifactKey: Guid(b9767a7a49fd2dd45991849e674b7183) Importer(2089858483,192608db42251d675da83286b1cce702)
Start importing Assets/Asset/PolyRonin/Wild West Village/Textures/sheriff-sign.png using Guid(b9767a7a49fd2dd45991849e674b7183) Importer(2089858483,192608db42251d675da83286b1cce702) (ScriptedImporter) -> (artifact id: 'd8e2791286d1a6a0ebaf03d039dbc454') in 0.0181364 seconds
Number of updated asset objects reloaded before import = 0Number of asset objects unloaded after import = 1

========================================================================
Received Import Request.
  Time since last request: 0.000080 seconds.
  path: Assets/Asset/DuNguyn/Egypt Props Pack/Model/Egypt_Props/SM_Da_10.fbx
  artifactKey: Guid(59d2727fe12d0634b8c60bf4f9a867b9) Importer(2089858483,192608db42251d675da83286b1cce702)
Start importing Assets/Asset/DuNguyn/Egypt Props Pack/Model/Egypt_Props/SM_Da_10.fbx using Guid(59d2727fe12d0634b8c60bf4f9a867b9) Importer(2089858483,192608db42251d675da83286b1cce702) (ScriptedImporter) -> (artifact id: 'c74d67372d1682186ad28cd42ec3c140') in 0.0173707 seconds
Number of updated asset objects reloaded before import = 0Number of asset objects unloaded after import = 8

========================================================================
Received Import Request.
  Time since last request: 0.000027 seconds.
  path: Assets/Asset/DuNguyn/Egypt Props Pack/Model/Egypt_Props/SM_Da_06.fbx
  artifactKey: Guid(368209178d8e499409d4e2eba0ca0bf4) Importer(2089858483,192608db42251d675da83286b1cce702)
Start importing Assets/Asset/DuNguyn/Egypt Props Pack/Model/Egypt_Props/SM_Da_06.fbx using Guid(368209178d8e499409d4e2eba0ca0bf4) Importer(2089858483,192608db42251d675da83286b1cce702) (ScriptedImporter) -> (artifact id: 'f896f74dded3d0c91ad7a3e517b31531') in 0.0193169 seconds
Number of updated asset objects reloaded before import = 0Number of asset objects unloaded after import = 8

========================================================================
Received Import Request.
  Time since last request: 0.000018 seconds.
  path: Assets/Asset/Simple_Beach_Models/Materials/Parasol_Materials/Blue.mat
  artifactKey: Guid(27985aee760f69143a1b240263537c8d) Importer(2089858483,192608db42251d675da83286b1cce702)
Start importing Assets/Asset/Simple_Beach_Models/Materials/Parasol_Materials/Blue.mat using Guid(27985aee760f69143a1b240263537c8d) Importer(2089858483,192608db42251d675da83286b1cce702) (ScriptedImporter) -> (artifact id: '0479dda1113b70d9bff85d7026557e0b') in 0.0135 seconds
Number of updated asset objects reloaded before import = 0Number of asset objects unloaded after import = 1

========================================================================
Received Import Request.
  Time since last request: 0.000077 seconds.
  path: Assets/Asset/PolyRonin/Wild West Village/Textures/wild-west-village-colors.png
  artifactKey: Guid(4cd97ea407a2dba419c4129402de918b) Importer(2089858483,192608db42251d675da83286b1cce702)
Start importing Assets/Asset/PolyRonin/Wild West Village/Textures/wild-west-village-colors.png using Guid(4cd97ea407a2dba419c4129402de918b) Importer(2089858483,192608db42251d675da83286b1cce702) (ScriptedImporter) -> (artifact id: '3eb47624510af32091cde9420535f477') in 0.0182305 seconds
Number of updated asset objects reloaded before import = 0Number of asset objects unloaded after import = 1

========================================================================
Received Import Request.
  Time since last request: 0.000091 seconds.
  path: Assets/Asset/PolyRonin/Wild West Village/Textures/hotel-sign.png
  artifactKey: Guid(20283cbad7104e944a4bce9e839f3d23) Importer(2089858483,192608db42251d675da83286b1cce702)
Start importing Assets/Asset/PolyRonin/Wild West Village/Textures/hotel-sign.png using Guid(20283cbad7104e944a4bce9e839f3d23) Importer(2089858483,192608db42251d675da83286b1cce702) (ScriptedImporter) -> (artifact id: 'b62de11dc397af9e93182ee062e4bd85') in 0.0211812 seconds
Number of updated asset objects reloaded before import = 0Number of asset objects unloaded after import = 1

========================================================================
Received Import Request.
  Time since last request: 0.000050 seconds.
  path: Assets/Asset/PolyRonin/Wild West Village/Materials/hotel-sign.mat
  artifactKey: Guid(b8ead8a9ed9715f4d85dd0a2f10b22b1) Importer(2089858483,192608db42251d675da83286b1cce702)
Start importing Assets/Asset/PolyRonin/Wild West Village/Materials/hotel-sign.mat using Guid(b8ead8a9ed9715f4d85dd0a2f10b22b1) Importer(2089858483,192608db42251d675da83286b1cce702) (ScriptedImporter) -> (artifact id: '1aea0b0a9850b534f376cbcf8752afc2') in 0.0135102 seconds
Number of updated asset objects reloaded before import = 0Number of asset objects unloaded after import = 2

========================================================================
Received Import Request.
  Time since last request: 0.000016 seconds.
  path: Assets/Asset/Simple_Beach_Models/Materials/Aquarius_Materials/Brown_2.mat
  artifactKey: Guid(bd6a107be7cb3c84da2644184596d722) Importer(2089858483,192608db42251d675da83286b1cce702)
Start importing Assets/Asset/Simple_Beach_Models/Materials/Aquarius_Materials/Brown_2.mat using Guid(bd6a107be7cb3c84da2644184596d722) Importer(2089858483,192608db42251d675da83286b1cce702) (ScriptedImporter) -> (artifact id: 'd932fcb01441322dbce23dde66d3e448') in 0.0128073 seconds
Number of updated asset objects reloaded before import = 0Number of asset objects unloaded after import = 1

========================================================================
Received Import Request.
  Time since last request: 0.000039 seconds.
  path: Assets/Asset/Simple_Beach_Models/Materials/Ball_Materials/Yellow.mat
  artifactKey: Guid(ec9a6928328e9fb408199b4fa9c0d316) Importer(2089858483,192608db42251d675da83286b1cce702)
Start importing Assets/Asset/Simple_Beach_Models/Materials/Ball_Materials/Yellow.mat using Guid(ec9a6928328e9fb408199b4fa9c0d316) Importer(2089858483,192608db42251d675da83286b1cce702) (ScriptedImporter) -> (artifact id: '5457f4d7ddc1a95c4b2526d583224138') in 0.0136514 seconds
Number of updated asset objects reloaded before import = 0Number of asset objects unloaded after import = 1

========================================================================
Received Import Request.
  Time since last request: 0.000059 seconds.
  path: Assets/Asset/Simple_Beach_Models/Models/Palm/Palm.fbx
  artifactKey: Guid(d3b82c5f058682f44b3eb1a669186416) Importer(2089858483,192608db42251d675da83286b1cce702)
Start importing Assets/Asset/Simple_Beach_Models/Models/Palm/Palm.fbx using Guid(d3b82c5f058682f44b3eb1a669186416) Importer(2089858483,192608db42251d675da83286b1cce702) (ScriptedImporter) -> (artifact id: '84e2305e1fb85ca8e43117b72e51ea00') in 0.019171 seconds
Number of updated asset objects reloaded before import = 0Number of asset objects unloaded after import = 9

========================================================================
Received Import Request.
  Time since last request: 0.000048 seconds.
  path: Assets/Asset/DuNguyn/Egypt Props Pack/Model/Egypt_Props/SM_Da_02.fbx
  artifactKey: Guid(f4f7096ba592de141819afe7a3a1f9c2) Importer(2089858483,192608db42251d675da83286b1cce702)
Start importing Assets/Asset/DuNguyn/Egypt Props Pack/Model/Egypt_Props/SM_Da_02.fbx using Guid(f4f7096ba592de141819afe7a3a1f9c2) Importer(2089858483,192608db42251d675da83286b1cce702) (ScriptedImporter) -> (artifact id: '2d6c56b71900b612d85808c4622142fa') in 0.0202853 seconds
Number of updated asset objects reloaded before import = 0Number of asset objects unloaded after import = 8

========================================================================
Received Import Request.
  Time since last request: 0.000019 seconds.
  path: Assets/Asset/VertexModeler/LowpolyCactusPack/Prefab/Cactus.009.prefab
  artifactKey: Guid(011a442e1661fa04f9cdf0c2716bb5c7) Importer(2089858483,192608db42251d675da83286b1cce702)
Start importing Assets/Asset/VertexModeler/LowpolyCactusPack/Prefab/Cactus.009.prefab using Guid(011a442e1661fa04f9cdf0c2716bb5c7) Importer(2089858483,192608db42251d675da83286b1cce702) (ScriptedImporter) -> (artifact id: 'dc3002c6f70de9f495e5886282765eca') in 0.0160126 seconds
Number of updated asset objects reloaded before import = 0Number of asset objects unloaded after import = 8

========================================================================
Received Import Request.
  Time since last request: 0.000022 seconds.
  path: Assets/Asset/VertexModeler/LowpolyCactusPack/Prefab/Cactus.010.prefab
  artifactKey: Guid(d4a6e56da12543d4996b56d8c7ec780a) Importer(2089858483,192608db42251d675da83286b1cce702)
Start importing Assets/Asset/VertexModeler/LowpolyCactusPack/Prefab/Cactus.010.prefab using Guid(d4a6e56da12543d4996b56d8c7ec780a) Importer(2089858483,192608db42251d675da83286b1cce702) (ScriptedImporter) -> (artifact id: '263c7aa7532f6830ac51256721c040b5') in 0.0171046 seconds
Number of updated asset objects reloaded before import = 0Number of asset objects unloaded after import = 8

========================================================================
Received Import Request.
  Time since last request: 0.000025 seconds.
  path: Assets/Asset/PolyRonin/Wild West Village/Prefabs/Cart.prefab
  artifactKey: Guid(1c7a7c086c6014e499a0cf843c78fdc8) Importer(2089858483,192608db42251d675da83286b1cce702)
Start importing Assets/Asset/PolyRonin/Wild West Village/Prefabs/Cart.prefab using Guid(1c7a7c086c6014e499a0cf843c78fdc8) Importer(2089858483,192608db42251d675da83286b1cce702) (ScriptedImporter) -> (artifact id: '3d880c7f73104ccd4c703e89125af566') in 0.0134519 seconds
Number of updated asset objects reloaded before import = 0Number of asset objects unloaded after import = 8

========================================================================
Received Import Request.
  Time since last request: 0.079125 seconds.
  path: Assets/Asset/DuNguyn/Egypt Props Pack/Model/Egypt_Props/SM_NhaPhu_03.fbx
  artifactKey: Guid(3dfa91263dec4f446bfc0edf678ed28d) Importer(2089858483,192608db42251d675da83286b1cce702)
Start importing Assets/Asset/DuNguyn/Egypt Props Pack/Model/Egypt_Props/SM_NhaPhu_03.fbx using Guid(3dfa91263dec4f446bfc0edf678ed28d) Importer(2089858483,192608db42251d675da83286b1cce702) (ScriptedImporter) -> (artifact id: 'ac2206fdd0a4caf66afeefd7f3c054f6') in 0.0188015 seconds
Number of updated asset objects reloaded before import = 0Number of asset objects unloaded after import = 8

========================================================================
Received Import Request.
  Time since last request: 0.000025 seconds.
  path: Assets/Asset/ithappy/Creative_Characters_FREE/Meshes/Gloves/Gloves_006.fbx
  artifactKey: Guid(ed3cc8f7b4705704db2e46eff03dd968) Importer(2089858483,192608db42251d675da83286b1cce702)
Start importing Assets/Asset/ithappy/Creative_Characters_FREE/Meshes/Gloves/Gloves_006.fbx using Guid(ed3cc8f7b4705704db2e46eff03dd968) Importer(2089858483,192608db42251d675da83286b1cce702) (ScriptedImporter) -> (artifact id: 'e57a95ecc22582c88e6c138eba328d31') in 0.019255 seconds
Number of updated asset objects reloaded before import = 0Number of asset objects unloaded after import = 100

========================================================================
Received Import Request.
  Time since last request: 0.000017 seconds.
  path: Assets/Asset/ithappy/Creative_Characters_FREE/Prefabs/Mascots/Mascot_002.prefab
  artifactKey: Guid(859486e85bd401d4eacf38a2024738a5) Importer(2089858483,192608db42251d675da83286b1cce702)
Start importing Assets/Asset/ithappy/Creative_Characters_FREE/Prefabs/Mascots/Mascot_002.prefab using Guid(859486e85bd401d4eacf38a2024738a5) Importer(2089858483,192608db42251d675da83286b1cce702) (ScriptedImporter) -> (artifact id: '92d8621ef7fbb53d6cf88ef7f389acfb') in 0.0157645 seconds
Number of updated asset objects reloaded before import = 0Number of asset objects unloaded after import = 198

========================================================================
Received Import Request.
  Time since last request: 0.000015 seconds.
  path: Assets/Asset/ithappy/Creative_Characters_FREE/Meshes/Face Accessories/Pacifier_001.fbx
  artifactKey: Guid(da1fb7324b7aa04488964cec50dec732) Importer(2089858483,192608db42251d675da83286b1cce702)
Start importing Assets/Asset/ithappy/Creative_Characters_FREE/Meshes/Face Accessories/Pacifier_001.fbx using Guid(da1fb7324b7aa04488964cec50dec732) Importer(2089858483,192608db42251d675da83286b1cce702) (ScriptedImporter) -> (artifact id: '55e7ee19570c7a8a3613736f3136a26d') in 0.0157074 seconds
Number of updated asset objects reloaded before import = 0Number of asset objects unloaded after import = 100

========================================================================
Received Import Request.
  Time since last request: 0.000017 seconds.
  path: Assets/Asset/ithappy/Creative_Characters_FREE/Animations/Other_Animations/Jump_End.anim
  artifactKey: Guid(c3802495444247743a64026610cb08e7) Importer(2089858483,192608db42251d675da83286b1cce702)
Start importing Assets/Asset/ithappy/Creative_Characters_FREE/Animations/Other_Animations/Jump_End.anim using Guid(c3802495444247743a64026610cb08e7) Importer(2089858483,192608db42251d675da83286b1cce702) (ScriptedImporter) -> (artifact id: '3ab6e08dc3fc8acd16a7e3041e862fd4') in 0.0234244 seconds
Number of updated asset objects reloaded before import = 0Number of asset objects unloaded after import = 1

========================================================================
Received Import Request.
  Time since last request: 0.000159 seconds.
  path: Assets/Asset/DuNguyn/Egypt Props Pack/Model/Egypt_Props/SM_Nha_01.fbx
  artifactKey: Guid(23a7c6e32d682f447bc6bd2b3d154bcb) Importer(2089858483,192608db42251d675da83286b1cce702)
Start importing Assets/Asset/DuNguyn/Egypt Props Pack/Model/Egypt_Props/SM_Nha_01.fbx using Guid(23a7c6e32d682f447bc6bd2b3d154bcb) Importer(2089858483,192608db42251d675da83286b1cce702) (ScriptedImporter) -> (artifact id: '454c918887fb296de43a4413bd8939e6') in 0.0162176 seconds
Number of updated asset objects reloaded before import = 0Number of asset objects unloaded after import = 8

========================================================================
Received Import Request.
  Time since last request: 0.000018 seconds.
  path: Assets/Asset/ithappy/Creative_Characters_FREE/Meshes/Faces/Male_emotion_angry_003.fbx
  artifactKey: Guid(e2a9edf3127d00246a60fb52ef4856b9) Importer(2089858483,192608db42251d675da83286b1cce702)
Start importing Assets/Asset/ithappy/Creative_Characters_FREE/Meshes/Faces/Male_emotion_angry_003.fbx using Guid(e2a9edf3127d00246a60fb52ef4856b9) Importer(2089858483,192608db42251d675da83286b1cce702) (ScriptedImporter) -> (artifact id: '9e6e4d9818135d8f256db126d237b3a2') in 0.0186814 seconds
Number of updated asset objects reloaded before import = 0Number of asset objects unloaded after import = 100

========================================================================
Received Import Request.
  Time since last request: 0.000022 seconds.
  path: Assets/Asset/ithappy/Creative_Characters_FREE/Meshes/Faces/Male_emotion_happy_002.fbx
  artifactKey: Guid(e4f543c638ecbfd40b8dc37cd298e48a) Importer(2089858483,192608db42251d675da83286b1cce702)
Start importing Assets/Asset/ithappy/Creative_Characters_FREE/Meshes/Faces/Male_emotion_happy_002.fbx using Guid(e4f543c638ecbfd40b8dc37cd298e48a) Importer(2089858483,192608db42251d675da83286b1cce702) (ScriptedImporter) -> (artifact id: '1dc1eea53f2cdaae8e4ba016bee0bcb0') in 0.0212255 seconds
Number of updated asset objects reloaded before import = 0Number of asset objects unloaded after import = 100

========================================================================
Received Import Request.
  Time since last request: 0.000015 seconds.
  path: Assets/Asset/ithappy/Creative_Characters_FREE/Scripts/Character_Controller/ThirdPersonCamera.cs
  artifactKey: Guid(b7f4329458cdb464796191393167d4f9) Importer(2089858483,192608db42251d675da83286b1cce702)
Start importing Assets/Asset/ithappy/Creative_Characters_FREE/Scripts/Character_Controller/ThirdPersonCamera.cs using Guid(b7f4329458cdb464796191393167d4f9) Importer(2089858483,192608db42251d675da83286b1cce702) (ScriptedImporter) -> (artifact id: 'ff808b5b7c27a40751d54f9e0025606b') in 0.0135413 seconds
Number of updated asset objects reloaded before import = 0Number of asset objects unloaded after import = 0

========================================================================
Received Import Request.
  Time since last request: 0.000084 seconds.
  path: Assets/Asset/ithappy/Creative_Characters_FREE/Prefabs/Gloves/Gloves_014.prefab
  artifactKey: Guid(4f7df4398449d8e4dafc1cd8986d7217) Importer(2089858483,192608db42251d675da83286b1cce702)
Start importing Assets/Asset/ithappy/Creative_Characters_FREE/Prefabs/Gloves/Gloves_014.prefab using Guid(4f7df4398449d8e4dafc1cd8986d7217) Importer(2089858483,192608db42251d675da83286b1cce702) (ScriptedImporter) -> (artifact id: '295505a0c2c6b51acc2eba04b4ccf4b0') in 0.0163168 seconds
Number of updated asset objects reloaded before import = 0Number of asset objects unloaded after import = 198

========================================================================
Received Import Request.
  Time since last request: 0.000025 seconds.
  path: Assets/Asset/DuNguyn/Egypt Props Pack/Model/Egypt_Props/SM_O_Nen_v2_11.fbx
  artifactKey: Guid(fdcad15ba96f932498a706be3393e27c) Importer(2089858483,192608db42251d675da83286b1cce702)
Start importing Assets/Asset/DuNguyn/Egypt Props Pack/Model/Egypt_Props/SM_O_Nen_v2_11.fbx using Guid(fdcad15ba96f932498a706be3393e27c) Importer(2089858483,192608db42251d675da83286b1cce702) (ScriptedImporter) -> (artifact id: '7eb7e841e67bfed0c4025d404e91621c') in 0.0210448 seconds
Number of updated asset objects reloaded before import = 0Number of asset objects unloaded after import = 8

========================================================================
Received Import Request.
  Time since last request: 0.000018 seconds.
  path: Assets/Asset/ithappy/Creative_Characters_FREE/Prefabs/Hat Single/Hat_Single_008.prefab
  artifactKey: Guid(04ba1823c0442e04397b17ece6ad2966) Importer(2089858483,192608db42251d675da83286b1cce702)
Start importing Assets/Asset/ithappy/Creative_Characters_FREE/Prefabs/Hat Single/Hat_Single_008.prefab using Guid(04ba1823c0442e04397b17ece6ad2966) Importer(2089858483,192608db42251d675da83286b1cce702) (ScriptedImporter) -> (artifact id: '3f484ec8351716d0ca1ba7f4f5489126') in 0.0181846 seconds
Number of updated asset objects reloaded before import = 0Number of asset objects unloaded after import = 198

========================================================================
Received Import Request.
  Time since last request: 0.000019 seconds.
  path: Assets/Asset/ithappy/Creative_Characters_FREE/Prefabs/Faces/Male_emotion_usual_001.prefab
  artifactKey: Guid(22c437e6b43db6d4dbe33a290654a86c) Importer(2089858483,192608db42251d675da83286b1cce702)
Start importing Assets/Asset/ithappy/Creative_Characters_FREE/Prefabs/Faces/Male_emotion_usual_001.prefab using Guid(22c437e6b43db6d4dbe33a290654a86c) Importer(2089858483,192608db42251d675da83286b1cce702) (ScriptedImporter) -> (artifact id: 'cf3ebd1c4896e27848a9c284169758e4') in 0.0150727 seconds
Number of updated asset objects reloaded before import = 0Number of asset objects unloaded after import = 198

========================================================================
Received Import Request.
  Time since last request: 0.000017 seconds.
  path: Assets/Asset/ithappy/Creative_Characters_FREE/Scripts/Editor/GroupType.cs
  artifactKey: Guid(7b59a73d0010b514bb4dc68df2e34a23) Importer(2089858483,192608db42251d675da83286b1cce702)
Start importing Assets/Asset/ithappy/Creative_Characters_FREE/Scripts/Editor/GroupType.cs using Guid(7b59a73d0010b514bb4dc68df2e34a23) Importer(2089858483,192608db42251d675da83286b1cce702) (ScriptedImporter) -> (artifact id: '3bb77110e8d3ed95e98891917d5124be') in 0.0137308 seconds
Number of updated asset objects reloaded before import = 0Number of asset objects unloaded after import = 0

========================================================================
Received Import Request.
  Time since last request: 0.000078 seconds.
  path: Assets/Asset/Old Sea Port/EffectExamples/FireExplosionEffects/Materials/PlasmaExplosionParticle.mat
  artifactKey: Guid(7ff1ab0b724442843965e2dd0f02e969) Importer(2089858483,192608db42251d675da83286b1cce702)
Start importing Assets/Asset/Old Sea Port/EffectExamples/FireExplosionEffects/Materials/PlasmaExplosionParticle.mat using Guid(7ff1ab0b724442843965e2dd0f02e969) Importer(2089858483,192608db42251d675da83286b1cce702) (ScriptedImporter) -> (artifact id: 'e2ecc0e7ba85004722a51cc8941e817b') in 0.0443408 seconds
Number of updated asset objects reloaded before import = 0Number of asset objects unloaded after import = 2

========================================================================
Received Import Request.
  Time since last request: 0.000017 seconds.
  path: Assets/Asset/ithappy/Creative_Characters_FREE/Animations/Other_Animations/Run_Forward.anim
  artifactKey: Guid(31a3d1056e04d0646864510c89447e7b) Importer(2089858483,192608db42251d675da83286b1cce702)
Start importing Assets/Asset/ithappy/Creative_Characters_FREE/Animations/Other_Animations/Run_Forward.anim using Guid(31a3d1056e04d0646864510c89447e7b) Importer(2089858483,192608db42251d675da83286b1cce702) (ScriptedImporter) -> (artifact id: '6f4392d7ca79d661118a30795fa1ea25') in 0.020745 seconds
Number of updated asset objects reloaded before import = 0Number of asset objects unloaded after import = 1

========================================================================
Received Import Request.
  Time since last request: 0.000061 seconds.
  path: Assets/Asset/ithappy/Creative_Characters_FREE/Prefabs/Shoes/Shoe_Slippers_002.prefab
  artifactKey: Guid(d8d908e1160656a45848352933ae4caa) Importer(2089858483,192608db42251d675da83286b1cce702)
Start importing Assets/Asset/ithappy/Creative_Characters_FREE/Prefabs/Shoes/Shoe_Slippers_002.prefab using Guid(d8d908e1160656a45848352933ae4caa) Importer(2089858483,192608db42251d675da83286b1cce702) (ScriptedImporter) -> (artifact id: '2bc83164ee4b28d9134324196f954020') in 0.014831 seconds
Number of updated asset objects reloaded before import = 0Number of asset objects unloaded after import = 198

========================================================================
Received Import Request.
  Time since last request: 0.000018 seconds.
  path: Assets/Asset/ithappy/Creative_Characters_FREE/Meshes/Glasses/Glasses_006.fbx
  artifactKey: Guid(8ce1c24b95f214d4bb53ebe8be080a49) Importer(2089858483,192608db42251d675da83286b1cce702)
Start importing Assets/Asset/ithappy/Creative_Characters_FREE/Meshes/Glasses/Glasses_006.fbx using Guid(8ce1c24b95f214d4bb53ebe8be080a49) Importer(2089858483,192608db42251d675da83286b1cce702) (ScriptedImporter) -> (artifact id: 'fe0a483564531e08bfa031311b48ea6b') in 0.0231059 seconds
Number of updated asset objects reloaded before import = 0Number of asset objects unloaded after import = 100

========================================================================
Received Import Request.
  Time since last request: 0.000022 seconds.
  path: Assets/Asset/DuNguyn/Egypt Props Pack/Model/Egypt_Props/SM_O_Nen_v2_07.fbx
  artifactKey: Guid(9a78ef33204812d478001d9fe662ffd2) Importer(2089858483,192608db42251d675da83286b1cce702)
Start importing Assets/Asset/DuNguyn/Egypt Props Pack/Model/Egypt_Props/SM_O_Nen_v2_07.fbx using Guid(9a78ef33204812d478001d9fe662ffd2) Importer(2089858483,192608db42251d675da83286b1cce702) (ScriptedImporter) -> (artifact id: '5a11f83368b937518427005b27c15301') in 0.0215472 seconds
Number of updated asset objects reloaded before import = 0Number of asset objects unloaded after import = 8

========================================================================
Received Import Request.
  Time since last request: 0.000037 seconds.
  path: Assets/Asset/ithappy/Creative_Characters_FREE/Scripts/Character_Controller/PlayerCamera.cs
  artifactKey: Guid(6e64ae1274b15fa4fbea3733685f5b29) Importer(2089858483,192608db42251d675da83286b1cce702)
Start importing Assets/Asset/ithappy/Creative_Characters_FREE/Scripts/Character_Controller/PlayerCamera.cs using Guid(6e64ae1274b15fa4fbea3733685f5b29) Importer(2089858483,192608db42251d675da83286b1cce702) (ScriptedImporter) -> (artifact id: 'e5b2dc7e757a16b0a7fd82fd5dd99762') in 0.0141079 seconds
Number of updated asset objects reloaded before import = 0Number of asset objects unloaded after import = 0

========================================================================
Received Import Request.
  Time since last request: 0.000108 seconds.
  path: Assets/Asset/ithappy/Creative_Characters_FREE/Scripts/Editor/SlotLibrary.cs
  artifactKey: Guid(a16f9f235a414383a767c55ae53046fb) Importer(2089858483,192608db42251d675da83286b1cce702)
Start importing Assets/Asset/ithappy/Creative_Characters_FREE/Scripts/Editor/SlotLibrary.cs using Guid(a16f9f235a414383a767c55ae53046fb) Importer(2089858483,192608db42251d675da83286b1cce702) (ScriptedImporter) -> (artifact id: '4ec8eb5fae187afba103d620d2168684') in 0.0132524 seconds
Number of updated asset objects reloaded before import = 0Number of asset objects unloaded after import = 0

========================================================================
Received Import Request.
  Time since last request: 0.000109 seconds.
  path: Assets/Asset/DuNguyn/Egypt Props Pack/Model/Egypt_Props/SM_O_Nen_v2_09.fbx
  artifactKey: Guid(e8bee3c17695f444889a5cfa786781bc) Importer(2089858483,192608db42251d675da83286b1cce702)
Start importing Assets/Asset/DuNguyn/Egypt Props Pack/Model/Egypt_Props/SM_O_Nen_v2_09.fbx using Guid(e8bee3c17695f444889a5cfa786781bc) Importer(2089858483,192608db42251d675da83286b1cce702) (ScriptedImporter) -> (artifact id: 'b1aef0e33092619b69c68601437e03bc') in 0.020229 seconds
Number of updated asset objects reloaded before import = 0Number of asset objects unloaded after import = 8

========================================================================
Received Import Request.
  Time since last request: 0.000018 seconds.
  path: Assets/Asset/ithappy/Creative_Characters_FREE/Animations/Other_Animations/Strafe_Left.anim
  artifactKey: Guid(8c59196bf56e9204e8b003ac319dae90) Importer(2089858483,192608db42251d675da83286b1cce702)
Start importing Assets/Asset/ithappy/Creative_Characters_FREE/Animations/Other_Animations/Strafe_Left.anim using Guid(8c59196bf56e9204e8b003ac319dae90) Importer(2089858483,192608db42251d675da83286b1cce702) (ScriptedImporter) -> (artifact id: '6342da3e30e2e2f63d707156996dd68e') in 0.0226813 seconds
Number of updated asset objects reloaded before import = 0Number of asset objects unloaded after import = 1

========================================================================
Received Import Request.
  Time since last request: 0.000119 seconds.
  path: Assets/Asset/Old Sea Port/EffectExamples/FireExplosionEffects/Materials/EmbersParticle.mat
  artifactKey: Guid(776677ab3818fb249adaca05f4e04545) Importer(2089858483,192608db42251d675da83286b1cce702)
Start importing Assets/Asset/Old Sea Port/EffectExamples/FireExplosionEffects/Materials/EmbersParticle.mat using Guid(776677ab3818fb249adaca05f4e04545) Importer(2089858483,192608db42251d675da83286b1cce702) (ScriptedImporter) -> (artifact id: '40eeda4bf8821052fb32a5cae7e2cadc') in 0.0159636 seconds
Number of updated asset objects reloaded before import = 0Number of asset objects unloaded after import = 1

========================================================================
Received Import Request.
  Time since last request: 0.000019 seconds.
  path: Assets/Asset/ithappy/Creative_Characters_FREE/Meshes/Face Accessories/Headphones_002.fbx
  artifactKey: Guid(106c56f4b86971e4393de6fb97ee6cdb) Importer(2089858483,192608db42251d675da83286b1cce702)
Start importing Assets/Asset/ithappy/Creative_Characters_FREE/Meshes/Face Accessories/Headphones_002.fbx using Guid(106c56f4b86971e4393de6fb97ee6cdb) Importer(2089858483,192608db42251d675da83286b1cce702) (ScriptedImporter) -> (artifact id: 'f1aba219cfd684c6f3f9f880faf1207a') in 0.0219256 seconds
Number of updated asset objects reloaded before import = 0Number of asset objects unloaded after import = 100

========================================================================
Received Import Request.
  Time since last request: 0.000018 seconds.
  path: Assets/Asset/ithappy/Creative_Characters_FREE/Prefabs/Faces/Male_emotion_angry_003.prefab
  artifactKey: Guid(f9821e37959e9bc4da8d0ee20ea33461) Importer(2089858483,192608db42251d675da83286b1cce702)
Start importing Assets/Asset/ithappy/Creative_Characters_FREE/Prefabs/Faces/Male_emotion_angry_003.prefab using Guid(f9821e37959e9bc4da8d0ee20ea33461) Importer(2089858483,192608db42251d675da83286b1cce702) (ScriptedImporter) -> (artifact id: '2c25e1356495af1368c178c01841108a') in 0.0180636 seconds
Number of updated asset objects reloaded before import = 0Number of asset objects unloaded after import = 198

========================================================================
Received Import Request.
  Time since last request: 0.000019 seconds.
  path: Assets/Asset/ithappy/Creative_Characters_FREE/Prefabs/Hairstyle Single/Hairstyle_Male_Single_006.prefab
  artifactKey: Guid(a0c5efb12c3a1944695bdbad32e1847d) Importer(2089858483,192608db42251d675da83286b1cce702)
Start importing Assets/Asset/ithappy/Creative_Characters_FREE/Prefabs/Hairstyle Single/Hairstyle_Male_Single_006.prefab using Guid(a0c5efb12c3a1944695bdbad32e1847d) Importer(2089858483,192608db42251d675da83286b1cce702) (ScriptedImporter) -> (artifact id: '848c915e97d1f8af112ebba1dde0d53b') in 0.0178651 seconds
Number of updated asset objects reloaded before import = 0Number of asset objects unloaded after import = 198

========================================================================
Received Import Request.
  Time since last request: 0.000019 seconds.
  path: Assets/Asset/ithappy/Creative_Characters_FREE/Scripts/Editor/MaterialManagement/MaterialPaths.cs
  artifactKey: Guid(dcdec3d40fc84864a9f14ccc7367a694) Importer(2089858483,192608db42251d675da83286b1cce702)
Start importing Assets/Asset/ithappy/Creative_Characters_FREE/Scripts/Editor/MaterialManagement/MaterialPaths.cs using Guid(dcdec3d40fc84864a9f14ccc7367a694) Importer(2089858483,192608db42251d675da83286b1cce702) (ScriptedImporter) -> (artifact id: 'b46027539456f8b10ff97af53a42cc0c') in 0.0118477 seconds
Number of updated asset objects reloaded before import = 0Number of asset objects unloaded after import = 0

========================================================================
Received Import Request.
  Time since last request: 0.000078 seconds.
  path: Assets/Asset/Old Sea Port/EffectExamples/FireExplosionEffects/Textures/SmokePuffParticleSheet.png
  artifactKey: Guid(d3c9883e2f0eef44f9241b6f8428f9fc) Importer(2089858483,192608db42251d675da83286b1cce702)
Start importing Assets/Asset/Old Sea Port/EffectExamples/FireExplosionEffects/Textures/SmokePuffParticleSheet.png using Guid(d3c9883e2f0eef44f9241b6f8428f9fc) Importer(2089858483,192608db42251d675da83286b1cce702) (ScriptedImporter) -> (artifact id: '88d3a4d31a81a961671f5023eb48b4f6') in 0.0211109 seconds
Number of updated asset objects reloaded before import = 0Number of asset objects unloaded after import = 1

========================================================================
Received Import Request.
  Time since last request: 0.000051 seconds.
  path: Assets/Asset/ithappy/Creative_Characters_FREE/Scripts/Editor/Randomizer/Steps/Impl/ShoesStep.cs
  artifactKey: Guid(10cfdcedf32c4647a6b2f6c62d9529c4) Importer(2089858483,192608db42251d675da83286b1cce702)
Start importing Assets/Asset/ithappy/Creative_Characters_FREE/Scripts/Editor/Randomizer/Steps/Impl/ShoesStep.cs using Guid(10cfdcedf32c4647a6b2f6c62d9529c4) Importer(2089858483,192608db42251d675da83286b1cce702) (ScriptedImporter) -> (artifact id: '42b9228786898726bdb096ca255d2c58') in 0.0116728 seconds
Number of updated asset objects reloaded before import = 0Number of asset objects unloaded after import = 0

========================================================================
Received Import Request.
  Time since last request: 0.000018 seconds.
  path: Assets/Asset/Old Sea Port/EffectExamples/Shared/Animation/Controllers/Gun.controller
  artifactKey: Guid(2be2206e6d3865742a99fd2f946e6378) Importer(2089858483,192608db42251d675da83286b1cce702)
Start importing Assets/Asset/Old Sea Port/EffectExamples/Shared/Animation/Controllers/Gun.controller using Guid(2be2206e6d3865742a99fd2f946e6378) Importer(2089858483,192608db42251d675da83286b1cce702) (ScriptedImporter) -> (artifact id: 'b5881509a652b247ad49bba3471797b0') in 0.0158103 seconds
Number of updated asset objects reloaded before import = 0Number of asset objects unloaded after import = 8

========================================================================
Received Import Request.
  Time since last request: 0.000019 seconds.
  path: Assets/Asset/Old Sea Port/EffectExamples/Shared/Sprites/UnityLogoSprite.tif
  artifactKey: Guid(cafbb0229cd09a44a929ded63df426cb) Importer(2089858483,192608db42251d675da83286b1cce702)
Start importing Assets/Asset/Old Sea Port/EffectExamples/Shared/Sprites/UnityLogoSprite.tif using Guid(cafbb0229cd09a44a929ded63df426cb) Importer(2089858483,192608db42251d675da83286b1cce702) (ScriptedImporter) -> (artifact id: 'efa3a44465541bbf5850aea5437638c7') in 0.0264054 seconds
Number of updated asset objects reloaded before import = 0Number of asset objects unloaded after import = 3

========================================================================
Received Import Request.
  Time since last request: 0.000034 seconds.
  path: Assets/Asset/Old Sea Port/EffectExamples/Shared/Textures/wood_tiled_02_n.tif
  artifactKey: Guid(43cfa3b308732c941a0fbb4334ecefcc) Importer(2089858483,192608db42251d675da83286b1cce702)
Start importing Assets/Asset/Old Sea Port/EffectExamples/Shared/Textures/wood_tiled_02_n.tif using Guid(43cfa3b308732c941a0fbb4334ecefcc) Importer(2089858483,192608db42251d675da83286b1cce702) (ScriptedImporter) -> (artifact id: '3c1e5213642934daee24eaf77563f7bf') in 0.0239818 seconds
Number of updated asset objects reloaded before import = 0Number of asset objects unloaded after import = 1

========================================================================
Received Import Request.
  Time since last request: 0.000062 seconds.
  path: Assets/Asset/Old Sea Port/EffectExamples/Shared/Scripts/GunShoot.cs
  artifactKey: Guid(422d8644426474cfd8b793ce3c107314) Importer(2089858483,192608db42251d675da83286b1cce702)
Start importing Assets/Asset/Old Sea Port/EffectExamples/Shared/Scripts/GunShoot.cs using Guid(422d8644426474cfd8b793ce3c107314) Importer(2089858483,192608db42251d675da83286b1cce702) (ScriptedImporter) -> (artifact id: '41f3bdc504a91dd51cc3e258bd6b4e84') in 0.014263 seconds
Number of updated asset objects reloaded before import = 0Number of asset objects unloaded after import = 0

========================================================================
Received Import Request.
  Time since last request: 0.000169 seconds.
  path: Assets/Asset/VertexModeler/LowpolyCactusPack/Scene/CactusScene/GlobalVolumeProfile.asset
  artifactKey: Guid(73703419f45d9954bb251624b905974e) Importer(2089858483,192608db42251d675da83286b1cce702)
Start importing Assets/Asset/VertexModeler/LowpolyCactusPack/Scene/CactusScene/GlobalVolumeProfile.asset using Guid(73703419f45d9954bb251624b905974e) Importer(2089858483,192608db42251d675da83286b1cce702) (ScriptedImporter) -> (artifact id: '42eb282cb6a88e05fd5c7d13521fa5ef') in 0.0138713 seconds
Number of updated asset objects reloaded before import = 0Number of asset objects unloaded after import = 1

========================================================================
Received Import Request.
  Time since last request: 0.000103 seconds.
  path: Assets/Asset/Old Sea Port/EffectExamples/Shared/Animation/Animations/GunIdle.anim
  artifactKey: Guid(1a8355c50c57ad748b5180c061c4f676) Importer(2089858483,192608db42251d675da83286b1cce702)
Start importing Assets/Asset/Old Sea Port/EffectExamples/Shared/Animation/Animations/GunIdle.anim using Guid(1a8355c50c57ad748b5180c061c4f676) Importer(2089858483,192608db42251d675da83286b1cce702) (ScriptedImporter) -> (artifact id: '08e6c53ef2fc65eae33ee04848ea8979') in 0.0142505 seconds
Number of updated asset objects reloaded before import = 0Number of asset objects unloaded after import = 1

========================================================================
Received Import Request.
  Time since last request: 0.000038 seconds.
  path: Assets/Asset/Old Sea Port/EffectExamples/Shared/Textures/CloudsNormals.tif
  artifactKey: Guid(8806362d7e9ad5141b23999ce01adc8c) Importer(2089858483,192608db42251d675da83286b1cce702)
Start importing Assets/Asset/Old Sea Port/EffectExamples/Shared/Textures/CloudsNormals.tif using Guid(8806362d7e9ad5141b23999ce01adc8c) Importer(2089858483,192608db42251d675da83286b1cce702) (ScriptedImporter) -> (artifact id: '52b12e2f2f2385625aeb81ffd93cfb90') in 0.0192303 seconds
Number of updated asset objects reloaded before import = 0Number of asset objects unloaded after import = 1

========================================================================
Received Import Request.
  Time since last request: 0.000016 seconds.
  path: Assets/Asset/Old Sea Port/EffectExamples/Shared/Prefabs/WaterFilled.prefab
  artifactKey: Guid(b3310980331fa134d82770127f640471) Importer(2089858483,192608db42251d675da83286b1cce702)
Start importing Assets/Asset/Old Sea Port/EffectExamples/Shared/Prefabs/WaterFilled.prefab using Guid(b3310980331fa134d82770127f640471) Importer(2089858483,192608db42251d675da83286b1cce702) (ScriptedImporter) -> (artifact id: '86f7153355e5cce630077c3b97d797b0') in 0.0174682 seconds
Number of updated asset objects reloaded before import = 0Number of asset objects unloaded after import = 14

========================================================================
Received Import Request.
  Time since last request: 0.000017 seconds.
  path: Assets/Asset/Old Sea Port/EffectExamples/FireExplosionEffects/Textures/FlameRoundGreyParticleSheet.tif
  artifactKey: Guid(aa0907451008d784b8ef5b1c0900465d) Importer(2089858483,192608db42251d675da83286b1cce702)
Start importing Assets/Asset/Old Sea Port/EffectExamples/FireExplosionEffects/Textures/FlameRoundGreyParticleSheet.tif using Guid(aa0907451008d784b8ef5b1c0900465d) Importer(2089858483,192608db42251d675da83286b1cce702) (ScriptedImporter) -> (artifact id: '51d7fa223100260f7a83f558932c119e') in 0.0186994 seconds
Number of updated asset objects reloaded before import = 0Number of asset objects unloaded after import = 1

========================================================================
Received Import Request.
  Time since last request: 0.000084 seconds.
  path: Assets/Asset/Old Sea Port/EffectExamples/Shared/Textures/wood_tiled_02_a.tif
  artifactKey: Guid(b81b746ea3b5a4f4ab92a152e3b0b01d) Importer(2089858483,192608db42251d675da83286b1cce702)
Start importing Assets/Asset/Old Sea Port/EffectExamples/Shared/Textures/wood_tiled_02_a.tif using Guid(b81b746ea3b5a4f4ab92a152e3b0b01d) Importer(2089858483,192608db42251d675da83286b1cce702) (ScriptedImporter) -> (artifact id: '8c0a2446b951a2dd9641565bab4bf526') in 0.0179574 seconds
Number of updated asset objects reloaded before import = 0Number of asset objects unloaded after import = 1

========================================================================
Received Import Request.
  Time since last request: 0.000041 seconds.
  path: Assets/Asset/Old Sea Port/EffectExamples/Shared/Materials/Background.mat
  artifactKey: Guid(0ae8aab4ae40e7741a636cf6e5136a55) Importer(2089858483,192608db42251d675da83286b1cce702)
Start importing Assets/Asset/Old Sea Port/EffectExamples/Shared/Materials/Background.mat using Guid(0ae8aab4ae40e7741a636cf6e5136a55) Importer(2089858483,192608db42251d675da83286b1cce702) (ScriptedImporter) -> (artifact id: 'd4b49878e22bdb86c05687fe444b8749') in 0.0160523 seconds
Number of updated asset objects reloaded before import = 0Number of asset objects unloaded after import = 2

========================================================================
Received Import Request.
  Time since last request: 0.000296 seconds.
  path: Assets/Asset/ithappy/Creative_Characters_FREE/Scripts/Editor/Character/SlotVariant.cs
  artifactKey: Guid(2cea17fb1a249944b8f64f0a431b340d) Importer(2089858483,192608db42251d675da83286b1cce702)
Start importing Assets/Asset/ithappy/Creative_Characters_FREE/Scripts/Editor/Character/SlotVariant.cs using Guid(2cea17fb1a249944b8f64f0a431b340d) Importer(2089858483,192608db42251d675da83286b1cce702) (ScriptedImporter) -> (artifact id: '1a583028382771ad2c1b9fec4a471432') in 0.0125242 seconds
Number of updated asset objects reloaded before import = 0Number of asset objects unloaded after import = 0

========================================================================
Received Import Request.
  Time since last request: 0.000091 seconds.
  path: Assets/Asset/ithappy/Creative_Characters_FREE/Scripts/Editor/Randomizer/Steps/Impl/GlovesStep.cs
  artifactKey: Guid(369aa049cb934312955bdfbcbfb0cf6c) Importer(2089858483,192608db42251d675da83286b1cce702)
Start importing Assets/Asset/ithappy/Creative_Characters_FREE/Scripts/Editor/Randomizer/Steps/Impl/GlovesStep.cs using Guid(369aa049cb934312955bdfbcbfb0cf6c) Importer(2089858483,192608db42251d675da83286b1cce702) (ScriptedImporter) -> (artifact id: '52ac78a683c6f112de38ba059a482d57') in 0.0136066 seconds
Number of updated asset objects reloaded before import = 0Number of asset objects unloaded after import = 0

========================================================================
Received Import Request.
  Time since last request: 0.000104 seconds.
  path: Assets/Asset/Old Sea Port/EffectExamples/FireExplosionEffects/Textures/LightningParticle.tif
  artifactKey: Guid(06e4a78c75e10c145a9156e32089ec9c) Importer(2089858483,192608db42251d675da83286b1cce702)
Start importing Assets/Asset/Old Sea Port/EffectExamples/FireExplosionEffects/Textures/LightningParticle.tif using Guid(06e4a78c75e10c145a9156e32089ec9c) Importer(2089858483,192608db42251d675da83286b1cce702) (ScriptedImporter) -> (artifact id: '2ccd64ed2c1f937225c489529a0200d2') in 0.0172589 seconds
Number of updated asset objects reloaded before import = 0Number of asset objects unloaded after import = 1

========================================================================
Received Import Request.
  Time since last request: 0.000048 seconds.
  path: Assets/Asset/ithappy/Creative_Characters_FREE/Prefabs/Outwear/Outwear_050.prefab
  artifactKey: Guid(ab7cd47b77eacee4eb4dde92506d6d41) Importer(2089858483,192608db42251d675da83286b1cce702)
Start importing Assets/Asset/ithappy/Creative_Characters_FREE/Prefabs/Outwear/Outwear_050.prefab using Guid(ab7cd47b77eacee4eb4dde92506d6d41) Importer(2089858483,192608db42251d675da83286b1cce702) (ScriptedImporter) -> (artifact id: 'ac29f8b6d9ee1e63f79a00b761f04e98') in 0.0154912 seconds
Number of updated asset objects reloaded before import = 0Number of asset objects unloaded after import = 198

========================================================================
Received Import Request.
  Time since last request: 0.000019 seconds.
  path: Assets/Asset/ithappy/Creative_Characters_FREE/Meshes/Hat Single/Hat_Single_008.fbx
  artifactKey: Guid(96f9061b735e1454c8444afd2c8cabb1) Importer(2089858483,192608db42251d675da83286b1cce702)
Start importing Assets/Asset/ithappy/Creative_Characters_FREE/Meshes/Hat Single/Hat_Single_008.fbx using Guid(96f9061b735e1454c8444afd2c8cabb1) Importer(2089858483,192608db42251d675da83286b1cce702) (ScriptedImporter) -> (artifact id: '85e385caf3287af93baacff2260d0d44') in 0.0213059 seconds
Number of updated asset objects reloaded before import = 0Number of asset objects unloaded after import = 100

========================================================================
Received Import Request.
  Time since last request: 0.000018 seconds.
  path: Assets/Asset/ithappy/Creative_Characters_FREE/Scripts/Editor/Randomizer/Steps/Impl/FaceAccessoriesStep.cs
  artifactKey: Guid(f44888e8146b4a57b11907b4ef3f6d22) Importer(2089858483,192608db42251d675da83286b1cce702)
Start importing Assets/Asset/ithappy/Creative_Characters_FREE/Scripts/Editor/Randomizer/Steps/Impl/FaceAccessoriesStep.cs using Guid(f44888e8146b4a57b11907b4ef3f6d22) Importer(2089858483,192608db42251d675da83286b1cce702) (ScriptedImporter) -> (artifact id: '3906e29f021d0d1516839c542cf0e11d') in 0.0138835 seconds
Number of updated asset objects reloaded before import = 0Number of asset objects unloaded after import = 0

========================================================================
Received Import Request.
  Time since last request: 0.000046 seconds.
  path: Assets/Asset/Old Sea Port/Skyboxes/Textures/Eerie/Eerie_right.tif
  artifactKey: Guid(67de91b5513a4d8489588fb65de75caa) Importer(2089858483,192608db42251d675da83286b1cce702)
Start importing Assets/Asset/Old Sea Port/Skyboxes/Textures/Eerie/Eerie_right.tif using Guid(67de91b5513a4d8489588fb65de75caa) Importer(2089858483,192608db42251d675da83286b1cce702) (ScriptedImporter) -> (artifact id: 'c8314a94d1f096ea8008fa8ac1c39a23') in 0.0243315 seconds
Number of updated asset objects reloaded before import = 0Number of asset objects unloaded after import = 1

========================================================================
Received Import Request.
  Time since last request: 0.000065 seconds.
  path: Assets/Asset/DuNguyn/Egypt Props Pack/Model/Egypt_Props/SM_O_Nen_v1_04.fbx
  artifactKey: Guid(c985dee1e5e62ef42ab8514d3007c802) Importer(2089858483,192608db42251d675da83286b1cce702)
Start importing Assets/Asset/DuNguyn/Egypt Props Pack/Model/Egypt_Props/SM_O_Nen_v1_04.fbx using Guid(c985dee1e5e62ef42ab8514d3007c802) Importer(2089858483,192608db42251d675da83286b1cce702) (ScriptedImporter) -> (artifact id: '7af7e7432a2df2b14d6625e8536158c5') in 0.0197855 seconds
Number of updated asset objects reloaded before import = 0Number of asset objects unloaded after import = 8

========================================================================
Received Import Request.
  Time since last request: 0.000017 seconds.
  path: Assets/Asset/ithappy/Creative_Characters_FREE/Animations/Animation_Controllers/Character_Movement.controller
  artifactKey: Guid(fac54571ff27f2b46b28cd6d82cd3c4c) Importer(2089858483,192608db42251d675da83286b1cce702)
Start importing Assets/Asset/ithappy/Creative_Characters_FREE/Animations/Animation_Controllers/Character_Movement.controller using Guid(fac54571ff27f2b46b28cd6d82cd3c4c) Importer(2089858483,192608db42251d675da83286b1cce702) (ScriptedImporter) -> (artifact id: 'd86e8cd41e13f6a70a2fd2be821c969b') in 0.0171767 seconds
Number of updated asset objects reloaded before import = 0Number of asset objects unloaded after import = 21

========================================================================
Received Import Request.
  Time since last request: 0.000020 seconds.
  path: Assets/Asset/Old Sea Port/EffectExamples/Shared/Textures/WoodAlbedo.tif
  artifactKey: Guid(3e8f2684da783fd4284f90bce28de4c5) Importer(2089858483,192608db42251d675da83286b1cce702)
Start importing Assets/Asset/Old Sea Port/EffectExamples/Shared/Textures/WoodAlbedo.tif using Guid(3e8f2684da783fd4284f90bce28de4c5) Importer(2089858483,192608db42251d675da83286b1cce702) (ScriptedImporter) -> (artifact id: 'a63b26633fbe729b030eec2e9aad4b35') in 0.0203772 seconds
Number of updated asset objects reloaded before import = 0Number of asset objects unloaded after import = 1

========================================================================
Received Import Request.
  Time since last request: 0.000058 seconds.
  path: Assets/Asset/ithappy/Creative_Characters_FREE/Scripts/Editor/Randomizer/Steps/Impl/HairstyleSingleStep.cs
  artifactKey: Guid(4dbf3a338f2e4959976c21ad98480d91) Importer(2089858483,192608db42251d675da83286b1cce702)
Start importing Assets/Asset/ithappy/Creative_Characters_FREE/Scripts/Editor/Randomizer/Steps/Impl/HairstyleSingleStep.cs using Guid(4dbf3a338f2e4959976c21ad98480d91) Importer(2089858483,192608db42251d675da83286b1cce702) (ScriptedImporter) -> (artifact id: '905caa55c9f27faa9e4de6d0d5623ce2') in 0.0125725 seconds
Number of updated asset objects reloaded before import = 0Number of asset objects unloaded after import = 0

========================================================================
Received Import Request.
  Time since last request: 0.000107 seconds.
  path: Assets/Asset/DuNguyn/Egypt Props Pack/Model/Evi/SM_Plane.fbx
  artifactKey: Guid(db3730cd4e5145c4f9189476de1c25bc) Importer(2089858483,192608db42251d675da83286b1cce702)
Start importing Assets/Asset/DuNguyn/Egypt Props Pack/Model/Evi/SM_Plane.fbx using Guid(db3730cd4e5145c4f9189476de1c25bc) Importer(2089858483,192608db42251d675da83286b1cce702) (ScriptedImporter) -> (artifact id: '984db00dd390e5cff739e2eb5431385e') in 0.0167753 seconds
Number of updated asset objects reloaded before import = 0Number of asset objects unloaded after import = 8

========================================================================
Received Import Request.
  Time since last request: 0.000017 seconds.
  path: Assets/Asset/ithappy/Creative_Characters_FREE/Animations/Other_Animations/Jump_Loop.anim
  artifactKey: Guid(01e7c5210856d604797dba8d0f416756) Importer(2089858483,192608db42251d675da83286b1cce702)
Start importing Assets/Asset/ithappy/Creative_Characters_FREE/Animations/Other_Animations/Jump_Loop.anim using Guid(01e7c5210856d604797dba8d0f416756) Importer(2089858483,192608db42251d675da83286b1cce702) (ScriptedImporter) -> (artifact id: '1e0abb11a97ef39441a4f64c1ce7c062') in 0.0158168 seconds
Number of updated asset objects reloaded before import = 0Number of asset objects unloaded after import = 1

========================================================================
Received Import Request.
  Time since last request: 0.000055 seconds.
  path: Assets/Asset/ithappy/Creative_Characters_FREE/Prefabs/Hat Single/Hat_Single_016.prefab
  artifactKey: Guid(2cbe172211afeab47bc71d1d209768fd) Importer(2089858483,192608db42251d675da83286b1cce702)
Start importing Assets/Asset/ithappy/Creative_Characters_FREE/Prefabs/Hat Single/Hat_Single_016.prefab using Guid(2cbe172211afeab47bc71d1d209768fd) Importer(2089858483,192608db42251d675da83286b1cce702) (ScriptedImporter) -> (artifact id: 'f43eb3ed6a26c21ca80e82bcdf654a95') in 0.0157696 seconds
Number of updated asset objects reloaded before import = 0Number of asset objects unloaded after import = 199

========================================================================
Received Import Request.
  Time since last request: 0.000020 seconds.
  path: Assets/Asset/Old Sea Port/EffectExamples/FireExplosionEffects/Prefabs/FlamesParticleEffect.prefab
  artifactKey: Guid(3228a22491941734bb83ad691d17fcb9) Importer(2089858483,192608db42251d675da83286b1cce702)
Start importing Assets/Asset/Old Sea Port/EffectExamples/FireExplosionEffects/Prefabs/FlamesParticleEffect.prefab using Guid(3228a22491941734bb83ad691d17fcb9) Importer(2089858483,192608db42251d675da83286b1cce702) (ScriptedImporter) -> (artifact id: '8e02f7f3f347f90c5d05928a8b9e9397') in 0.0681839 seconds
Number of updated asset objects reloaded before import = 0Number of asset objects unloaded after import = 14

========================================================================
Received Import Request.
  Time since last request: 0.000019 seconds.
  path: Assets/Asset/Old Sea Port/EffectExamples/Shared/Materials/SandSurface.mat
  artifactKey: Guid(26bc8648a85c6b041a5d5b00ca61062b) Importer(2089858483,192608db42251d675da83286b1cce702)
Start importing Assets/Asset/Old Sea Port/EffectExamples/Shared/Materials/SandSurface.mat using Guid(26bc8648a85c6b041a5d5b00ca61062b) Importer(2089858483,192608db42251d675da83286b1cce702) (ScriptedImporter) -> (artifact id: 'e295615759149f514b6d42cea9d9c9c0') in 0.0349634 seconds
Number of updated asset objects reloaded before import = 0Number of asset objects unloaded after import = 1

========================================================================
Received Import Request.
  Time since last request: 0.000046 seconds.
  path: Assets/Asset/Old Sea Port/EffectExamples/Shared/Prefabs/ParticlesLight.prefab
  artifactKey: Guid(fa35d75604d172d48b7a6b62a07c7dbf) Importer(2089858483,192608db42251d675da83286b1cce702)
Start importing Assets/Asset/Old Sea Port/EffectExamples/Shared/Prefabs/ParticlesLight.prefab using Guid(fa35d75604d172d48b7a6b62a07c7dbf) Importer(2089858483,192608db42251d675da83286b1cce702) (ScriptedImporter) -> (artifact id: 'af7a7c618ef9e02887ce3cd7bd58368f') in 0.026921 seconds
Number of updated asset objects reloaded before import = 0Number of asset objects unloaded after import = 5

========================================================================
Received Import Request.
  Time since last request: 0.000019 seconds.
  path: Assets/Asset/Old Sea Port/EffectExamples/Shared/Textures/WoodNormals.tif
  artifactKey: Guid(d6a42d710971e07418e30f9a047b65b6) Importer(2089858483,192608db42251d675da83286b1cce702)
Start importing Assets/Asset/Old Sea Port/EffectExamples/Shared/Textures/WoodNormals.tif using Guid(d6a42d710971e07418e30f9a047b65b6) Importer(2089858483,192608db42251d675da83286b1cce702) (ScriptedImporter) -> (artifact id: '77171be8507a1ddb08d807f9d6e2307e') in 0.0199423 seconds
Number of updated asset objects reloaded before import = 0Number of asset objects unloaded after import = 1

========================================================================
Received Prepare
Begin MonoManager ReloadAssembly
- Loaded All Assemblies, in  0.556 seconds
Refreshing native plugins compatible for Editor in 1.09 ms, found 3 plugins.
Native extension for Android target not found
Native extension for WindowsStandalone target not found
Mono: successfully reloaded assembly
- Finished resetting the current domain, in  0.644 seconds
Domain Reload Profiling: 1201ms
	BeginReloadAssembly (183ms)
		ExecutionOrderSort (0ms)
		DisableScriptedObjects (5ms)
		BackupInstance (0ms)
		ReleaseScriptingObjects (0ms)
		CreateAndSetChildDomain (45ms)
	RebuildCommonClasses (32ms)
	RebuildNativeTypeToScriptingClass (11ms)
	initialDomainReloadingComplete (21ms)
	LoadAllAssembliesAndSetupDomain (309ms)
		LoadAssemblies (273ms)
		RebuildTransferFunctionScriptingTraits (0ms)
		AnalyzeDomain (135ms)
			TypeCache.Refresh (8ms)
				TypeCache.ScanAssembly (0ms)
			BuildScriptInfoCaches (119ms)
			ResolveRequiredComponents (4ms)
	FinalizeReload (645ms)
		ReleaseScriptCaches (0ms)
		RebuildScriptCaches (0ms)
		SetupLoadedEditorAssemblies (533ms)
			LogAssemblyErrors (0ms)
			InitializePlatformSupportModulesInManaged (10ms)
			SetLoadedEditorAssemblies (3ms)
			BeforeProcessingInitializeOnLoad (77ms)
			ProcessInitializeOnLoadAttributes (418ms)
			ProcessInitializeOnLoadMethodAttributes (20ms)
			AfterProcessingInitializeOnLoad (3ms)
			EditorAssembliesLoaded (0ms)
		ExecutionOrderSort2 (0ms)
		AwakeInstancesAfterBackupRestoration (4ms)
Refreshing native plugins compatible for Editor in 1.10 ms, found 3 plugins.
Preloading 0 native plugins for Editor in 0.00 ms.
Unloading 1 Unused Serialized files (Serialized files now loaded: 0)
Unloading 3782 unused Assets / (1.5 MB). Loaded Objects now: 4310.
Memory consumption went from 101.2 MB to 99.7 MB.
Total: 8.936500 ms (FindLiveObjects: 0.440100 ms CreateObjectMapping: 0.567500 ms MarkObjects: 5.881000 ms  DeleteObjects: 2.046200 ms)

Prepare: number of updated asset objects reloaded= 0
Editor requested this worker to shutdown with reason: Scaling down because of idle timeout
AssetImportWorker is now disconnected from the server
Process exiting
Exiting without the bug reporter. Application will terminate with return code 0