Using pre-set license
Built from '6000.0/release' branch; Version is '6000.0.45f1 (d91bd3d4e081) revision 14228435'; Using compiler version '193933523'; Build Type 'Release'
OS: 'Windows 11  (10.0.26100) 64bit Core' Language: 'ko' Physical Memory: 32478 MB
BatchMode: 1, IsHumanControllingUs: 0, StartBugReporterOnCrash: 0, Is64bit: 1, IsPro: 1

COMMAND LINE ARGUMENTS:
C:\Program Files\Unity\Hub\Editor\6000.0.45f1\Editor\Unity.exe
-adb2
-batchMode
-noUpm
-name
AssetImportWorker4
-projectPath
C:/Users/User/Documents/GitHub/Nature-Snap/Nature Snap
-logFile
Logs/AssetImportWorker4.log
-srvPort
56944
-job-worker-count
7
-background-job-worker-count
8
-gc-helper-count
1
Successfully changed project path to: C:/Users/User/Documents/GitHub/Nature-Snap/Nature Snap
C:/Users/User/Documents/GitHub/Nature-Snap/Nature Snap
[UnityMemory] Configuration Parameters - Can be set up in boot.config
    "memorysetup-bucket-allocator-granularity=16"
    "memorysetup-bucket-allocator-bucket-count=8"
    "memorysetup-bucket-allocator-block-size=33554432"
    "memorysetup-bucket-allocator-block-count=8"
    "memorysetup-main-allocator-block-size=16777216"
    "memorysetup-thread-allocator-block-size=16777216"
    "memorysetup-gfx-main-allocator-block-size=16777216"
    "memorysetup-gfx-thread-allocator-block-size=16777216"
    "memorysetup-cache-allocator-block-size=4194304"
    "memorysetup-typetree-allocator-block-size=2097152"
    "memorysetup-profiler-bucket-allocator-granularity=16"
    "memorysetup-profiler-bucket-allocator-bucket-count=8"
    "memorysetup-profiler-bucket-allocator-block-size=33554432"
    "memorysetup-profiler-bucket-allocator-block-count=8"
    "memorysetup-profiler-allocator-block-size=16777216"
    "memorysetup-profiler-editor-allocator-block-size=1048576"
    "memorysetup-temp-allocator-size-main=16777216"
    "memorysetup-job-temp-allocator-block-size=2097152"
    "memorysetup-job-temp-allocator-block-size-background=1048576"
    "memorysetup-job-temp-allocator-reduction-small-platforms=262144"
    "memorysetup-allocator-temp-initial-block-size-main=262144"
    "memorysetup-allocator-temp-initial-block-size-worker=262144"
    "memorysetup-temp-allocator-size-background-worker=32768"
    "memorysetup-temp-allocator-size-job-worker=262144"
    "memorysetup-temp-allocator-size-preload-manager=33554432"
    "memorysetup-temp-allocator-size-nav-mesh-worker=65536"
    "memorysetup-temp-allocator-size-audio-worker=65536"
    "memorysetup-temp-allocator-size-cloud-worker=32768"
    "memorysetup-temp-allocator-size-gi-baking-worker=262144"
    "memorysetup-temp-allocator-size-gi-baking-worker=262144"
    "memorysetup-temp-allocator-size-gi-baking-worker=262144"
    "memorysetup-temp-allocator-size-gi-baking-worker=262144"
    "memorysetup-temp-allocator-size-gi-baking-worker=262144"
    "memorysetup-temp-allocator-size-gfx=262144"
Player connection [26980]  Target information:

Player connection [26980]  * "[IP] 192.168.55.144 [Port] 0 [Flags] 2 [Guid] 2491045024 [EditorId] 2491045024 [Version] 1048832 [Id] WindowsEditor(7,DESKTOP-K84KLPJ) [Debug] 1 [PackageName] WindowsEditor [ProjectName] Editor" 

Player connection [26980] Host joined multi-casting on [225.0.0.222:54997]...
Player connection [26980] Host joined alternative multi-casting on [225.0.0.222:34997]...
JobSystem: Creating JobQueue using job-worker-count value 7
Input System module state changed to: Initialized.
[Physics::Module] Initialized fallback backend.
[Physics::Module] Id: 0xdecafbad
Library Redirect Path: Library/
[Physics::Module] Selected backend.
[Physics::Module] Name: PhysX
[Physics::Module] Id: 0xf2b8ea05
[Physics::Module] SDK Version: 4.1.2
[Physics::Module] Integration Version: 1.0.0
[Physics::Module] Threading Mode: Multi-Threaded
Refreshing native plugins compatible for Editor in 1.43 ms, found 3 plugins.
Preloading 0 native plugins for Editor in 0.00 ms.
Initialize engine version: 6000.0.45f1 (d91bd3d4e081)
[Subsystems] Discovering subsystems at path C:/Program Files/Unity/Hub/Editor/6000.0.45f1/Editor/Data/Resources/UnitySubsystems
[Subsystems] Discovering subsystems at path C:/Users/User/Documents/GitHub/Nature-Snap/Nature Snap/Assets
GfxDevice: creating device client; kGfxThreadingModeNonThreaded
Direct3D:
    Version:  Direct3D 11.0 [level 11.1]
    Renderer: NVIDIA GeForce RTX 4060 (ID=0x2882)
    Vendor:   NVIDIA
    VRAM:     7957 MB
    Driver:   32.0.15.7602
Initialize mono
Mono path[0] = 'C:/Program Files/Unity/Hub/Editor/6000.0.45f1/Editor/Data/Managed'
Mono path[1] = 'C:/Program Files/Unity/Hub/Editor/6000.0.45f1/Editor/Data/MonoBleedingEdge/lib/mono/unityjit-win32'
Mono config path = 'C:/Program Files/Unity/Hub/Editor/6000.0.45f1/Editor/Data/MonoBleedingEdge/etc'
Using monoOptions --debugger-agent=transport=dt_socket,embedding=1,server=y,suspend=n,address=127.0.0.1:56496
Begin MonoManager ReloadAssembly
Registering precompiled unity dll's ...
Register platform support module: C:/Program Files/Unity/Hub/Editor/6000.0.45f1/Editor/Data/PlaybackEngines/WindowsStandaloneSupport/UnityEditor.WindowsStandalone.Extensions.dll
Register platform support module: C:/Program Files/Unity/Hub/Editor/6000.0.45f1/Editor/Data/PlaybackEngines/AndroidPlayer/UnityEditor.Android.Extensions.dll
Registered in 0.002623 seconds.
- Loaded All Assemblies, in  0.323 seconds
Native extension for Android target not found
Android Extension - Scanning For ADB Devices 204 ms
Native extension for WindowsStandalone target not found
Mono: successfully reloaded assembly
- Finished resetting the current domain, in  0.501 seconds
Domain Reload Profiling: 823ms
	BeginReloadAssembly (109ms)
		ExecutionOrderSort (0ms)
		DisableScriptedObjects (0ms)
		BackupInstance (0ms)
		ReleaseScriptingObjects (0ms)
		CreateAndSetChildDomain (1ms)
	RebuildCommonClasses (32ms)
	RebuildNativeTypeToScriptingClass (9ms)
	initialDomainReloadingComplete (41ms)
	LoadAllAssembliesAndSetupDomain (130ms)
		LoadAssemblies (108ms)
		RebuildTransferFunctionScriptingTraits (0ms)
		AnalyzeDomain (127ms)
			TypeCache.Refresh (125ms)
				TypeCache.ScanAssembly (114ms)
			BuildScriptInfoCaches (0ms)
			ResolveRequiredComponents (0ms)
	FinalizeReload (502ms)
		ReleaseScriptCaches (0ms)
		RebuildScriptCaches (0ms)
		SetupLoadedEditorAssemblies (467ms)
			LogAssemblyErrors (0ms)
			InitializePlatformSupportModulesInManaged (279ms)
			SetLoadedEditorAssemblies (4ms)
			BeforeProcessingInitializeOnLoad (42ms)
			ProcessInitializeOnLoadAttributes (95ms)
			ProcessInitializeOnLoadMethodAttributes (48ms)
			AfterProcessingInitializeOnLoad (0ms)
			EditorAssembliesLoaded (0ms)
		ExecutionOrderSort2 (0ms)
		AwakeInstancesAfterBackupRestoration (0ms)
========================================================================
Worker process is ready to serve import requests
Import Worker Mode flag is 0x00
Begin MonoManager ReloadAssembly
- Loaded All Assemblies, in  0.543 seconds
Refreshing native plugins compatible for Editor in 0.65 ms, found 3 plugins.
Native extension for Android target not found
Native extension for WindowsStandalone target not found
Mono: successfully reloaded assembly
- Finished resetting the current domain, in  0.608 seconds
Domain Reload Profiling: 1149ms
	BeginReloadAssembly (138ms)
		ExecutionOrderSort (0ms)
		DisableScriptedObjects (5ms)
		BackupInstance (0ms)
		ReleaseScriptingObjects (0ms)
		CreateAndSetChildDomain (24ms)
	RebuildCommonClasses (27ms)
	RebuildNativeTypeToScriptingClass (9ms)
	initialDomainReloadingComplete (28ms)
	LoadAllAssembliesAndSetupDomain (339ms)
		LoadAssemblies (258ms)
		RebuildTransferFunctionScriptingTraits (0ms)
		AnalyzeDomain (163ms)
			TypeCache.Refresh (131ms)
				TypeCache.ScanAssembly (118ms)
			BuildScriptInfoCaches (25ms)
			ResolveRequiredComponents (4ms)
	FinalizeReload (608ms)
		ReleaseScriptCaches (0ms)
		RebuildScriptCaches (0ms)
		SetupLoadedEditorAssemblies (516ms)
			LogAssemblyErrors (0ms)
			InitializePlatformSupportModulesInManaged (11ms)
			SetLoadedEditorAssemblies (3ms)
			BeforeProcessingInitializeOnLoad (68ms)
			ProcessInitializeOnLoadAttributes (409ms)
			ProcessInitializeOnLoadMethodAttributes (22ms)
			AfterProcessingInitializeOnLoad (3ms)
			EditorAssembliesLoaded (0ms)
		ExecutionOrderSort2 (0ms)
		AwakeInstancesAfterBackupRestoration (4ms)
Launched and connected shader compiler UnityShaderCompiler.exe after 0.02 seconds
Refreshing native plugins compatible for Editor in 1.37 ms, found 3 plugins.
Preloading 0 native plugins for Editor in 0.00 ms.
Unloading 14 Unused Serialized files (Serialized files now loaded: 0)
Unloading 3780 unused Assets / (1.2 MB). Loaded Objects now: 4297.
Memory consumption went from 100.9 MB to 99.7 MB.
Total: 7.880000 ms (FindLiveObjects: 0.402900 ms CreateObjectMapping: 0.536600 ms MarkObjects: 5.629000 ms  DeleteObjects: 1.309900 ms)

========================================================================
Received Import Request.
  Time since last request: 13129.436636 seconds.
  path: Assets/Asset/Free Low Poly Desert Pack/Materials/Shaders
  artifactKey: Guid(6d7c1e33f724d07429fd8370725ac530) Importer(815301076,1909f56bfc062723c751e8b465ee728b)
Start importing Assets/Asset/Free Low Poly Desert Pack/Materials/Shaders using Guid(6d7c1e33f724d07429fd8370725ac530) Importer(815301076,1909f56bfc062723c751e8b465ee728b) (PreviewImporter) -> (artifact id: 'b696a509f9bdcf46700a799a0920f046') in 0.0050772 seconds
Number of updated asset objects reloaded before import = 0Number of asset objects unloaded after import = 0

========================================================================
Received Import Request.
  Time since last request: 1.923717 seconds.
  path: Assets/Asset/Free Low Poly Desert Pack/Materials/Texture
  artifactKey: Guid(e63f5747a3596754383e11d5569f480e) Importer(815301076,1909f56bfc062723c751e8b465ee728b)
Start importing Assets/Asset/Free Low Poly Desert Pack/Materials/Texture using Guid(e63f5747a3596754383e11d5569f480e) Importer(815301076,1909f56bfc062723c751e8b465ee728b) (PreviewImporter) -> (artifact id: '9adc31199c723e22f49c81c65c36fc9a') in 0.000572 seconds
Number of updated asset objects reloaded before import = 0Number of asset objects unloaded after import = 0

========================================================================
Received Import Request.
  Time since last request: 0.072889 seconds.
  path: Assets/Asset/Free Low Poly Desert Pack/Materials/Texture/Colors.png
  artifactKey: Guid(d304cb8c02935cc4e95da09e55425841) Importer(815301076,1909f56bfc062723c751e8b465ee728b)
Start importing Assets/Asset/Free Low Poly Desert Pack/Materials/Texture/Colors.png using Guid(d304cb8c02935cc4e95da09e55425841) Importer(815301076,1909f56bfc062723c751e8b465ee728b) (PreviewImporter) -> (artifact id: '7c219adf356f3083562fa1e08f6891d1') in 0.0655307 seconds
Number of updated asset objects reloaded before import = 0Number of asset objects unloaded after import = 2

========================================================================
Received Import Request.
  Time since last request: 85.190558 seconds.
  path: Assets/Asset/DuNguyn
  artifactKey: Guid(4211565666dd0af40aec3f4e692edc3d) Importer(815301076,1909f56bfc062723c751e8b465ee728b)
Start importing Assets/Asset/DuNguyn using Guid(4211565666dd0af40aec3f4e692edc3d) Importer(815301076,1909f56bfc062723c751e8b465ee728b) (PreviewImporter) -> (artifact id: '4aeb6eedcb8c3b386427b95b722557fd') in 0.0006094 seconds
Number of updated asset objects reloaded before import = 0Number of asset objects unloaded after import = 0

========================================================================
Received Import Request.
  Time since last request: 1.296584 seconds.
  path: Assets/Asset/DuNguyn/Egypt Props Pack
  artifactKey: Guid(15e2af3f0f30ba0488dc51506ae3cfc4) Importer(815301076,1909f56bfc062723c751e8b465ee728b)
Start importing Assets/Asset/DuNguyn/Egypt Props Pack using Guid(15e2af3f0f30ba0488dc51506ae3cfc4) Importer(815301076,1909f56bfc062723c751e8b465ee728b) (PreviewImporter) -> (artifact id: '1ef0613b7c99c4423c7542fe4578f927') in 0.0004612 seconds
Number of updated asset objects reloaded before import = 0Number of asset objects unloaded after import = 0

========================================================================
Received Import Request.
  Time since last request: 1.645964 seconds.
  path: Assets/Asset/DuNguyn/Egypt Props Pack/Prefabs
  artifactKey: Guid(1e1761df28bf0bd4e8f1612e97bb7f5f) Importer(815301076,1909f56bfc062723c751e8b465ee728b)
Start importing Assets/Asset/DuNguyn/Egypt Props Pack/Prefabs using Guid(1e1761df28bf0bd4e8f1612e97bb7f5f) Importer(815301076,1909f56bfc062723c751e8b465ee728b) (PreviewImporter) -> (artifact id: '4d5f0a5c1d89ba93b5f9bd8b46624fdd') in 0.0006051 seconds
Number of updated asset objects reloaded before import = 0Number of asset objects unloaded after import = 0

========================================================================
Received Import Request.
  Time since last request: 0.068677 seconds.
  path: Assets/Asset/DuNguyn/Egypt Props Pack/Prefabs/SM_Da_01.prefab
  artifactKey: Guid(a79931c02fcb8a546b51a8c99b9dc7c1) Importer(815301076,1909f56bfc062723c751e8b465ee728b)
Start importing Assets/Asset/DuNguyn/Egypt Props Pack/Prefabs/SM_Da_01.prefab using Guid(a79931c02fcb8a546b51a8c99b9dc7c1) Importer(815301076,1909f56bfc062723c751e8b465ee728b) (PreviewImporter) -> (artifact id: '248691bca8b0ab567c43a6bcbc183397') in 0.0892164 seconds
Number of updated asset objects reloaded before import = 0Number of asset objects unloaded after import = 10

========================================================================
Received Import Request.
  Time since last request: 0.000022 seconds.
  path: Assets/Asset/DuNguyn/Egypt Props Pack/Prefabs/SM_O_Nen_v2_06.prefab
  artifactKey: Guid(fb281a23561c1be4c80d6847fbf12bc7) Importer(815301076,1909f56bfc062723c751e8b465ee728b)
Start importing Assets/Asset/DuNguyn/Egypt Props Pack/Prefabs/SM_O_Nen_v2_06.prefab using Guid(fb281a23561c1be4c80d6847fbf12bc7) Importer(815301076,1909f56bfc062723c751e8b465ee728b) (PreviewImporter) -> (artifact id: 'da61bbd4db931a8761461b630dcd25e5') in 0.020677 seconds
Number of updated asset objects reloaded before import = 0Number of asset objects unloaded after import = 10

========================================================================
Received Import Request.
  Time since last request: 0.000020 seconds.
  path: Assets/Asset/DuNguyn/Egypt Props Pack/Prefabs/SM_Plane.prefab
  artifactKey: Guid(5a9a8701a625d3343a6ac6e4f48445ed) Importer(815301076,1909f56bfc062723c751e8b465ee728b)
Start importing Assets/Asset/DuNguyn/Egypt Props Pack/Prefabs/SM_Plane.prefab using Guid(5a9a8701a625d3343a6ac6e4f48445ed) Importer(815301076,1909f56bfc062723c751e8b465ee728b) (PreviewImporter) -> (artifact id: '01b329ecf3a38d56a5b3686dae965b38') in 0.0245819 seconds
Number of updated asset objects reloaded before import = 0Number of asset objects unloaded after import = 9

========================================================================
Received Import Request.
  Time since last request: 0.000021 seconds.
  path: Assets/Asset/DuNguyn/Egypt Props Pack/Prefabs/SM_O_Nen_v2_07.prefab
  artifactKey: Guid(5095955f92cea0d44b5ac3c33bdf888a) Importer(815301076,1909f56bfc062723c751e8b465ee728b)
Start importing Assets/Asset/DuNguyn/Egypt Props Pack/Prefabs/SM_O_Nen_v2_07.prefab using Guid(5095955f92cea0d44b5ac3c33bdf888a) Importer(815301076,1909f56bfc062723c751e8b465ee728b) (PreviewImporter) -> (artifact id: 'fabcf3bc0c230ea1dcc3e946feb0f9d0') in 0.0175014 seconds
Number of updated asset objects reloaded before import = 0Number of asset objects unloaded after import = 10

========================================================================
Received Import Request.
  Time since last request: 0.000024 seconds.
  path: Assets/Asset/DuNguyn/Egypt Props Pack/Prefabs/SM_O_Nen_v2_10.prefab
  artifactKey: Guid(e1d90b23beea5904a96a2820153a57f3) Importer(815301076,1909f56bfc062723c751e8b465ee728b)
Start importing Assets/Asset/DuNguyn/Egypt Props Pack/Prefabs/SM_O_Nen_v2_10.prefab using Guid(e1d90b23beea5904a96a2820153a57f3) Importer(815301076,1909f56bfc062723c751e8b465ee728b) (PreviewImporter) -> (artifact id: 'adf705c58c6c577c3d8c0f1b68347954') in 0.0239274 seconds
Number of updated asset objects reloaded before import = 0Number of asset objects unloaded after import = 10

========================================================================
Received Import Request.
  Time since last request: 0.000022 seconds.
  path: Assets/Asset/DuNguyn/Egypt Props Pack/Prefabs/SM_O_Nen_v2_05.prefab
  artifactKey: Guid(4e5f7cfef50612844b756e30bbea94c8) Importer(815301076,1909f56bfc062723c751e8b465ee728b)
Start importing Assets/Asset/DuNguyn/Egypt Props Pack/Prefabs/SM_O_Nen_v2_05.prefab using Guid(4e5f7cfef50612844b756e30bbea94c8) Importer(815301076,1909f56bfc062723c751e8b465ee728b) (PreviewImporter) -> (artifact id: '2f80b5901064462ca920ba373cbd5d89') in 0.0176082 seconds
Number of updated asset objects reloaded before import = 0Number of asset objects unloaded after import = 10

========================================================================
Received Import Request.
  Time since last request: 0.000017 seconds.
  path: Assets/Asset/DuNguyn/Egypt Props Pack/Prefabs/SM_O_Nen_v2_09.prefab
  artifactKey: Guid(c7ba582c60b8e2844929fc26b499ef5f) Importer(815301076,1909f56bfc062723c751e8b465ee728b)
Start importing Assets/Asset/DuNguyn/Egypt Props Pack/Prefabs/SM_O_Nen_v2_09.prefab using Guid(c7ba582c60b8e2844929fc26b499ef5f) Importer(815301076,1909f56bfc062723c751e8b465ee728b) (PreviewImporter) -> (artifact id: '82c8c0260e2ec97518dad9a760c4abd0') in 0.0165435 seconds
Number of updated asset objects reloaded before import = 0Number of asset objects unloaded after import = 10

========================================================================
Received Import Request.
  Time since last request: 0.000016 seconds.
  path: Assets/Asset/DuNguyn/Egypt Props Pack/Prefabs/SM_O_Nen_v3_01.prefab
  artifactKey: Guid(9df07dbbd2b52c8479eb003e2a411cab) Importer(815301076,1909f56bfc062723c751e8b465ee728b)
Start importing Assets/Asset/DuNguyn/Egypt Props Pack/Prefabs/SM_O_Nen_v3_01.prefab using Guid(9df07dbbd2b52c8479eb003e2a411cab) Importer(815301076,1909f56bfc062723c751e8b465ee728b) (PreviewImporter) -> (artifact id: '17c8aad1fb2b52b561a160adc656d0fd') in 0.0180873 seconds
Number of updated asset objects reloaded before import = 0Number of asset objects unloaded after import = 10

========================================================================
Received Import Request.
  Time since last request: 0.000022 seconds.
  path: Assets/Asset/DuNguyn/Egypt Props Pack/Prefabs/SM_O_Nen_v1_03.prefab
  artifactKey: Guid(b5fae6b5787c4fc49a2b8c4f60192cdb) Importer(815301076,1909f56bfc062723c751e8b465ee728b)
Start importing Assets/Asset/DuNguyn/Egypt Props Pack/Prefabs/SM_O_Nen_v1_03.prefab using Guid(b5fae6b5787c4fc49a2b8c4f60192cdb) Importer(815301076,1909f56bfc062723c751e8b465ee728b) (PreviewImporter) -> (artifact id: '2876d674cc77f09b56c9dd4883b7b89b') in 0.0153546 seconds
Number of updated asset objects reloaded before import = 0Number of asset objects unloaded after import = 10

========================================================================
Received Import Request.
  Time since last request: 0.000017 seconds.
  path: Assets/Asset/DuNguyn/Egypt Props Pack/Prefabs/SM_Tru_01.prefab
  artifactKey: Guid(956816109c1f43643ab9571a7644dc21) Importer(815301076,1909f56bfc062723c751e8b465ee728b)
Start importing Assets/Asset/DuNguyn/Egypt Props Pack/Prefabs/SM_Tru_01.prefab using Guid(956816109c1f43643ab9571a7644dc21) Importer(815301076,1909f56bfc062723c751e8b465ee728b) (PreviewImporter) -> (artifact id: 'a8550999865e808a90bb2eb3c60b3095') in 0.0160311 seconds
Number of updated asset objects reloaded before import = 0Number of asset objects unloaded after import = 10

========================================================================
Received Import Request.
  Time since last request: 0.000020 seconds.
  path: Assets/Asset/DuNguyn/Egypt Props Pack/Prefabs/SM_Da_03.prefab
  artifactKey: Guid(a242b1989253ad94c82e5d20a2889ccb) Importer(815301076,1909f56bfc062723c751e8b465ee728b)
Start importing Assets/Asset/DuNguyn/Egypt Props Pack/Prefabs/SM_Da_03.prefab using Guid(a242b1989253ad94c82e5d20a2889ccb) Importer(815301076,1909f56bfc062723c751e8b465ee728b) (PreviewImporter) -> (artifact id: '149d51f2db9fadbf53e454738455cebd') in 0.0161264 seconds
Number of updated asset objects reloaded before import = 0Number of asset objects unloaded after import = 10

========================================================================
Received Import Request.
  Time since last request: 0.000016 seconds.
  path: Assets/Asset/DuNguyn/Egypt Props Pack/Prefabs/SM_NhaPhu_02.prefab
  artifactKey: Guid(fdb6a282f807eb545a1198f1e44bf038) Importer(815301076,1909f56bfc062723c751e8b465ee728b)
Start importing Assets/Asset/DuNguyn/Egypt Props Pack/Prefabs/SM_NhaPhu_02.prefab using Guid(fdb6a282f807eb545a1198f1e44bf038) Importer(815301076,1909f56bfc062723c751e8b465ee728b) (PreviewImporter) -> (artifact id: '032d048d20933be837ac94a1beddca07') in 0.015637 seconds
Number of updated asset objects reloaded before import = 0Number of asset objects unloaded after import = 10

========================================================================
Received Import Request.
  Time since last request: 0.000018 seconds.
  path: Assets/Asset/DuNguyn/Egypt Props Pack/Prefabs/SM_O_Nen_v2_08.prefab
  artifactKey: Guid(885dbef34b99d7d498fd1ac2e7016808) Importer(815301076,1909f56bfc062723c751e8b465ee728b)
Start importing Assets/Asset/DuNguyn/Egypt Props Pack/Prefabs/SM_O_Nen_v2_08.prefab using Guid(885dbef34b99d7d498fd1ac2e7016808) Importer(815301076,1909f56bfc062723c751e8b465ee728b) (PreviewImporter) -> (artifact id: 'f8ff8e3255763145ca64fe9fe703a1a9') in 0.0157901 seconds
Number of updated asset objects reloaded before import = 0Number of asset objects unloaded after import = 10

========================================================================
Received Import Request.
  Time since last request: 0.000018 seconds.
  path: Assets/Asset/DuNguyn/Egypt Props Pack/Prefabs/SM_Da_07.prefab
  artifactKey: Guid(c457b7bb303108d40a12e53ed406a2ab) Importer(815301076,1909f56bfc062723c751e8b465ee728b)
Start importing Assets/Asset/DuNguyn/Egypt Props Pack/Prefabs/SM_Da_07.prefab using Guid(c457b7bb303108d40a12e53ed406a2ab) Importer(815301076,1909f56bfc062723c751e8b465ee728b) (PreviewImporter) -> (artifact id: '70d8df9f7a5fa399d0213d82db3e3a6d') in 0.0158435 seconds
Number of updated asset objects reloaded before import = 0Number of asset objects unloaded after import = 10

========================================================================
Received Import Request.
  Time since last request: 0.000014 seconds.
  path: Assets/Asset/DuNguyn/Egypt Props Pack/Prefabs/SM_SkyBox.prefab
  artifactKey: Guid(ce1fce6cb12b82941afe1a8da34c4392) Importer(815301076,1909f56bfc062723c751e8b465ee728b)
Start importing Assets/Asset/DuNguyn/Egypt Props Pack/Prefabs/SM_SkyBox.prefab using Guid(ce1fce6cb12b82941afe1a8da34c4392) Importer(815301076,1909f56bfc062723c751e8b465ee728b) (PreviewImporter) -> (artifact id: '0c10ff33d6c2b6d2ddf2f784853cc7a3') in 0.0147629 seconds
Number of updated asset objects reloaded before import = 0Number of asset objects unloaded after import = 8

========================================================================
Received Import Request.
  Time since last request: 0.000018 seconds.
  path: Assets/Asset/DuNguyn/Egypt Props Pack/Prefabs/SM_NhaPhu_01.prefab
  artifactKey: Guid(1efc0a90cc8487f468beceeac529bec6) Importer(815301076,1909f56bfc062723c751e8b465ee728b)
Start importing Assets/Asset/DuNguyn/Egypt Props Pack/Prefabs/SM_NhaPhu_01.prefab using Guid(1efc0a90cc8487f468beceeac529bec6) Importer(815301076,1909f56bfc062723c751e8b465ee728b) (PreviewImporter) -> (artifact id: '83a616b40093644ebb3e4d73a26292e2') in 0.0156323 seconds
Number of updated asset objects reloaded before import = 0Number of asset objects unloaded after import = 10

========================================================================
Received Import Request.
  Time since last request: 0.000016 seconds.
  path: Assets/Asset/DuNguyn/Egypt Props Pack/Prefabs/SM_O_Nen_v2_03.prefab
  artifactKey: Guid(849c88931bfe0d24bab21e04c32bd5e2) Importer(815301076,1909f56bfc062723c751e8b465ee728b)
Start importing Assets/Asset/DuNguyn/Egypt Props Pack/Prefabs/SM_O_Nen_v2_03.prefab using Guid(849c88931bfe0d24bab21e04c32bd5e2) Importer(815301076,1909f56bfc062723c751e8b465ee728b) (PreviewImporter) -> (artifact id: 'ccd789b0166ada53954b4a4794b90cc6') in 0.0157655 seconds
Number of updated asset objects reloaded before import = 0Number of asset objects unloaded after import = 10

========================================================================
Received Import Request.
  Time since last request: 0.000023 seconds.
  path: Assets/Asset/DuNguyn/Egypt Props Pack/Prefabs/SM_Tru_02.prefab
  artifactKey: Guid(a0e5f7f60747a8840aac0a960a6de6cd) Importer(815301076,1909f56bfc062723c751e8b465ee728b)
Start importing Assets/Asset/DuNguyn/Egypt Props Pack/Prefabs/SM_Tru_02.prefab using Guid(a0e5f7f60747a8840aac0a960a6de6cd) Importer(815301076,1909f56bfc062723c751e8b465ee728b) (PreviewImporter) -> (artifact id: '45697ceb8ba2348ad07c60779d910d09') in 0.0162394 seconds
Number of updated asset objects reloaded before import = 0Number of asset objects unloaded after import = 10

========================================================================
Received Import Request.
  Time since last request: 0.000025 seconds.
  path: Assets/Asset/DuNguyn/Egypt Props Pack/Prefabs/SM_O_Nen_v2_04.prefab
  artifactKey: Guid(4945416a31ce9cf428d851e1a819d757) Importer(815301076,1909f56bfc062723c751e8b465ee728b)
Start importing Assets/Asset/DuNguyn/Egypt Props Pack/Prefabs/SM_O_Nen_v2_04.prefab using Guid(4945416a31ce9cf428d851e1a819d757) Importer(815301076,1909f56bfc062723c751e8b465ee728b) (PreviewImporter) -> (artifact id: '7fbc0166a8b5a0e0d4004ad9ef6db19b') in 0.017336 seconds
Number of updated asset objects reloaded before import = 0Number of asset objects unloaded after import = 10

========================================================================
Received Import Request.
  Time since last request: 0.000021 seconds.
  path: Assets/Asset/DuNguyn/Egypt Props Pack/Prefabs/SM_Da_06.prefab
  artifactKey: Guid(ed30291e10e6fcb45993aec651b4f5e6) Importer(815301076,1909f56bfc062723c751e8b465ee728b)
Start importing Assets/Asset/DuNguyn/Egypt Props Pack/Prefabs/SM_Da_06.prefab using Guid(ed30291e10e6fcb45993aec651b4f5e6) Importer(815301076,1909f56bfc062723c751e8b465ee728b) (PreviewImporter) -> (artifact id: '1f881d6570f2ce6bb32d1c5f2da7079e') in 0.0165826 seconds
Number of updated asset objects reloaded before import = 0Number of asset objects unloaded after import = 10

========================================================================
Received Import Request.
  Time since last request: 0.000027 seconds.
  path: Assets/Asset/DuNguyn/Egypt Props Pack/Prefabs/SM_Nha_03.prefab
  artifactKey: Guid(0a9c676e4031bf64895e6d990ca35fc2) Importer(815301076,1909f56bfc062723c751e8b465ee728b)
Start importing Assets/Asset/DuNguyn/Egypt Props Pack/Prefabs/SM_Nha_03.prefab using Guid(0a9c676e4031bf64895e6d990ca35fc2) Importer(815301076,1909f56bfc062723c751e8b465ee728b) (PreviewImporter) -> (artifact id: 'd3651d49d5ef3a7a57150d2be6372abe') in 0.0229635 seconds
Number of updated asset objects reloaded before import = 0Number of asset objects unloaded after import = 10

========================================================================
Received Import Request.
  Time since last request: 3.702792 seconds.
  path: Assets/Asset/DuNguyn/Egypt Props Pack/Materials
  artifactKey: Guid(0ff9e68def154cd40a608f40780fd7b5) Importer(815301076,1909f56bfc062723c751e8b465ee728b)
Start importing Assets/Asset/DuNguyn/Egypt Props Pack/Materials using Guid(0ff9e68def154cd40a608f40780fd7b5) Importer(815301076,1909f56bfc062723c751e8b465ee728b) (PreviewImporter) -> (artifact id: 'dee4551f12c606cb3453cb2e685544a8') in 0.0005392 seconds
Number of updated asset objects reloaded before import = 0Number of asset objects unloaded after import = 0

========================================================================
Received Import Request.
  Time since last request: 0.069660 seconds.
  path: Assets/Asset/DuNguyn/Egypt Props Pack/Materials/NhaChinh_Meo_M.mat
  artifactKey: Guid(8e1c6b5fe8e1b894faf9bece3225e691) Importer(815301076,1909f56bfc062723c751e8b465ee728b)
Start importing Assets/Asset/DuNguyn/Egypt Props Pack/Materials/NhaChinh_Meo_M.mat using Guid(8e1c6b5fe8e1b894faf9bece3225e691) Importer(815301076,1909f56bfc062723c751e8b465ee728b) (PreviewImporter) -> (artifact id: '8bc1ca0842f4847261e2ff551d469abe') in 0.0477363 seconds
Number of updated asset objects reloaded before import = 0Number of asset objects unloaded after import = 3

========================================================================
Received Import Request.
  Time since last request: 0.000042 seconds.
  path: Assets/Asset/DuNguyn/Egypt Props Pack/Materials/NhaPhu_Nha_M.mat
  artifactKey: Guid(a23d916832397bc428fbfc2a5ebc722a) Importer(815301076,1909f56bfc062723c751e8b465ee728b)
Start importing Assets/Asset/DuNguyn/Egypt Props Pack/Materials/NhaPhu_Nha_M.mat using Guid(a23d916832397bc428fbfc2a5ebc722a) Importer(815301076,1909f56bfc062723c751e8b465ee728b) (PreviewImporter) -> (artifact id: '1f2d9b6337ab53e0b0685a846e6649a2') in 0.0116758 seconds
Number of updated asset objects reloaded before import = 0Number of asset objects unloaded after import = 3

========================================================================
Received Import Request.
  Time since last request: 0.000271 seconds.
  path: Assets/Asset/DuNguyn/Egypt Props Pack/Materials/Plane_M.mat
  artifactKey: Guid(827325723d03b244887cff22c6f6ff63) Importer(815301076,1909f56bfc062723c751e8b465ee728b)
Start importing Assets/Asset/DuNguyn/Egypt Props Pack/Materials/Plane_M.mat using Guid(827325723d03b244887cff22c6f6ff63) Importer(815301076,1909f56bfc062723c751e8b465ee728b) (PreviewImporter) -> (artifact id: 'e73ac4288e1ce7996bdc810a8885ac11') in 0.0062362 seconds
Number of updated asset objects reloaded before import = 0Number of asset objects unloaded after import = 2

Editor requested this worker to shutdown with reason: Scaling down because of idle timeout
AssetImportWorker is now disconnected from the server
Process exiting
Exiting without the bug reporter. Application will terminate with return code 0