Using pre-set license
Built from '6000.0/release' branch; Version is '6000.0.45f1 (d91bd3d4e081) revision 14228435'; Using compiler version '193933523'; Build Type 'Release'
OS: 'Windows 10  (10.0.19045) 64bit Professional' Language: 'ko' Physical Memory: 16158 MB
BatchMode: 1, IsHumanControllingUs: 0, StartBugReporterOnCrash: 0, Is64bit: 1, IsPro: 1

COMMAND LINE ARGUMENTS:
C:\Program Files\Unity\Hub\Editor\6000.0.45f1\Editor\Unity.exe
-adb2
-batchMode
-noUpm
-name
AssetImportWorker3
-projectPath
D:/git/Nature-Snap/Nature Snap
-logFile
Logs/AssetImportWorker3.log
-srvPort
63110
-job-worker-count
5
-background-job-worker-count
8
-gc-helper-count
1
Successfully changed project path to: D:/git/Nature-Snap/Nature Snap
D:/git/Nature-Snap/Nature Snap
[UnityMemory] Configuration Parameters - Can be set up in boot.config
    "memorysetup-bucket-allocator-granularity=16"
    "memorysetup-bucket-allocator-bucket-count=8"
    "memorysetup-bucket-allocator-block-size=33554432"
    "memorysetup-bucket-allocator-block-count=8"
    "memorysetup-main-allocator-block-size=16777216"
    "memorysetup-thread-allocator-block-size=16777216"
    "memorysetup-gfx-main-allocator-block-size=16777216"
    "memorysetup-gfx-thread-allocator-block-size=16777216"
    "memorysetup-cache-allocator-block-size=4194304"
    "memorysetup-typetree-allocator-block-size=2097152"
    "memorysetup-profiler-bucket-allocator-granularity=16"
    "memorysetup-profiler-bucket-allocator-bucket-count=8"
    "memorysetup-profiler-bucket-allocator-block-size=33554432"
    "memorysetup-profiler-bucket-allocator-block-count=8"
    "memorysetup-profiler-allocator-block-size=16777216"
    "memorysetup-profiler-editor-allocator-block-size=1048576"
    "memorysetup-temp-allocator-size-main=16777216"
    "memorysetup-job-temp-allocator-block-size=2097152"
    "memorysetup-job-temp-allocator-block-size-background=1048576"
    "memorysetup-job-temp-allocator-reduction-small-platforms=262144"
    "memorysetup-allocator-temp-initial-block-size-main=262144"
    "memorysetup-allocator-temp-initial-block-size-worker=262144"
    "memorysetup-temp-allocator-size-background-worker=32768"
    "memorysetup-temp-allocator-size-job-worker=262144"
    "memorysetup-temp-allocator-size-preload-manager=33554432"
    "memorysetup-temp-allocator-size-nav-mesh-worker=65536"
    "memorysetup-temp-allocator-size-audio-worker=65536"
    "memorysetup-temp-allocator-size-cloud-worker=32768"
    "memorysetup-temp-allocator-size-gi-baking-worker=262144"
    "memorysetup-temp-allocator-size-gi-baking-worker=262144"
    "memorysetup-temp-allocator-size-gi-baking-worker=262144"
    "memorysetup-temp-allocator-size-gi-baking-worker=262144"
    "memorysetup-temp-allocator-size-gi-baking-worker=262144"
    "memorysetup-temp-allocator-size-gfx=262144"
Player connection [1352]  Target information:

Player connection [1352]  * "[IP] 172.16.17.123 [Port] 0 [Flags] 2 [Guid] 2186300269 [EditorId] 2186300269 [Version] 1048832 [Id] WindowsEditor(7,DESKTOP-8N3IBEB) [Debug] 1 [PackageName] WindowsEditor [ProjectName] Editor" 

Player connection [1352] Host joined multi-casting on [225.0.0.222:54997]...
Player connection [1352] Host joined alternative multi-casting on [225.0.0.222:34997]...
JobSystem: Creating JobQueue using job-worker-count value 5
Input System module state changed to: Initialized.
[Physics::Module] Initialized fallback backend.
[Physics::Module] Id: 0xdecafbad
Library Redirect Path: Library/
[Physics::Module] Selected backend.
[Physics::Module] Name: PhysX
[Physics::Module] Id: 0xf2b8ea05
[Physics::Module] SDK Version: 4.1.2
[Physics::Module] Integration Version: 1.0.0
[Physics::Module] Threading Mode: Multi-Threaded
Refreshing native plugins compatible for Editor in 1.96 ms, found 3 plugins.
Preloading 0 native plugins for Editor in 0.00 ms.
Initialize engine version: 6000.0.45f1 (d91bd3d4e081)
[Subsystems] Discovering subsystems at path C:/Program Files/Unity/Hub/Editor/6000.0.45f1/Editor/Data/Resources/UnitySubsystems
[Subsystems] Discovering subsystems at path D:/git/Nature-Snap/Nature Snap/Assets
GfxDevice: creating device client; kGfxThreadingModeNonThreaded
Direct3D:
    Version:  Direct3D 11.0 [level 11.1]
    Renderer: NVIDIA GeForce RTX 3060 (ID=0x2504)
    Vendor:   NVIDIA
    VRAM:     12115 MB
    Driver:   32.0.15.6094
Initialize mono
Mono path[0] = 'C:/Program Files/Unity/Hub/Editor/6000.0.45f1/Editor/Data/Managed'
Mono path[1] = 'C:/Program Files/Unity/Hub/Editor/6000.0.45f1/Editor/Data/MonoBleedingEdge/lib/mono/unityjit-win32'
Mono config path = 'C:/Program Files/Unity/Hub/Editor/6000.0.45f1/Editor/Data/MonoBleedingEdge/etc'
Using monoOptions --debugger-agent=transport=dt_socket,embedding=1,server=y,suspend=n,address=127.0.0.1:56348
Begin MonoManager ReloadAssembly
Registering precompiled unity dll's ...
Register platform support module: C:/Program Files/Unity/Hub/Editor/6000.0.45f1/Editor/Data/PlaybackEngines/WindowsStandaloneSupport/UnityEditor.WindowsStandalone.Extensions.dll
Registered in 0.005601 seconds.
- Loaded All Assemblies, in  0.459 seconds
Native extension for WindowsStandalone target not found
Mono: successfully reloaded assembly
- Finished resetting the current domain, in  0.374 seconds
Domain Reload Profiling: 826ms
	BeginReloadAssembly (176ms)
		ExecutionOrderSort (0ms)
		DisableScriptedObjects (0ms)
		BackupInstance (0ms)
		ReleaseScriptingObjects (0ms)
		CreateAndSetChildDomain (1ms)
	RebuildCommonClasses (39ms)
	RebuildNativeTypeToScriptingClass (10ms)
	initialDomainReloadingComplete (58ms)
	LoadAllAssembliesAndSetupDomain (167ms)
		LoadAssemblies (165ms)
		RebuildTransferFunctionScriptingTraits (0ms)
		AnalyzeDomain (164ms)
			TypeCache.Refresh (162ms)
				TypeCache.ScanAssembly (144ms)
			BuildScriptInfoCaches (0ms)
			ResolveRequiredComponents (1ms)
	FinalizeReload (375ms)
		ReleaseScriptCaches (0ms)
		RebuildScriptCaches (0ms)
		SetupLoadedEditorAssemblies (328ms)
			LogAssemblyErrors (0ms)
			InitializePlatformSupportModulesInManaged (32ms)
			SetLoadedEditorAssemblies (5ms)
			BeforeProcessingInitializeOnLoad (59ms)
			ProcessInitializeOnLoadAttributes (170ms)
			ProcessInitializeOnLoadMethodAttributes (62ms)
			AfterProcessingInitializeOnLoad (0ms)
			EditorAssembliesLoaded (0ms)
		ExecutionOrderSort2 (0ms)
		AwakeInstancesAfterBackupRestoration (0ms)
========================================================================
Worker process is ready to serve import requests
Import Worker Mode flag is 0x00
Begin MonoManager ReloadAssembly
- Loaded All Assemblies, in  0.853 seconds
Refreshing native plugins compatible for Editor in 1.48 ms, found 3 plugins.
Native extension for WindowsStandalone target not found
Mono: successfully reloaded assembly
- Finished resetting the current domain, in  0.661 seconds
Domain Reload Profiling: 1505ms
	BeginReloadAssembly (241ms)
		ExecutionOrderSort (0ms)
		DisableScriptedObjects (5ms)
		BackupInstance (0ms)
		ReleaseScriptingObjects (0ms)
		CreateAndSetChildDomain (29ms)
	RebuildCommonClasses (40ms)
	RebuildNativeTypeToScriptingClass (18ms)
	initialDomainReloadingComplete (106ms)
	LoadAllAssembliesAndSetupDomain (439ms)
		LoadAssemblies (380ms)
		RebuildTransferFunctionScriptingTraits (0ms)
		AnalyzeDomain (210ms)
			TypeCache.Refresh (168ms)
				TypeCache.ScanAssembly (152ms)
			BuildScriptInfoCaches (33ms)
			ResolveRequiredComponents (6ms)
	FinalizeReload (661ms)
		ReleaseScriptCaches (0ms)
		RebuildScriptCaches (0ms)
		SetupLoadedEditorAssemblies (515ms)
			LogAssemblyErrors (0ms)
			InitializePlatformSupportModulesInManaged (4ms)
			SetLoadedEditorAssemblies (4ms)
			BeforeProcessingInitializeOnLoad (114ms)
			ProcessInitializeOnLoadAttributes (347ms)
			ProcessInitializeOnLoadMethodAttributes (29ms)
			AfterProcessingInitializeOnLoad (17ms)
			EditorAssembliesLoaded (0ms)
		ExecutionOrderSort2 (0ms)
		AwakeInstancesAfterBackupRestoration (14ms)
Launched and connected shader compiler UnityShaderCompiler.exe after 0.02 seconds
Refreshing native plugins compatible for Editor in 1.48 ms, found 3 plugins.
Preloading 0 native plugins for Editor in 0.00 ms.
Unloading 13 Unused Serialized files (Serialized files now loaded: 0)
Unloading 3712 unused Assets / (1.3 MB). Loaded Objects now: 4224.
Memory consumption went from 99.3 MB to 98.0 MB.
Total: 7.254100 ms (FindLiveObjects: 0.365300 ms CreateObjectMapping: 0.474300 ms MarkObjects: 4.927000 ms  DeleteObjects: 1.486400 ms)

========================================================================
Received Import Request.
  Time since last request: 2222.326283 seconds.
  path: Assets/Assets/Lowpoly Forest Pack Winter/Prefabs/Winter Cave.prefab
  artifactKey: Guid(c993c73f4d46bd44f8da39688b7e9250) Importer(815301076,1909f56bfc062723c751e8b465ee728b)
Start importing Assets/Assets/Lowpoly Forest Pack Winter/Prefabs/Winter Cave.prefab using Guid(c993c73f4d46bd44f8da39688b7e9250) Importer(815301076,1909f56bfc062723c751e8b465ee728b) (PreviewImporter) -> (artifact id: 'd22100e0e0f1f327cd285f578715fba1') in 0.2843459 seconds
Number of updated asset objects reloaded before import = 0Number of asset objects unloaded after import = 243

========================================================================
Received Import Request.
  Time since last request: 0.000028 seconds.
  path: Assets/Assets/Lowpoly Forest Pack Winter/Prefabs/Winter Pine Tree 1.prefab
  artifactKey: Guid(02392c8ccbd380247b6066a73eb5209b) Importer(815301076,1909f56bfc062723c751e8b465ee728b)
Start importing Assets/Assets/Lowpoly Forest Pack Winter/Prefabs/Winter Pine Tree 1.prefab using Guid(02392c8ccbd380247b6066a73eb5209b) Importer(815301076,1909f56bfc062723c751e8b465ee728b) (PreviewImporter) -> (artifact id: '23e9a73c6d33c285e1b6bbc7655b067e') in 0.0394479 seconds
Number of updated asset objects reloaded before import = 0Number of asset objects unloaded after import = 243

========================================================================
Received Import Request.
  Time since last request: 0.000035 seconds.
  path: Assets/Assets/Lowpoly Forest Pack Winter/Prefabs/Winter Round Tree 1.prefab
  artifactKey: Guid(a332ef284c637b94c8be3d8d59c66486) Importer(815301076,1909f56bfc062723c751e8b465ee728b)
Start importing Assets/Assets/Lowpoly Forest Pack Winter/Prefabs/Winter Round Tree 1.prefab using Guid(a332ef284c637b94c8be3d8d59c66486) Importer(815301076,1909f56bfc062723c751e8b465ee728b) (PreviewImporter) -> (artifact id: '70a9f6c56cfa44e6f22e322e956bcebc') in 0.0274888 seconds
Number of updated asset objects reloaded before import = 0Number of asset objects unloaded after import = 243

========================================================================
Received Import Request.
  Time since last request: 0.000023 seconds.
  path: Assets/Assets/Lowpoly Forest Pack Winter/Prefabs/Chest.Lid.prefab
  artifactKey: Guid(70704ddec6bf2c543b7008ab52a9006d) Importer(815301076,1909f56bfc062723c751e8b465ee728b)
Start importing Assets/Assets/Lowpoly Forest Pack Winter/Prefabs/Chest.Lid.prefab using Guid(70704ddec6bf2c543b7008ab52a9006d) Importer(815301076,1909f56bfc062723c751e8b465ee728b) (PreviewImporter) -> (artifact id: '0972962a05d5bab9ccc1ff5b41ede52b') in 0.0202891 seconds
Number of updated asset objects reloaded before import = 0Number of asset objects unloaded after import = 243

========================================================================
Received Import Request.
  Time since last request: 0.000018 seconds.
  path: Assets/Assets/Lowpoly Forest Pack Winter/Prefabs/Winter Round Tree 3.prefab
  artifactKey: Guid(42f86f59e220e414990af522be5fc0e3) Importer(815301076,1909f56bfc062723c751e8b465ee728b)
Start importing Assets/Assets/Lowpoly Forest Pack Winter/Prefabs/Winter Round Tree 3.prefab using Guid(42f86f59e220e414990af522be5fc0e3) Importer(815301076,1909f56bfc062723c751e8b465ee728b) (PreviewImporter) -> (artifact id: 'b71d9e697b2c71b383d14ea9fac56afa') in 0.0335403 seconds
Number of updated asset objects reloaded before import = 0Number of asset objects unloaded after import = 243

========================================================================
Received Import Request.
  Time since last request: 0.000017 seconds.
  path: Assets/Assets/Lowpoly Forest Pack Winter/Prefabs/Winter Cliff 3.prefab
  artifactKey: Guid(cf65a66ef06adf74db640e9cd93ed80b) Importer(815301076,1909f56bfc062723c751e8b465ee728b)
Start importing Assets/Assets/Lowpoly Forest Pack Winter/Prefabs/Winter Cliff 3.prefab using Guid(cf65a66ef06adf74db640e9cd93ed80b) Importer(815301076,1909f56bfc062723c751e8b465ee728b) (PreviewImporter) -> (artifact id: '2793eda7f3a61a55679509bbff81f15e') in 0.0955535 seconds
Number of updated asset objects reloaded before import = 0Number of asset objects unloaded after import = 243

========================================================================
Received Import Request.
  Time since last request: 0.000019 seconds.
  path: Assets/Assets/Lowpoly Forest Pack Winter/Prefabs/Walk Through Rock.prefab
  artifactKey: Guid(84341ba01d3794b489f61a2f3e636394) Importer(815301076,1909f56bfc062723c751e8b465ee728b)
Start importing Assets/Assets/Lowpoly Forest Pack Winter/Prefabs/Walk Through Rock.prefab using Guid(84341ba01d3794b489f61a2f3e636394) Importer(815301076,1909f56bfc062723c751e8b465ee728b) (PreviewImporter) -> (artifact id: 'f2803339e61f21ca5ae5e0adf4336cfc') in 0.0688043 seconds
Number of updated asset objects reloaded before import = 0Number of asset objects unloaded after import = 243

========================================================================
Received Import Request.
  Time since last request: 0.000029 seconds.
  path: Assets/Assets/Lowpoly Forest Pack Winter/Prefabs/Winter Rock 2.prefab
  artifactKey: Guid(5b08ca81f48f2bb4fa4e61e9b8b5eb19) Importer(815301076,1909f56bfc062723c751e8b465ee728b)
Start importing Assets/Assets/Lowpoly Forest Pack Winter/Prefabs/Winter Rock 2.prefab using Guid(5b08ca81f48f2bb4fa4e61e9b8b5eb19) Importer(815301076,1909f56bfc062723c751e8b465ee728b) (PreviewImporter) -> (artifact id: 'c08c8f7de50b650b8f8eb75c8a897f6e') in 0.0391673 seconds
Number of updated asset objects reloaded before import = 0Number of asset objects unloaded after import = 243

========================================================================
Received Import Request.
  Time since last request: 0.000018 seconds.
  path: Assets/Assets/Lowpoly Forest Pack Winter/Prefabs/Chest.prefab
  artifactKey: Guid(d4637f9d345a88144acd84e4f414ba08) Importer(815301076,1909f56bfc062723c751e8b465ee728b)
Start importing Assets/Assets/Lowpoly Forest Pack Winter/Prefabs/Chest.prefab using Guid(d4637f9d345a88144acd84e4f414ba08) Importer(815301076,1909f56bfc062723c751e8b465ee728b) (PreviewImporter) -> (artifact id: '512fc2498bf57a2f352917f9b4abcdd6') in 0.0814089 seconds
Number of updated asset objects reloaded before import = 0Number of asset objects unloaded after import = 243

========================================================================
Received Import Request.
  Time since last request: 0.000019 seconds.
  path: Assets/Assets/Lowpoly Forest Pack Winter/Prefabs/Water Well.prefab
  artifactKey: Guid(c288b9e9dd9d8164cbd0b8c3aecb02e9) Importer(815301076,1909f56bfc062723c751e8b465ee728b)
Start importing Assets/Assets/Lowpoly Forest Pack Winter/Prefabs/Water Well.prefab using Guid(c288b9e9dd9d8164cbd0b8c3aecb02e9) Importer(815301076,1909f56bfc062723c751e8b465ee728b) (PreviewImporter) -> (artifact id: '9d9be73b1d018c8e1f5fc23a11280b7c') in 0.0860219 seconds
Number of updated asset objects reloaded before import = 0Number of asset objects unloaded after import = 243

========================================================================
Received Import Request.
  Time since last request: 7.203134 seconds.
  path: Assets/Assets/Lowpoly Forest Pack Winter/Prefabs/Winter Pine Tree 4.prefab
  artifactKey: Guid(3baa12ad422f7614299673cc8202de8b) Importer(815301076,1909f56bfc062723c751e8b465ee728b)
Start importing Assets/Assets/Lowpoly Forest Pack Winter/Prefabs/Winter Pine Tree 4.prefab using Guid(3baa12ad422f7614299673cc8202de8b) Importer(815301076,1909f56bfc062723c751e8b465ee728b) (PreviewImporter) -> (artifact id: 'c74726d309b4fcacb08f7ab747233a31') in 0.0145123 seconds
Number of updated asset objects reloaded before import = 0Number of asset objects unloaded after import = 244

========================================================================
Received Import Request.
  Time since last request: 13.893456 seconds.
  path: Assets/Assets/Lowpoly Forest Pack Winter/Prefabs/Cylinder.049.prefab
  artifactKey: Guid(7c8c9908aa1f952438b328d29b27e00c) Importer(815301076,1909f56bfc062723c751e8b465ee728b)
Start importing Assets/Assets/Lowpoly Forest Pack Winter/Prefabs/Cylinder.049.prefab using Guid(7c8c9908aa1f952438b328d29b27e00c) Importer(815301076,1909f56bfc062723c751e8b465ee728b) (PreviewImporter) -> (artifact id: '731694d546b098f0b771bb4ec9e6bbae') in 0.0424656 seconds
Number of updated asset objects reloaded before import = 0Number of asset objects unloaded after import = 244

========================================================================
Received Import Request.
  Time since last request: 0.000020 seconds.
  path: Assets/Assets/Lowpoly Forest Pack Winter/Prefabs/Winter Cave.prefab
  artifactKey: Guid(c993c73f4d46bd44f8da39688b7e9250) Importer(815301076,1909f56bfc062723c751e8b465ee728b)
Start importing Assets/Assets/Lowpoly Forest Pack Winter/Prefabs/Winter Cave.prefab using Guid(c993c73f4d46bd44f8da39688b7e9250) Importer(815301076,1909f56bfc062723c751e8b465ee728b) (PreviewImporter) -> (artifact id: '9ab849560e6a5d7875da9f3e34cfbac9') in 0.0103007 seconds
Number of updated asset objects reloaded before import = 0Number of asset objects unloaded after import = 244

========================================================================
Received Import Request.
  Time since last request: 0.000024 seconds.
  path: Assets/Assets/Lowpoly Forest Pack Winter/Prefabs/Sign Post.prefab
  artifactKey: Guid(1255157e0357f974da560a578344a022) Importer(815301076,1909f56bfc062723c751e8b465ee728b)
Start importing Assets/Assets/Lowpoly Forest Pack Winter/Prefabs/Sign Post.prefab using Guid(1255157e0357f974da560a578344a022) Importer(815301076,1909f56bfc062723c751e8b465ee728b) (PreviewImporter) -> (artifact id: '465d120c79dd55665fda961212f75649') in 0.0378104 seconds
Number of updated asset objects reloaded before import = 0Number of asset objects unloaded after import = 244

========================================================================
Received Import Request.
  Time since last request: 0.000022 seconds.
  path: Assets/Assets/Lowpoly Forest Pack Winter/Prefabs/Winter Round Tree 1.prefab
  artifactKey: Guid(a332ef284c637b94c8be3d8d59c66486) Importer(815301076,1909f56bfc062723c751e8b465ee728b)
Start importing Assets/Assets/Lowpoly Forest Pack Winter/Prefabs/Winter Round Tree 1.prefab using Guid(a332ef284c637b94c8be3d8d59c66486) Importer(815301076,1909f56bfc062723c751e8b465ee728b) (PreviewImporter) -> (artifact id: '06fa98837b7682e3570a5c3975c68337') in 0.0117897 seconds
Number of updated asset objects reloaded before import = 0Number of asset objects unloaded after import = 244

========================================================================
Received Import Request.
  Time since last request: 0.000022 seconds.
  path: Assets/Assets/Lowpoly Forest Pack Winter/Prefabs/Winter Dead Standing Tree 1.prefab
  artifactKey: Guid(7ccb909e7a171dd45a77f7d8373ff413) Importer(815301076,1909f56bfc062723c751e8b465ee728b)
Start importing Assets/Assets/Lowpoly Forest Pack Winter/Prefabs/Winter Dead Standing Tree 1.prefab using Guid(7ccb909e7a171dd45a77f7d8373ff413) Importer(815301076,1909f56bfc062723c751e8b465ee728b) (PreviewImporter) -> (artifact id: '77a317d425b778c1fca0b84041a34ecd') in 0.0165493 seconds
Number of updated asset objects reloaded before import = 0Number of asset objects unloaded after import = 244

========================================================================
Received Import Request.
  Time since last request: 0.000030 seconds.
  path: Assets/Assets/Lowpoly Forest Pack Winter/Prefabs/Winter Low Cliff 2.prefab
  artifactKey: Guid(e0565594ee8cb73469477cbef1dbf5e4) Importer(815301076,1909f56bfc062723c751e8b465ee728b)
Start importing Assets/Assets/Lowpoly Forest Pack Winter/Prefabs/Winter Low Cliff 2.prefab using Guid(e0565594ee8cb73469477cbef1dbf5e4) Importer(815301076,1909f56bfc062723c751e8b465ee728b) (PreviewImporter) -> (artifact id: '5c6934df9c20d8a53d51191258f9e217') in 0.0265519 seconds
Number of updated asset objects reloaded before import = 0Number of asset objects unloaded after import = 244

========================================================================
Received Import Request.
  Time since last request: 0.000019 seconds.
  path: Assets/Assets/Lowpoly Forest Pack Winter/Prefabs/Fence Post 1.prefab
  artifactKey: Guid(070963f95cb43504da89de5fee36b0ba) Importer(815301076,1909f56bfc062723c751e8b465ee728b)
Start importing Assets/Assets/Lowpoly Forest Pack Winter/Prefabs/Fence Post 1.prefab using Guid(070963f95cb43504da89de5fee36b0ba) Importer(815301076,1909f56bfc062723c751e8b465ee728b) (PreviewImporter) -> (artifact id: '9a7644022e0335df4cdd6d6219dc6c31') in 0.0125644 seconds
Number of updated asset objects reloaded before import = 0Number of asset objects unloaded after import = 244

========================================================================
Received Import Request.
  Time since last request: 0.000017 seconds.
  path: Assets/Assets/Lowpoly Forest Pack Winter/Prefabs/Winter Grass 1.prefab
  artifactKey: Guid(9d4d83e75ce6ff04d868225a2fcc7fcd) Importer(815301076,1909f56bfc062723c751e8b465ee728b)
Start importing Assets/Assets/Lowpoly Forest Pack Winter/Prefabs/Winter Grass 1.prefab using Guid(9d4d83e75ce6ff04d868225a2fcc7fcd) Importer(815301076,1909f56bfc062723c751e8b465ee728b) (PreviewImporter) -> (artifact id: '1152be338b1efadb9f25cbe86e107b9e') in 0.0150656 seconds
Number of updated asset objects reloaded before import = 0Number of asset objects unloaded after import = 244

========================================================================
Received Import Request.
  Time since last request: 0.000019 seconds.
  path: Assets/Assets/Lowpoly Forest Pack Winter/Prefabs/Winter Tree Stump 1.prefab
  artifactKey: Guid(85db8400d4b8ec640ae6b810595c90e8) Importer(815301076,1909f56bfc062723c751e8b465ee728b)
Start importing Assets/Assets/Lowpoly Forest Pack Winter/Prefabs/Winter Tree Stump 1.prefab using Guid(85db8400d4b8ec640ae6b810595c90e8) Importer(815301076,1909f56bfc062723c751e8b465ee728b) (PreviewImporter) -> (artifact id: 'aeb364733624152b840cc047c179302d') in 0.0109623 seconds
Number of updated asset objects reloaded before import = 0Number of asset objects unloaded after import = 244

========================================================================
Received Import Request.
  Time since last request: 0.000018 seconds.
  path: Assets/Assets/Lowpoly Forest Pack Winter/Prefabs/Winter Pine Tree 3.prefab
  artifactKey: Guid(c78c919bddc999441b9240e095cd3b3b) Importer(815301076,1909f56bfc062723c751e8b465ee728b)
Start importing Assets/Assets/Lowpoly Forest Pack Winter/Prefabs/Winter Pine Tree 3.prefab using Guid(c78c919bddc999441b9240e095cd3b3b) Importer(815301076,1909f56bfc062723c751e8b465ee728b) (PreviewImporter) -> (artifact id: 'eea6dfea75f03c89e3537c5c006f6e53') in 0.0100773 seconds
Number of updated asset objects reloaded before import = 0Number of asset objects unloaded after import = 245

========================================================================
Received Import Request.
  Time since last request: 29.165178 seconds.
  path: Assets/Assets/Wooden House In The Snow/Prefabs/LampPost.prefab
  artifactKey: Guid(d5e3e07b325bd744b91f805ce2283b3c) Importer(815301076,1909f56bfc062723c751e8b465ee728b)
Start importing Assets/Assets/Wooden House In The Snow/Prefabs/LampPost.prefab using Guid(d5e3e07b325bd744b91f805ce2283b3c) Importer(815301076,1909f56bfc062723c751e8b465ee728b) (PreviewImporter) -> (artifact id: '62cd5125a887c7fc3a92196954923f5a') in 0.029455 seconds
Number of updated asset objects reloaded before import = 0Number of asset objects unloaded after import = 10

========================================================================
Received Import Request.
  Time since last request: 0.003200 seconds.
  path: Assets/Assets/Wooden House In The Snow/Prefabs/SnowMan.prefab
  artifactKey: Guid(15bd21d5ac8926646a6bcb820850582d) Importer(815301076,1909f56bfc062723c751e8b465ee728b)
Start importing Assets/Assets/Wooden House In The Snow/Prefabs/SnowMan.prefab using Guid(15bd21d5ac8926646a6bcb820850582d) Importer(815301076,1909f56bfc062723c751e8b465ee728b) (PreviewImporter) -> (artifact id: '0dde626289feab0ec7255e7217328dea') in 0.0509304 seconds
Number of updated asset objects reloaded before import = 0Number of asset objects unloaded after import = 9

========================================================================
Received Import Request.
  Time since last request: 6.311099 seconds.
  path: Assets/Assets/Wooden House In The Snow/Prefabs/LampPost.prefab
  artifactKey: Guid(d5e3e07b325bd744b91f805ce2283b3c) Importer(815301076,1909f56bfc062723c751e8b465ee728b)
Start importing Assets/Assets/Wooden House In The Snow/Prefabs/LampPost.prefab using Guid(d5e3e07b325bd744b91f805ce2283b3c) Importer(815301076,1909f56bfc062723c751e8b465ee728b) (PreviewImporter) -> (artifact id: '475625e0663da1942e6880f9b97abb89') in 0.0337164 seconds
Number of updated asset objects reloaded before import = 0Number of asset objects unloaded after import = 11

========================================================================
Received Import Request.
  Time since last request: 0.000019 seconds.
  path: Assets/Assets/Wooden House In The Snow/Prefabs/Log-Axe.prefab
  artifactKey: Guid(5eaa9bd6ba899a947823413745e9e6ae) Importer(815301076,1909f56bfc062723c751e8b465ee728b)
Start importing Assets/Assets/Wooden House In The Snow/Prefabs/Log-Axe.prefab using Guid(5eaa9bd6ba899a947823413745e9e6ae) Importer(815301076,1909f56bfc062723c751e8b465ee728b) (PreviewImporter) -> (artifact id: '0914ff305f8b9f474339f3f36745065a') in 0.0127513 seconds
Number of updated asset objects reloaded before import = 0Number of asset objects unloaded after import = 10

========================================================================
Received Prepare
Begin MonoManager ReloadAssembly
- Loaded All Assemblies, in  0.618 seconds
Refreshing native plugins compatible for Editor in 0.71 ms, found 3 plugins.
Native extension for WindowsStandalone target not found
Mono: successfully reloaded assembly
- Finished resetting the current domain, in  0.521 seconds
Domain Reload Profiling: 1135ms
	BeginReloadAssembly (224ms)
		ExecutionOrderSort (0ms)
		DisableScriptedObjects (4ms)
		BackupInstance (0ms)
		ReleaseScriptingObjects (0ms)
		CreateAndSetChildDomain (43ms)
	RebuildCommonClasses (34ms)
	RebuildNativeTypeToScriptingClass (16ms)
	initialDomainReloadingComplete (32ms)
	LoadAllAssembliesAndSetupDomain (307ms)
		LoadAssemblies (312ms)
		RebuildTransferFunctionScriptingTraits (0ms)
		AnalyzeDomain (117ms)
			TypeCache.Refresh (5ms)
				TypeCache.ScanAssembly (0ms)
			BuildScriptInfoCaches (106ms)
			ResolveRequiredComponents (4ms)
	FinalizeReload (522ms)
		ReleaseScriptCaches (0ms)
		RebuildScriptCaches (0ms)
		SetupLoadedEditorAssemblies (407ms)
			LogAssemblyErrors (0ms)
			InitializePlatformSupportModulesInManaged (2ms)
			SetLoadedEditorAssemblies (2ms)
			BeforeProcessingInitializeOnLoad (83ms)
			ProcessInitializeOnLoadAttributes (284ms)
			ProcessInitializeOnLoadMethodAttributes (20ms)
			AfterProcessingInitializeOnLoad (14ms)
			EditorAssembliesLoaded (0ms)
		ExecutionOrderSort2 (0ms)
		AwakeInstancesAfterBackupRestoration (15ms)
Refreshing native plugins compatible for Editor in 1.16 ms, found 3 plugins.
Preloading 0 native plugins for Editor in 0.00 ms.
Unloading 1 Unused Serialized files (Serialized files now loaded: 0)
Unloading 3710 unused Assets / (1.2 MB). Loaded Objects now: 4235.
Memory consumption went from 102.1 MB to 101.0 MB.
Total: 5.103400 ms (FindLiveObjects: 0.293200 ms CreateObjectMapping: 0.235700 ms MarkObjects: 3.452300 ms  DeleteObjects: 1.121200 ms)

Prepare: number of updated asset objects reloaded= 0
========================================================================
Received Prepare
Begin MonoManager ReloadAssembly
- Loaded All Assemblies, in  0.671 seconds
Refreshing native plugins compatible for Editor in 1.06 ms, found 3 plugins.
Native extension for WindowsStandalone target not found
Mono: successfully reloaded assembly
- Finished resetting the current domain, in  0.468 seconds
Domain Reload Profiling: 1134ms
	BeginReloadAssembly (201ms)
		ExecutionOrderSort (0ms)
		DisableScriptedObjects (5ms)
		BackupInstance (0ms)
		ReleaseScriptingObjects (0ms)
		CreateAndSetChildDomain (34ms)
	RebuildCommonClasses (31ms)
	RebuildNativeTypeToScriptingClass (10ms)
	initialDomainReloadingComplete (30ms)
	LoadAllAssembliesAndSetupDomain (394ms)
		LoadAssemblies (388ms)
		RebuildTransferFunctionScriptingTraits (0ms)
		AnalyzeDomain (124ms)
			TypeCache.Refresh (8ms)
				TypeCache.ScanAssembly (1ms)
			BuildScriptInfoCaches (107ms)
			ResolveRequiredComponents (6ms)
	FinalizeReload (468ms)
		ReleaseScriptCaches (0ms)
		RebuildScriptCaches (0ms)
		SetupLoadedEditorAssemblies (363ms)
			LogAssemblyErrors (0ms)
			InitializePlatformSupportModulesInManaged (2ms)
			SetLoadedEditorAssemblies (3ms)
			BeforeProcessingInitializeOnLoad (84ms)
			ProcessInitializeOnLoadAttributes (245ms)
			ProcessInitializeOnLoadMethodAttributes (18ms)
			AfterProcessingInitializeOnLoad (11ms)
			EditorAssembliesLoaded (0ms)
		ExecutionOrderSort2 (0ms)
		AwakeInstancesAfterBackupRestoration (10ms)
Refreshing native plugins compatible for Editor in 1.39 ms, found 3 plugins.
Preloading 0 native plugins for Editor in 0.00 ms.
Unloading 0 Unused Serialized files (Serialized files now loaded: 0)
Unloading 3781 unused Assets / (1.0 MB). Loaded Objects now: 4306.
Memory consumption went from 102.4 MB to 101.4 MB.
Total: 5.017300 ms (FindLiveObjects: 0.357200 ms CreateObjectMapping: 0.268400 ms MarkObjects: 3.465400 ms  DeleteObjects: 0.924900 ms)

Prepare: number of updated asset objects reloaded= 0
