Using pre-set license
Built from '6000.0/release' branch; Version is '6000.0.45f1 (d91bd3d4e081) revision 14228435'; Using compiler version '193933523'; Build Type 'Release'
OS: 'Windows 11  (10.0.26100) 64bit Core' Language: 'ko' Physical Memory: 32478 MB
BatchMode: 1, IsHumanControllingUs: 0, StartBugReporterOnCrash: 0, Is64bit: 1, IsPro: 1

COMMAND LINE ARGUMENTS:
C:\Program Files\Unity\Hub\Editor\6000.0.45f1\Editor\Unity.exe
-adb2
-batchMode
-noUpm
-name
AssetImportWorker5
-projectPath
C:/Users/User/Documents/GitHub/Nature-Snap/Nature Snap
-logFile
Logs/AssetImportWorker5.log
-srvPort
58511
-job-worker-count
7
-background-job-worker-count
8
-gc-helper-count
1
Successfully changed project path to: C:/Users/User/Documents/GitHub/Nature-Snap/Nature Snap
C:/Users/User/Documents/GitHub/Nature-Snap/Nature Snap
[UnityMemory] Configuration Parameters - Can be set up in boot.config
    "memorysetup-bucket-allocator-granularity=16"
    "memorysetup-bucket-allocator-bucket-count=8"
    "memorysetup-bucket-allocator-block-size=33554432"
    "memorysetup-bucket-allocator-block-count=8"
    "memorysetup-main-allocator-block-size=16777216"
    "memorysetup-thread-allocator-block-size=16777216"
    "memorysetup-gfx-main-allocator-block-size=16777216"
    "memorysetup-gfx-thread-allocator-block-size=16777216"
    "memorysetup-cache-allocator-block-size=4194304"
    "memorysetup-typetree-allocator-block-size=2097152"
    "memorysetup-profiler-bucket-allocator-granularity=16"
    "memorysetup-profiler-bucket-allocator-bucket-count=8"
    "memorysetup-profiler-bucket-allocator-block-size=33554432"
    "memorysetup-profiler-bucket-allocator-block-count=8"
    "memorysetup-profiler-allocator-block-size=16777216"
    "memorysetup-profiler-editor-allocator-block-size=1048576"
    "memorysetup-temp-allocator-size-main=16777216"
    "memorysetup-job-temp-allocator-block-size=2097152"
    "memorysetup-job-temp-allocator-block-size-background=1048576"
    "memorysetup-job-temp-allocator-reduction-small-platforms=262144"
    "memorysetup-allocator-temp-initial-block-size-main=262144"
    "memorysetup-allocator-temp-initial-block-size-worker=262144"
    "memorysetup-temp-allocator-size-background-worker=32768"
    "memorysetup-temp-allocator-size-job-worker=262144"
    "memorysetup-temp-allocator-size-preload-manager=33554432"
    "memorysetup-temp-allocator-size-nav-mesh-worker=65536"
    "memorysetup-temp-allocator-size-audio-worker=65536"
    "memorysetup-temp-allocator-size-cloud-worker=32768"
    "memorysetup-temp-allocator-size-gi-baking-worker=262144"
    "memorysetup-temp-allocator-size-gi-baking-worker=262144"
    "memorysetup-temp-allocator-size-gi-baking-worker=262144"
    "memorysetup-temp-allocator-size-gi-baking-worker=262144"
    "memorysetup-temp-allocator-size-gi-baking-worker=262144"
    "memorysetup-temp-allocator-size-gfx=262144"
Player connection [19148]  Target information:

Player connection [19148]  * "[IP] 192.168.55.144 [Port] 0 [Flags] 2 [Guid] 4060908849 [EditorId] 4060908849 [Version] 1048832 [Id] WindowsEditor(7,DESKTOP-K84KLPJ) [Debug] 1 [PackageName] WindowsEditor [ProjectName] Editor" 

Player connection [19148] Host joined multi-casting on [225.0.0.222:54997]...
Player connection [19148] Host joined alternative multi-casting on [225.0.0.222:34997]...
JobSystem: Creating JobQueue using job-worker-count value 7
Input System module state changed to: Initialized.
[Physics::Module] Initialized fallback backend.
[Physics::Module] Id: 0xdecafbad
Library Redirect Path: Library/
[Physics::Module] Selected backend.
[Physics::Module] Name: PhysX
[Physics::Module] Id: 0xf2b8ea05
[Physics::Module] SDK Version: 4.1.2
[Physics::Module] Integration Version: 1.0.0
[Physics::Module] Threading Mode: Multi-Threaded
Refreshing native plugins compatible for Editor in 1.78 ms, found 3 plugins.
Preloading 0 native plugins for Editor in 0.00 ms.
Initialize engine version: 6000.0.45f1 (d91bd3d4e081)
[Subsystems] Discovering subsystems at path C:/Program Files/Unity/Hub/Editor/6000.0.45f1/Editor/Data/Resources/UnitySubsystems
[Subsystems] Discovering subsystems at path C:/Users/User/Documents/GitHub/Nature-Snap/Nature Snap/Assets
GfxDevice: creating device client; kGfxThreadingModeNonThreaded
Direct3D:
    Version:  Direct3D 11.0 [level 11.1]
    Renderer: NVIDIA GeForce RTX 4060 (ID=0x2882)
    Vendor:   NVIDIA
    VRAM:     7957 MB
    Driver:   32.0.15.7602
Initialize mono
Mono path[0] = 'C:/Program Files/Unity/Hub/Editor/6000.0.45f1/Editor/Data/Managed'
Mono path[1] = 'C:/Program Files/Unity/Hub/Editor/6000.0.45f1/Editor/Data/MonoBleedingEdge/lib/mono/unityjit-win32'
Mono config path = 'C:/Program Files/Unity/Hub/Editor/6000.0.45f1/Editor/Data/MonoBleedingEdge/etc'
Using monoOptions --debugger-agent=transport=dt_socket,embedding=1,server=y,suspend=n,address=127.0.0.1:56928
Begin MonoManager ReloadAssembly
Registering precompiled unity dll's ...
Register platform support module: C:/Program Files/Unity/Hub/Editor/6000.0.45f1/Editor/Data/PlaybackEngines/WindowsStandaloneSupport/UnityEditor.WindowsStandalone.Extensions.dll
Register platform support module: C:/Program Files/Unity/Hub/Editor/6000.0.45f1/Editor/Data/PlaybackEngines/AndroidPlayer/UnityEditor.Android.Extensions.dll
Registered in 0.002712 seconds.
- Loaded All Assemblies, in  0.388 seconds
Native extension for Android target not found
Android Extension - Scanning For ADB Devices 278 ms
Native extension for WindowsStandalone target not found
Mono: successfully reloaded assembly
- Finished resetting the current domain, in  0.654 seconds
Domain Reload Profiling: 1041ms
	BeginReloadAssembly (136ms)
		ExecutionOrderSort (0ms)
		DisableScriptedObjects (0ms)
		BackupInstance (0ms)
		ReleaseScriptingObjects (0ms)
		CreateAndSetChildDomain (1ms)
	RebuildCommonClasses (35ms)
	RebuildNativeTypeToScriptingClass (11ms)
	initialDomainReloadingComplete (48ms)
	LoadAllAssembliesAndSetupDomain (156ms)
		LoadAssemblies (134ms)
		RebuildTransferFunctionScriptingTraits (0ms)
		AnalyzeDomain (153ms)
			TypeCache.Refresh (151ms)
				TypeCache.ScanAssembly (138ms)
			BuildScriptInfoCaches (0ms)
			ResolveRequiredComponents (0ms)
	FinalizeReload (655ms)
		ReleaseScriptCaches (0ms)
		RebuildScriptCaches (0ms)
		SetupLoadedEditorAssemblies (613ms)
			LogAssemblyErrors (0ms)
			InitializePlatformSupportModulesInManaged (369ms)
			SetLoadedEditorAssemblies (4ms)
			BeforeProcessingInitializeOnLoad (50ms)
			ProcessInitializeOnLoadAttributes (124ms)
			ProcessInitializeOnLoadMethodAttributes (67ms)
			AfterProcessingInitializeOnLoad (0ms)
			EditorAssembliesLoaded (0ms)
		ExecutionOrderSort2 (0ms)
		AwakeInstancesAfterBackupRestoration (0ms)
========================================================================
Worker process is ready to serve import requests
Import Worker Mode flag is 0x00
Begin MonoManager ReloadAssembly
- Loaded All Assemblies, in  0.698 seconds
Refreshing native plugins compatible for Editor in 0.77 ms, found 3 plugins.
Native extension for Android target not found
Native extension for WindowsStandalone target not found
Mono: successfully reloaded assembly
- Finished resetting the current domain, in  0.778 seconds
Domain Reload Profiling: 1474ms
	BeginReloadAssembly (178ms)
		ExecutionOrderSort (0ms)
		DisableScriptedObjects (7ms)
		BackupInstance (0ms)
		ReleaseScriptingObjects (0ms)
		CreateAndSetChildDomain (32ms)
	RebuildCommonClasses (38ms)
	RebuildNativeTypeToScriptingClass (13ms)
	initialDomainReloadingComplete (38ms)
	LoadAllAssembliesAndSetupDomain (429ms)
		LoadAssemblies (323ms)
		RebuildTransferFunctionScriptingTraits (0ms)
		AnalyzeDomain (208ms)
			TypeCache.Refresh (169ms)
				TypeCache.ScanAssembly (154ms)
			BuildScriptInfoCaches (30ms)
			ResolveRequiredComponents (4ms)
	FinalizeReload (778ms)
		ReleaseScriptCaches (0ms)
		RebuildScriptCaches (0ms)
		SetupLoadedEditorAssemblies (657ms)
			LogAssemblyErrors (0ms)
			InitializePlatformSupportModulesInManaged (14ms)
			SetLoadedEditorAssemblies (4ms)
			BeforeProcessingInitializeOnLoad (83ms)
			ProcessInitializeOnLoadAttributes (522ms)
			ProcessInitializeOnLoadMethodAttributes (29ms)
			AfterProcessingInitializeOnLoad (4ms)
			EditorAssembliesLoaded (0ms)
		ExecutionOrderSort2 (0ms)
		AwakeInstancesAfterBackupRestoration (6ms)
Launched and connected shader compiler UnityShaderCompiler.exe after 0.01 seconds
Refreshing native plugins compatible for Editor in 1.22 ms, found 3 plugins.
Preloading 0 native plugins for Editor in 0.00 ms.
Unloading 14 Unused Serialized files (Serialized files now loaded: 0)
Unloading 3782 unused Assets / (1.2 MB). Loaded Objects now: 4301.
Memory consumption went from 101.2 MB to 100.0 MB.
Total: 9.569400 ms (FindLiveObjects: 0.483200 ms CreateObjectMapping: 0.525600 ms MarkObjects: 6.280200 ms  DeleteObjects: 2.277800 ms)

========================================================================
Received Import Request.
  Time since last request: 22675.913101 seconds.
  path: Assets/Asset/Free Low Poly Desert Pack/FBX Files/Mixed Colors/Mixed_Tree_02.fbx
  artifactKey: Guid(ac812c2731bb9334aa4ea6c245c390ba) Importer(2089858483,192608db42251d675da83286b1cce702)
Start importing Assets/Asset/Free Low Poly Desert Pack/FBX Files/Mixed Colors/Mixed_Tree_02.fbx using Guid(ac812c2731bb9334aa4ea6c245c390ba) Importer(2089858483,192608db42251d675da83286b1cce702) (ScriptedImporter) -> (artifact id: 'd76cfb52e2939826ab1596146682bad0') in 0.208347 seconds
Number of updated asset objects reloaded before import = 0Number of asset objects unloaded after import = 8

========================================================================
Received Import Request.
  Time since last request: 0.000031 seconds.
  path: Assets/Asset/Free Low Poly Desert Pack/FBX Files/Mixed Colors/Mixed_Ground_01.fbx
  artifactKey: Guid(21db04ffcfdc6b34dbfae3af89222397) Importer(2089858483,192608db42251d675da83286b1cce702)
Start importing Assets/Asset/Free Low Poly Desert Pack/FBX Files/Mixed Colors/Mixed_Ground_01.fbx using Guid(21db04ffcfdc6b34dbfae3af89222397) Importer(2089858483,192608db42251d675da83286b1cce702) (ScriptedImporter) -> (artifact id: '48d9cd990489db752d58959037efd0dd') in 0.0253698 seconds
Number of updated asset objects reloaded before import = 0Number of asset objects unloaded after import = 8

========================================================================
Received Import Request.
  Time since last request: 0.000037 seconds.
  path: Assets/Asset/PolyRonin/Desert Village/Prefabs/Ground.prefab
  artifactKey: Guid(f7cfd4c5a64ae1c44916dba2a8e1373d) Importer(2089858483,192608db42251d675da83286b1cce702)
Start importing Assets/Asset/PolyRonin/Desert Village/Prefabs/Ground.prefab using Guid(f7cfd4c5a64ae1c44916dba2a8e1373d) Importer(2089858483,192608db42251d675da83286b1cce702) (ScriptedImporter) -> (artifact id: '39dbd73ed0d6f1f82ce443b57312202f') in 0.0215305 seconds
Number of updated asset objects reloaded before import = 0Number of asset objects unloaded after import = 8

========================================================================
Received Import Request.
  Time since last request: 0.000022 seconds.
  path: Assets/Asset/PolyRonin/Desert Village/Prefabs/House1.prefab
  artifactKey: Guid(b92d43d896b5fd343bf812a8357c6fb2) Importer(2089858483,192608db42251d675da83286b1cce702)
Start importing Assets/Asset/PolyRonin/Desert Village/Prefabs/House1.prefab using Guid(b92d43d896b5fd343bf812a8357c6fb2) Importer(2089858483,192608db42251d675da83286b1cce702) (ScriptedImporter) -> (artifact id: '668f7ddf9e2d2085b98293d55c13678e') in 0.0240402 seconds
Number of updated asset objects reloaded before import = 0Number of asset objects unloaded after import = 8

========================================================================
Received Import Request.
  Time since last request: 0.000016 seconds.
  path: Assets/Asset/Old Sea Port/mesh/Materials/Log_End_1.mat
  artifactKey: Guid(5c06e3ac8420ae349bedfb7df971fbef) Importer(2089858483,192608db42251d675da83286b1cce702)
Start importing Assets/Asset/Old Sea Port/mesh/Materials/Log_End_1.mat using Guid(5c06e3ac8420ae349bedfb7df971fbef) Importer(2089858483,192608db42251d675da83286b1cce702) (ScriptedImporter) -> (artifact id: 'cad6ff171b4857c54d9f92f94d37f01a') in 0.0369072 seconds
Number of updated asset objects reloaded before import = 0Number of asset objects unloaded after import = 2

========================================================================
Received Import Request.
  Time since last request: 0.000017 seconds.
  path: Assets/Asset/Old Sea Port/mesh/Materials/Material.011.mat
  artifactKey: Guid(00f721bc376cd554194bc908dac2e726) Importer(2089858483,192608db42251d675da83286b1cce702)
Start importing Assets/Asset/Old Sea Port/mesh/Materials/Material.011.mat using Guid(00f721bc376cd554194bc908dac2e726) Importer(2089858483,192608db42251d675da83286b1cce702) (ScriptedImporter) -> (artifact id: 'e4a18ecceb0729d63308d94baf1d57fb') in 0.0143614 seconds
Number of updated asset objects reloaded before import = 0Number of asset objects unloaded after import = 1

========================================================================
Received Import Request.
  Time since last request: 0.000072 seconds.
  path: Assets/Asset/LowPolyWater_Pack/Scripts/Editor/GeneratePlane.cs
  artifactKey: Guid(6fe99e92f179e48498503818d15ac6aa) Importer(2089858483,192608db42251d675da83286b1cce702)
Start importing Assets/Asset/LowPolyWater_Pack/Scripts/Editor/GeneratePlane.cs using Guid(6fe99e92f179e48498503818d15ac6aa) Importer(2089858483,192608db42251d675da83286b1cce702) (ScriptedImporter) -> (artifact id: 'd684918af1d53758269c4831b3cbf728') in 0.0129986 seconds
Number of updated asset objects reloaded before import = 0Number of asset objects unloaded after import = 0

========================================================================
Received Import Request.
  Time since last request: 0.000076 seconds.
  path: Assets/Asset/LowPolyWater_Pack/LowPoly Island/textures/textureSurface_Color_2.jpg
  artifactKey: Guid(c4b4ad6529883dc43874119c9045638a) Importer(2089858483,192608db42251d675da83286b1cce702)
Start importing Assets/Asset/LowPolyWater_Pack/LowPoly Island/textures/textureSurface_Color_2.jpg using Guid(c4b4ad6529883dc43874119c9045638a) Importer(2089858483,192608db42251d675da83286b1cce702) (ScriptedImporter) -> (artifact id: '911ab1d1a7ad70713199e6348d257ad7') in 0.0415223 seconds
Number of updated asset objects reloaded before import = 0Number of asset objects unloaded after import = 1

========================================================================
Received Import Request.
  Time since last request: 0.000067 seconds.
  path: Assets/Asset/Old Sea Port/scenes/Dock Thing/ReflectionProbe-0.exr
  artifactKey: Guid(82079f3144d4e6a408834e1d92d39efb) Importer(2089858483,192608db42251d675da83286b1cce702)
Start importing Assets/Asset/Old Sea Port/scenes/Dock Thing/ReflectionProbe-0.exr using Guid(82079f3144d4e6a408834e1d92d39efb) Importer(2089858483,192608db42251d675da83286b1cce702) (ScriptedImporter) -> (artifact id: 'ad0d8bff1ba37eaa79112d5844d0f402') in 0.0195999 seconds
Number of updated asset objects reloaded before import = 0Number of asset objects unloaded after import = 1

========================================================================
Received Import Request.
  Time since last request: 0.000064 seconds.
  path: Assets/Asset/Old Sea Port/prefabs/Materials/maple_leaves__BigTree_leaves_png.mat
  artifactKey: Guid(65857fcb087857c43b1183c4a13dc959) Importer(2089858483,192608db42251d675da83286b1cce702)
Start importing Assets/Asset/Old Sea Port/prefabs/Materials/maple_leaves__BigTree_leaves_png.mat using Guid(65857fcb087857c43b1183c4a13dc959) Importer(2089858483,192608db42251d675da83286b1cce702) (ScriptedImporter) -> (artifact id: 'eaeb0e73b48e60a42e202e1961d09ac9') in 0.0124304 seconds
Number of updated asset objects reloaded before import = 0Number of asset objects unloaded after import = 1

========================================================================
Received Import Request.
  Time since last request: 0.000079 seconds.
  path: Assets/Asset/Free Low Poly Desert Pack/Unity Prefabs/Trees/Mixed_Tree_02.prefab
  artifactKey: Guid(82f6882977329724ca4b934e09af87fc) Importer(2089858483,192608db42251d675da83286b1cce702)
Start importing Assets/Asset/Free Low Poly Desert Pack/Unity Prefabs/Trees/Mixed_Tree_02.prefab using Guid(82f6882977329724ca4b934e09af87fc) Importer(2089858483,192608db42251d675da83286b1cce702) (ScriptedImporter) -> (artifact id: 'a202eda9f4304f3ca96e13d4892f9b88') in 0.012857 seconds
Number of updated asset objects reloaded before import = 0Number of asset objects unloaded after import = 8

========================================================================
Received Import Request.
  Time since last request: 0.000021 seconds.
  path: Assets/Asset/Free Low Poly Desert Pack/FBX Files/Flat Colors/Flat_Rock_01.fbx
  artifactKey: Guid(37e412f3502894c4c928d6774b0592ac) Importer(2089858483,192608db42251d675da83286b1cce702)
Start importing Assets/Asset/Free Low Poly Desert Pack/FBX Files/Flat Colors/Flat_Rock_01.fbx using Guid(37e412f3502894c4c928d6774b0592ac) Importer(2089858483,192608db42251d675da83286b1cce702) (ScriptedImporter) -> (artifact id: 'c0b7aa86c568e9fb6bcabfb1335942c8') in 0.0189823 seconds
Number of updated asset objects reloaded before import = 0Number of asset objects unloaded after import = 8

========================================================================
Received Import Request.
  Time since last request: 0.000031 seconds.
  path: Assets/Asset/ithappy/Creative_Characters_FREE/Materials/Emission.mat
  artifactKey: Guid(8d9728492f5172140873888face16c31) Importer(2089858483,192608db42251d675da83286b1cce702)
Start importing Assets/Asset/ithappy/Creative_Characters_FREE/Materials/Emission.mat using Guid(8d9728492f5172140873888face16c31) Importer(2089858483,192608db42251d675da83286b1cce702) (ScriptedImporter) -> (artifact id: 'a1425c96aef9f42321cfc67d87a5ba4e') in 0.0160181 seconds
Number of updated asset objects reloaded before import = 0Number of asset objects unloaded after import = 1

========================================================================
Received Import Request.
  Time since last request: 0.000103 seconds.
  path: Assets/Asset/Free Low Poly Desert Pack/Materials/Shaders/Vertex_Color_Basic.shader
  artifactKey: Guid(9271e864ef20504479d70527f1b73721) Importer(2089858483,192608db42251d675da83286b1cce702)
Start importing Assets/Asset/Free Low Poly Desert Pack/Materials/Shaders/Vertex_Color_Basic.shader using Guid(9271e864ef20504479d70527f1b73721) Importer(2089858483,192608db42251d675da83286b1cce702) (ScriptedImporter) -> (artifact id: 'ac2169fa430ff70d31cd5fdf76af8063') in 0.0153777 seconds
Number of updated asset objects reloaded before import = 0Number of asset objects unloaded after import = 1

========================================================================
Received Import Request.
  Time since last request: 0.000064 seconds.
  path: Assets/Asset/DuNguyn/Egypt Props Pack/Prefabs/SM_Nha_02.prefab
  artifactKey: Guid(6c6d6a19e6667be4cb16ace608483315) Importer(2089858483,192608db42251d675da83286b1cce702)
Start importing Assets/Asset/DuNguyn/Egypt Props Pack/Prefabs/SM_Nha_02.prefab using Guid(6c6d6a19e6667be4cb16ace608483315) Importer(2089858483,192608db42251d675da83286b1cce702) (ScriptedImporter) -> (artifact id: 'a5be7c12689af0cda447befb01ce8f70') in 0.0163523 seconds
Number of updated asset objects reloaded before import = 0Number of asset objects unloaded after import = 8

========================================================================
Received Import Request.
  Time since last request: 0.000019 seconds.
  path: Assets/Asset/All In One - Heightmaps/Terrain/Terrain_0_0_0b49ddf7-a154-4f3a-9670-88b6be1f8446.asset
  artifactKey: Guid(1e3255ea2a905d0458c047577f0cdad8) Importer(2089858483,192608db42251d675da83286b1cce702)
Start importing Assets/Asset/All In One - Heightmaps/Terrain/Terrain_0_0_0b49ddf7-a154-4f3a-9670-88b6be1f8446.asset using Guid(1e3255ea2a905d0458c047577f0cdad8) Importer(2089858483,192608db42251d675da83286b1cce702) (ScriptedImporter) -> (artifact id: '057b69505434e2552c1a586c08e5a1b6') in 0.0191545 seconds
Number of updated asset objects reloaded before import = 0Number of asset objects unloaded after import = 1

========================================================================
Received Import Request.
  Time since last request: 0.000090 seconds.
  path: Assets/Asset/All In One - Heightmaps/Heightmaps/Mars/T_HeightMap2k.png
  artifactKey: Guid(527289c8a47dff34997df7b9c7996c54) Importer(2089858483,192608db42251d675da83286b1cce702)
Start importing Assets/Asset/All In One - Heightmaps/Heightmaps/Mars/T_HeightMap2k.png using Guid(527289c8a47dff34997df7b9c7996c54) Importer(2089858483,192608db42251d675da83286b1cce702) (ScriptedImporter) -> (artifact id: '53e434a7e2ea3e5d60cf441cae43a9cd') in 0.0292015 seconds
Number of updated asset objects reloaded before import = 0Number of asset objects unloaded after import = 1

========================================================================
Received Import Request.
  Time since last request: 0.000039 seconds.
  path: Assets/Asset/DuNguyn/Egypt Props Pack/Prefabs/SM_O_Nen_v2_05.prefab
  artifactKey: Guid(4e5f7cfef50612844b756e30bbea94c8) Importer(2089858483,192608db42251d675da83286b1cce702)
Start importing Assets/Asset/DuNguyn/Egypt Props Pack/Prefabs/SM_O_Nen_v2_05.prefab using Guid(4e5f7cfef50612844b756e30bbea94c8) Importer(2089858483,192608db42251d675da83286b1cce702) (ScriptedImporter) -> (artifact id: '940b56ce37bc4a1d433fd29cf3b5255a') in 0.0170026 seconds
Number of updated asset objects reloaded before import = 0Number of asset objects unloaded after import = 8

========================================================================
Received Import Request.
  Time since last request: 0.000022 seconds.
  path: Assets/Asset/Free Low Poly Desert Pack/Materials/Vertex Color.mat
  artifactKey: Guid(77f34d55cab75c741af8e49d369939ba) Importer(2089858483,192608db42251d675da83286b1cce702)
Start importing Assets/Asset/Free Low Poly Desert Pack/Materials/Vertex Color.mat using Guid(77f34d55cab75c741af8e49d369939ba) Importer(2089858483,192608db42251d675da83286b1cce702) (ScriptedImporter) -> (artifact id: 'f4e69b021d666eac9d9cf77bb356f0e2') in 0.0139007 seconds
Number of updated asset objects reloaded before import = 0Number of asset objects unloaded after import = 1

========================================================================
Received Import Request.
  Time since last request: 0.000037 seconds.
  path: Assets/Asset/Old Sea Port/mesh/mooring_rope_holder_2.fbx
  artifactKey: Guid(f74e57a5ad5640f4da5eb349ae178364) Importer(2089858483,192608db42251d675da83286b1cce702)
Start importing Assets/Asset/Old Sea Port/mesh/mooring_rope_holder_2.fbx using Guid(f74e57a5ad5640f4da5eb349ae178364) Importer(2089858483,192608db42251d675da83286b1cce702) (ScriptedImporter) -> (artifact id: '080170048ba6957b007934597e882a2d') in 0.0300366 seconds
Number of updated asset objects reloaded before import = 0Number of asset objects unloaded after import = 16

========================================================================
Received Import Request.
  Time since last request: 0.000019 seconds.
  path: Assets/Asset/Old Sea Port/mesh/Materials/Material.007.mat
  artifactKey: Guid(2ab5a62dc800d6b449bad4e4d9a9632a) Importer(2089858483,192608db42251d675da83286b1cce702)
Start importing Assets/Asset/Old Sea Port/mesh/Materials/Material.007.mat using Guid(2ab5a62dc800d6b449bad4e4d9a9632a) Importer(2089858483,192608db42251d675da83286b1cce702) (ScriptedImporter) -> (artifact id: 'df4d3d30a31fcb72f49eb5911e7df11a') in 0.0107305 seconds
Number of updated asset objects reloaded before import = 0Number of asset objects unloaded after import = 1

========================================================================
Received Import Request.
  Time since last request: 0.000189 seconds.
  path: Assets/Asset/Old Sea Port/prefabs/bottle.prefab
  artifactKey: Guid(67833d6ba7c887d48933b3682ee1df40) Importer(2089858483,192608db42251d675da83286b1cce702)
Start importing Assets/Asset/Old Sea Port/prefabs/bottle.prefab using Guid(67833d6ba7c887d48933b3682ee1df40) Importer(2089858483,192608db42251d675da83286b1cce702) (ScriptedImporter) -> (artifact id: 'fb9aeee7d865b1373a22bb85493d735b') in 0.0186331 seconds
Number of updated asset objects reloaded before import = 0Number of asset objects unloaded after import = 9

========================================================================
Received Import Request.
  Time since last request: 0.000060 seconds.
  path: Assets/Asset/Old Sea Port/Materials/Maple_bark_1.mat
  artifactKey: Guid(3ec3880a04008dc48b888eeeca93007c) Importer(2089858483,192608db42251d675da83286b1cce702)
Start importing Assets/Asset/Old Sea Port/Materials/Maple_bark_1.mat using Guid(3ec3880a04008dc48b888eeeca93007c) Importer(2089858483,192608db42251d675da83286b1cce702) (ScriptedImporter) -> (artifact id: '8a68086de5444cd944cebaae294b5a2f') in 0.0249947 seconds
Number of updated asset objects reloaded before import = 0Number of asset objects unloaded after import = 3

========================================================================
Received Import Request.
  Time since last request: 0.000021 seconds.
  path: Assets/Asset/All In One - Heightmaps/Heightmaps/DryCanyons/T_HeightMap8k.png
  artifactKey: Guid(18849790bcbc3384494287b2760d8589) Importer(2089858483,192608db42251d675da83286b1cce702)
Start importing Assets/Asset/All In One - Heightmaps/Heightmaps/DryCanyons/T_HeightMap8k.png using Guid(18849790bcbc3384494287b2760d8589) Importer(2089858483,192608db42251d675da83286b1cce702) (ScriptedImporter) -> (artifact id: 'd6d497a3d6cc5c282dab95c8efa99e05') in 0.0301 seconds
Number of updated asset objects reloaded before import = 0Number of asset objects unloaded after import = 1

========================================================================
Received Import Request.
  Time since last request: 0.000078 seconds.
  path: Assets/Asset/Old Sea Port/prefabs/building_segment_1.prefab
  artifactKey: Guid(287711fb95cdc004b814e53a055b4b1e) Importer(2089858483,192608db42251d675da83286b1cce702)
Start importing Assets/Asset/Old Sea Port/prefabs/building_segment_1.prefab using Guid(287711fb95cdc004b814e53a055b4b1e) Importer(2089858483,192608db42251d675da83286b1cce702) (ScriptedImporter) -> (artifact id: 'a2a053cf44b5c354aa9878c8700fe8a1') in 0.0162841 seconds
Number of updated asset objects reloaded before import = 0Number of asset objects unloaded after import = 9

========================================================================
Received Import Request.
  Time since last request: 0.023001 seconds.
  path: Assets/Asset/PolyRonin/Desert Village/Prefabs/WaterCircle.prefab
  artifactKey: Guid(6a6b9026ef3dc8740b5e3e38f62c3cee) Importer(2089858483,192608db42251d675da83286b1cce702)
Start importing Assets/Asset/PolyRonin/Desert Village/Prefabs/WaterCircle.prefab using Guid(6a6b9026ef3dc8740b5e3e38f62c3cee) Importer(2089858483,192608db42251d675da83286b1cce702) (ScriptedImporter) -> (artifact id: 'bae50982df701a82b207b35dfaecec98') in 0.0198409 seconds
Number of updated asset objects reloaded before import = 0Number of asset objects unloaded after import = 9

========================================================================
Received Import Request.
  Time since last request: 0.000018 seconds.
  path: Assets/Asset/PolyRonin/Wild West Village/Prefabs/Rock1.prefab
  artifactKey: Guid(b61d4d77e9a8fb34fb01bee91261e613) Importer(2089858483,192608db42251d675da83286b1cce702)
Start importing Assets/Asset/PolyRonin/Wild West Village/Prefabs/Rock1.prefab using Guid(b61d4d77e9a8fb34fb01bee91261e613) Importer(2089858483,192608db42251d675da83286b1cce702) (ScriptedImporter) -> (artifact id: 'b042a063b8a5eb08a6e9e582891ff505') in 0.0182246 seconds
Number of updated asset objects reloaded before import = 0Number of asset objects unloaded after import = 8

========================================================================
Received Import Request.
  Time since last request: 0.000020 seconds.
  path: Assets/Asset/PolyRonin/Wild West Village/Textures/store-sign.png
  artifactKey: Guid(e9f797e7ca3f62b4ba2567b0ea062023) Importer(2089858483,192608db42251d675da83286b1cce702)
Start importing Assets/Asset/PolyRonin/Wild West Village/Textures/store-sign.png using Guid(e9f797e7ca3f62b4ba2567b0ea062023) Importer(2089858483,192608db42251d675da83286b1cce702) (ScriptedImporter) -> (artifact id: '039debf153f0a0bbf099371f60ad174c') in 0.0174339 seconds
Number of updated asset objects reloaded before import = 0Number of asset objects unloaded after import = 1

========================================================================
Received Import Request.
  Time since last request: 0.000039 seconds.
  path: Assets/Asset/PolyRonin/Wild West Village/Prefabs/Crate2.prefab
  artifactKey: Guid(446ec41c6be1d4442be5663ffb3ded4c) Importer(2089858483,192608db42251d675da83286b1cce702)
Start importing Assets/Asset/PolyRonin/Wild West Village/Prefabs/Crate2.prefab using Guid(446ec41c6be1d4442be5663ffb3ded4c) Importer(2089858483,192608db42251d675da83286b1cce702) (ScriptedImporter) -> (artifact id: '9fa9fb72f45f5ee961923b72475ea267') in 0.0170725 seconds
Number of updated asset objects reloaded before import = 0Number of asset objects unloaded after import = 8

========================================================================
Received Import Request.
  Time since last request: 0.000017 seconds.
  path: Assets/Asset/VertexModeler/LowpolyCactusPack/Scene/CactusScene_02.unity
  artifactKey: Guid(a87c844ddf429334894a126b3f6d19d8) Importer(2089858483,192608db42251d675da83286b1cce702)
Start importing Assets/Asset/VertexModeler/LowpolyCactusPack/Scene/CactusScene_02.unity using Guid(a87c844ddf429334894a126b3f6d19d8) Importer(2089858483,192608db42251d675da83286b1cce702) (ScriptedImporter) -> (artifact id: '1a3d52b01803eb616e62a4da0e88c651') in 0.01373 seconds
Number of updated asset objects reloaded before import = 0Number of asset objects unloaded after import = 1

========================================================================
Received Import Request.
  Time since last request: 0.000112 seconds.
  path: Assets/Asset/PolyRonin/Wild West Village/Prefabs/Crate1.prefab
  artifactKey: Guid(b2c64195a9ec2304cbea6a7f74dcf48f) Importer(2089858483,192608db42251d675da83286b1cce702)
Start importing Assets/Asset/PolyRonin/Wild West Village/Prefabs/Crate1.prefab using Guid(b2c64195a9ec2304cbea6a7f74dcf48f) Importer(2089858483,192608db42251d675da83286b1cce702) (ScriptedImporter) -> (artifact id: '7e5c2454f3c0601d971524426cd4f3c8') in 0.0144069 seconds
Number of updated asset objects reloaded before import = 0Number of asset objects unloaded after import = 8

========================================================================
Received Import Request.
  Time since last request: 0.000018 seconds.
  path: Assets/Asset/PolyRonin/Wild West Village/Prefabs/Building4.prefab
  artifactKey: Guid(1689ce89d9cc2294691db894aa72ab28) Importer(2089858483,192608db42251d675da83286b1cce702)
Start importing Assets/Asset/PolyRonin/Wild West Village/Prefabs/Building4.prefab using Guid(1689ce89d9cc2294691db894aa72ab28) Importer(2089858483,192608db42251d675da83286b1cce702) (ScriptedImporter) -> (artifact id: '3d88f979b2859b7e1ff7b46ad1235bf5') in 0.0176001 seconds
Number of updated asset objects reloaded before import = 0Number of asset objects unloaded after import = 9

========================================================================
Received Import Request.
  Time since last request: 0.000019 seconds.
  path: Assets/Asset/Simple_Beach_Models/Materials/Palm_Materials/Brown_1.mat
  artifactKey: Guid(cf7b306831035a1449315f5ab9e4cf6c) Importer(2089858483,192608db42251d675da83286b1cce702)
Start importing Assets/Asset/Simple_Beach_Models/Materials/Palm_Materials/Brown_1.mat using Guid(cf7b306831035a1449315f5ab9e4cf6c) Importer(2089858483,192608db42251d675da83286b1cce702) (ScriptedImporter) -> (artifact id: 'e5a783a1124b2f304e9ff50f483a72ba') in 0.0145993 seconds
Number of updated asset objects reloaded before import = 0Number of asset objects unloaded after import = 1

========================================================================
Received Import Request.
  Time since last request: 0.000156 seconds.
  path: Assets/Asset/Simple_Beach_Models/Models/Aquarius/Aquarius.fbx
  artifactKey: Guid(94a67e51af76b9c4caac6ddd68f0ca86) Importer(2089858483,192608db42251d675da83286b1cce702)
Start importing Assets/Asset/Simple_Beach_Models/Models/Aquarius/Aquarius.fbx using Guid(94a67e51af76b9c4caac6ddd68f0ca86) Importer(2089858483,192608db42251d675da83286b1cce702) (ScriptedImporter) -> (artifact id: '3f5bbb7208b694deeb23d3dea6ce510a') in 0.0207782 seconds
Number of updated asset objects reloaded before import = 0Number of asset objects unloaded after import = 9

========================================================================
Received Import Request.
  Time since last request: 0.000017 seconds.
  path: Assets/Asset/Simple_Beach_Models/Models/Sunbed/Sunbed.fbx
  artifactKey: Guid(b9aca88b61615234aa9e28c338cff9da) Importer(2089858483,192608db42251d675da83286b1cce702)
Start importing Assets/Asset/Simple_Beach_Models/Models/Sunbed/Sunbed.fbx using Guid(b9aca88b61615234aa9e28c338cff9da) Importer(2089858483,192608db42251d675da83286b1cce702) (ScriptedImporter) -> (artifact id: '86bac9b3506c5a4be3988252cf4d0556') in 0.0199686 seconds
Number of updated asset objects reloaded before import = 0Number of asset objects unloaded after import = 10

========================================================================
Received Import Request.
  Time since last request: 0.000018 seconds.
  path: Assets/Asset/DuNguyn/Egypt Props Pack/Model/Egypt_Props/SM_Da_09.fbx
  artifactKey: Guid(4e7a74af211affa459eea55f6cb138ef) Importer(2089858483,192608db42251d675da83286b1cce702)
Start importing Assets/Asset/DuNguyn/Egypt Props Pack/Model/Egypt_Props/SM_Da_09.fbx using Guid(4e7a74af211affa459eea55f6cb138ef) Importer(2089858483,192608db42251d675da83286b1cce702) (ScriptedImporter) -> (artifact id: '8b2fa159d60409755aac0b6ed8c7e101') in 0.0170913 seconds
Number of updated asset objects reloaded before import = 0Number of asset objects unloaded after import = 8

========================================================================
Received Import Request.
  Time since last request: 0.000028 seconds.
  path: Assets/Asset/VertexModeler/LowpolyCactusPack/Scene/CactusScene_01.unity
  artifactKey: Guid(3a99ca292be8edc4cb2cf6d824666fc0) Importer(2089858483,192608db42251d675da83286b1cce702)
Start importing Assets/Asset/VertexModeler/LowpolyCactusPack/Scene/CactusScene_01.unity using Guid(3a99ca292be8edc4cb2cf6d824666fc0) Importer(2089858483,192608db42251d675da83286b1cce702) (ScriptedImporter) -> (artifact id: 'd09be54f3b458be82a88755e807f46e3') in 0.0127425 seconds
Number of updated asset objects reloaded before import = 0Number of asset objects unloaded after import = 1

========================================================================
Received Import Request.
  Time since last request: 0.000101 seconds.
  path: Assets/Asset/DuNguyn/Egypt Props Pack/Model/Egypt_Props/SM_Da_01.fbx
  artifactKey: Guid(926a688c767a2644bafca30b65d01c58) Importer(2089858483,192608db42251d675da83286b1cce702)
Start importing Assets/Asset/DuNguyn/Egypt Props Pack/Model/Egypt_Props/SM_Da_01.fbx using Guid(926a688c767a2644bafca30b65d01c58) Importer(2089858483,192608db42251d675da83286b1cce702) (ScriptedImporter) -> (artifact id: 'b977105bdbc16727d6c81c15bfeb18c7') in 0.0191013 seconds
Number of updated asset objects reloaded before import = 0Number of asset objects unloaded after import = 8

========================================================================
Received Import Request.
  Time since last request: 0.000021 seconds.
  path: Assets/Asset/Simple_Beach_Models/Materials/Desk_Material/Brown_3.mat
  artifactKey: Guid(3a2106441f689024fbc3fba02cc16e63) Importer(2089858483,192608db42251d675da83286b1cce702)
Start importing Assets/Asset/Simple_Beach_Models/Materials/Desk_Material/Brown_3.mat using Guid(3a2106441f689024fbc3fba02cc16e63) Importer(2089858483,192608db42251d675da83286b1cce702) (ScriptedImporter) -> (artifact id: 'a494992f869a070cd3beab2cf2f9b131') in 0.0109807 seconds
Number of updated asset objects reloaded before import = 0Number of asset objects unloaded after import = 1

========================================================================
Received Import Request.
  Time since last request: 0.000046 seconds.
  path: Assets/Asset/VertexModeler/LowpolyCactusPack/Prefab/Cactus.003.prefab
  artifactKey: Guid(ee3fc01c853bba9428eae5e9b7ec5d94) Importer(2089858483,192608db42251d675da83286b1cce702)
Start importing Assets/Asset/VertexModeler/LowpolyCactusPack/Prefab/Cactus.003.prefab using Guid(ee3fc01c853bba9428eae5e9b7ec5d94) Importer(2089858483,192608db42251d675da83286b1cce702) (ScriptedImporter) -> (artifact id: '04ef1e74e7f48b4e65d4b7d62f743c57') in 0.0165078 seconds
Number of updated asset objects reloaded before import = 0Number of asset objects unloaded after import = 8

========================================================================
Received Import Request.
  Time since last request: 0.000019 seconds.
  path: Assets/Asset/Simple_Beach_Models/Materials/Ball_Materials/Blue.mat
  artifactKey: Guid(e88f73ae50c448441b69348cc61b1fbb) Importer(2089858483,192608db42251d675da83286b1cce702)
Start importing Assets/Asset/Simple_Beach_Models/Materials/Ball_Materials/Blue.mat using Guid(e88f73ae50c448441b69348cc61b1fbb) Importer(2089858483,192608db42251d675da83286b1cce702) (ScriptedImporter) -> (artifact id: '2a6aa86f251251dc4766a44de4fed4ac') in 0.0136527 seconds
Number of updated asset objects reloaded before import = 0Number of asset objects unloaded after import = 1

========================================================================
Received Import Request.
  Time since last request: 0.000031 seconds.
  path: Assets/Asset/PolyRonin/Wild West Village/Prefabs/Cactus2.prefab
  artifactKey: Guid(3b6d9ed9ad66cab48b7e5ffc69bcdb7d) Importer(2089858483,192608db42251d675da83286b1cce702)
Start importing Assets/Asset/PolyRonin/Wild West Village/Prefabs/Cactus2.prefab using Guid(3b6d9ed9ad66cab48b7e5ffc69bcdb7d) Importer(2089858483,192608db42251d675da83286b1cce702) (ScriptedImporter) -> (artifact id: 'ee236cf1e97038dffeda5963b68dc97f') in 0.0160397 seconds
Number of updated asset objects reloaded before import = 0Number of asset objects unloaded after import = 8

========================================================================
Received Import Request.
  Time since last request: 0.000019 seconds.
  path: Assets/Asset/PolyRonin/Wild West Village/Prefabs/Cactus1.prefab
  artifactKey: Guid(a11f9b615e8afe54588fee2ffebb3cf9) Importer(2089858483,192608db42251d675da83286b1cce702)
Start importing Assets/Asset/PolyRonin/Wild West Village/Prefabs/Cactus1.prefab using Guid(a11f9b615e8afe54588fee2ffebb3cf9) Importer(2089858483,192608db42251d675da83286b1cce702) (ScriptedImporter) -> (artifact id: '816bc570f6fe66a05d347fd398906698') in 0.0176349 seconds
Number of updated asset objects reloaded before import = 0Number of asset objects unloaded after import = 8

========================================================================
Received Import Request.
  Time since last request: 0.000018 seconds.
  path: Assets/Asset/PolyRonin/Wild West Village/Prefabs/Cactus3.prefab
  artifactKey: Guid(613cfedd33dad4647807eaccab0659b9) Importer(2089858483,192608db42251d675da83286b1cce702)
Start importing Assets/Asset/PolyRonin/Wild West Village/Prefabs/Cactus3.prefab using Guid(613cfedd33dad4647807eaccab0659b9) Importer(2089858483,192608db42251d675da83286b1cce702) (ScriptedImporter) -> (artifact id: '8a0c9c47e42ca46282464a834b9b5d26') in 0.017365 seconds
Number of updated asset objects reloaded before import = 0Number of asset objects unloaded after import = 8

========================================================================
Received Import Request.
  Time since last request: 0.000027 seconds.
  path: Assets/Asset/Simple_Beach_Models/Materials/Palm_Materials/Green_2.mat
  artifactKey: Guid(256af873d950ba1428e4ffdc8de3f0c6) Importer(2089858483,192608db42251d675da83286b1cce702)
Start importing Assets/Asset/Simple_Beach_Models/Materials/Palm_Materials/Green_2.mat using Guid(256af873d950ba1428e4ffdc8de3f0c6) Importer(2089858483,192608db42251d675da83286b1cce702) (ScriptedImporter) -> (artifact id: '034fd04dcbe74eed3bfd57d2993a8261') in 0.0147564 seconds
Number of updated asset objects reloaded before import = 0Number of asset objects unloaded after import = 1

========================================================================
Received Import Request.
  Time since last request: 0.000060 seconds.
  path: Assets/Asset/Simple_Beach_Models/Materials/Starfish_Material/Red.mat
  artifactKey: Guid(f913a9fcc55dd2e4a81f5c5d7537dd2e) Importer(2089858483,192608db42251d675da83286b1cce702)
Start importing Assets/Asset/Simple_Beach_Models/Materials/Starfish_Material/Red.mat using Guid(f913a9fcc55dd2e4a81f5c5d7537dd2e) Importer(2089858483,192608db42251d675da83286b1cce702) (ScriptedImporter) -> (artifact id: '237ce4352c96af3f892a5cdedfea3285') in 0.0145487 seconds
Number of updated asset objects reloaded before import = 0Number of asset objects unloaded after import = 1

========================================================================
Received Import Request.
  Time since last request: 0.000080 seconds.
  path: Assets/Asset/DuNguyn/Egypt Props Pack/Model/Egypt_Props/SM_Da_05.fbx
  artifactKey: Guid(a10421a24827ae84a98279ec70c98507) Importer(2089858483,192608db42251d675da83286b1cce702)
Start importing Assets/Asset/DuNguyn/Egypt Props Pack/Model/Egypt_Props/SM_Da_05.fbx using Guid(a10421a24827ae84a98279ec70c98507) Importer(2089858483,192608db42251d675da83286b1cce702) (ScriptedImporter) -> (artifact id: '9c4b4617f6c0bdbdf3d87df48ae7c14e') in 0.0199706 seconds
Number of updated asset objects reloaded before import = 0Number of asset objects unloaded after import = 8

========================================================================
Received Import Request.
  Time since last request: 0.000018 seconds.
  path: Assets/Asset/PolyRonin/Wild West Village/Materials/wild-west-village.mat
  artifactKey: Guid(db624b3c91dab2d4694fe137f15d46bc) Importer(2089858483,192608db42251d675da83286b1cce702)
Start importing Assets/Asset/PolyRonin/Wild West Village/Materials/wild-west-village.mat using Guid(db624b3c91dab2d4694fe137f15d46bc) Importer(2089858483,192608db42251d675da83286b1cce702) (ScriptedImporter) -> (artifact id: 'b16979b401b1a45dbf2cedd39fc40dcf') in 0.0163018 seconds
Number of updated asset objects reloaded before import = 0Number of asset objects unloaded after import = 2

========================================================================
Received Import Request.
  Time since last request: 0.000019 seconds.
  path: Assets/Asset/VertexModeler/LowpolyCactusPack/Material/Mat_CactusGround.mat
  artifactKey: Guid(39333f32738ac7e43a992169be3f9004) Importer(2089858483,192608db42251d675da83286b1cce702)
Start importing Assets/Asset/VertexModeler/LowpolyCactusPack/Material/Mat_CactusGround.mat using Guid(39333f32738ac7e43a992169be3f9004) Importer(2089858483,192608db42251d675da83286b1cce702) (ScriptedImporter) -> (artifact id: '440156cd2a51de7c9c726aa62ef6d33b') in 0.0141145 seconds
Number of updated asset objects reloaded before import = 0Number of asset objects unloaded after import = 1

========================================================================
Received Import Request.
  Time since last request: 0.000093 seconds.
  path: Assets/Asset/PolyRonin/Wild West Village/Prefabs/Rock2.prefab
  artifactKey: Guid(f5d3d2a8a1c75aa4ba0271bb19a0650e) Importer(2089858483,192608db42251d675da83286b1cce702)
Start importing Assets/Asset/PolyRonin/Wild West Village/Prefabs/Rock2.prefab using Guid(f5d3d2a8a1c75aa4ba0271bb19a0650e) Importer(2089858483,192608db42251d675da83286b1cce702) (ScriptedImporter) -> (artifact id: '34e6e512ab8cfb128ad0342b2e3d7e65') in 0.0164796 seconds
Number of updated asset objects reloaded before import = 0Number of asset objects unloaded after import = 8

========================================================================
Received Import Request.
  Time since last request: 0.000030 seconds.
  path: Assets/Asset/VertexModeler/LowpolyCactusPack/Prefab/Cactus.007.prefab
  artifactKey: Guid(f56adf55b4dddfc45b71a129cc4b0643) Importer(2089858483,192608db42251d675da83286b1cce702)
Start importing Assets/Asset/VertexModeler/LowpolyCactusPack/Prefab/Cactus.007.prefab using Guid(f56adf55b4dddfc45b71a129cc4b0643) Importer(2089858483,192608db42251d675da83286b1cce702) (ScriptedImporter) -> (artifact id: 'cceaa39a9046c92ddba0291acbb9b1d9') in 0.0145687 seconds
Number of updated asset objects reloaded before import = 0Number of asset objects unloaded after import = 8

========================================================================
Received Import Request.
  Time since last request: 0.072216 seconds.
  path: Assets/Asset/DuNguyn/Egypt Props Pack/Model/Egypt_Props/SM_NhaPhu_06.fbx
  artifactKey: Guid(030900312492e29478b77f59a5994a88) Importer(2089858483,192608db42251d675da83286b1cce702)
Start importing Assets/Asset/DuNguyn/Egypt Props Pack/Model/Egypt_Props/SM_NhaPhu_06.fbx using Guid(030900312492e29478b77f59a5994a88) Importer(2089858483,192608db42251d675da83286b1cce702) (ScriptedImporter) -> (artifact id: '0e2a3de90acc2540af928d318f23691d') in 0.0187269 seconds
Number of updated asset objects reloaded before import = 0Number of asset objects unloaded after import = 8

========================================================================
Received Import Request.
  Time since last request: 0.000017 seconds.
  path: Assets/Asset/ithappy/Creative_Characters_FREE/Prefabs/Outfit/Outfit_010.prefab
  artifactKey: Guid(b252804b344d1ad499f624beedabf5e6) Importer(2089858483,192608db42251d675da83286b1cce702)
Start importing Assets/Asset/ithappy/Creative_Characters_FREE/Prefabs/Outfit/Outfit_010.prefab using Guid(b252804b344d1ad499f624beedabf5e6) Importer(2089858483,192608db42251d675da83286b1cce702) (ScriptedImporter) -> (artifact id: 'ffec23eb48bd7b9d127ae6920374a9bc') in 0.0158117 seconds
Number of updated asset objects reloaded before import = 0Number of asset objects unloaded after import = 198

========================================================================
Received Import Request.
  Time since last request: 0.000017 seconds.
  path: Assets/Asset/ithappy/Creative_Characters_FREE/Scripts/Editor/SlotName.cs
  artifactKey: Guid(1ac16c79e660467b936803ef0169efdd) Importer(2089858483,192608db42251d675da83286b1cce702)
Start importing Assets/Asset/ithappy/Creative_Characters_FREE/Scripts/Editor/SlotName.cs using Guid(1ac16c79e660467b936803ef0169efdd) Importer(2089858483,192608db42251d675da83286b1cce702) (ScriptedImporter) -> (artifact id: '7dd493025e9d761d0b65a258b6c67407') in 0.013665 seconds
Number of updated asset objects reloaded before import = 0Number of asset objects unloaded after import = 0

========================================================================
Received Import Request.
  Time since last request: 0.000138 seconds.
  path: Assets/Asset/ithappy/Creative_Characters_FREE/Meshes/Gloves/Gloves_014.fbx
  artifactKey: Guid(47ba93e4fb1b05e418fa1918bf34ed85) Importer(2089858483,192608db42251d675da83286b1cce702)
Start importing Assets/Asset/ithappy/Creative_Characters_FREE/Meshes/Gloves/Gloves_014.fbx using Guid(47ba93e4fb1b05e418fa1918bf34ed85) Importer(2089858483,192608db42251d675da83286b1cce702) (ScriptedImporter) -> (artifact id: 'c96dcbdffda1f8ff5240c1fecaffdc0e') in 0.0190087 seconds
Number of updated asset objects reloaded before import = 0Number of asset objects unloaded after import = 100

========================================================================
Received Import Request.
  Time since last request: 0.000016 seconds.
  path: Assets/Asset/ithappy/Creative_Characters_FREE/Prefabs/Gloves/Gloves_006.prefab
  artifactKey: Guid(7f8db76a1fcaa484190470b5c4c30342) Importer(2089858483,192608db42251d675da83286b1cce702)
Start importing Assets/Asset/ithappy/Creative_Characters_FREE/Prefabs/Gloves/Gloves_006.prefab using Guid(7f8db76a1fcaa484190470b5c4c30342) Importer(2089858483,192608db42251d675da83286b1cce702) (ScriptedImporter) -> (artifact id: '27077dbb09a0bdb39740aee84a4e50e5') in 0.0140805 seconds
Number of updated asset objects reloaded before import = 0Number of asset objects unloaded after import = 198

========================================================================
Received Import Request.
  Time since last request: 0.000019 seconds.
  path: Assets/Asset/ithappy/Creative_Characters_FREE/Scripts/Editor/LayerMaskUtility.cs
  artifactKey: Guid(496fab0852c0452fad73654ac2a8306d) Importer(2089858483,192608db42251d675da83286b1cce702)
Start importing Assets/Asset/ithappy/Creative_Characters_FREE/Scripts/Editor/LayerMaskUtility.cs using Guid(496fab0852c0452fad73654ac2a8306d) Importer(2089858483,192608db42251d675da83286b1cce702) (ScriptedImporter) -> (artifact id: '7323dd924fbc8887b3f328fc957afdd7') in 0.0108298 seconds
Number of updated asset objects reloaded before import = 0Number of asset objects unloaded after import = 0

========================================================================
Received Import Request.
  Time since last request: 0.000138 seconds.
  path: Assets/Asset/ithappy/Creative_Characters_FREE/Prefabs/Socks/Socks_008.prefab
  artifactKey: Guid(f5101c4f11780bd4e96cc9e040681fe9) Importer(2089858483,192608db42251d675da83286b1cce702)
Start importing Assets/Asset/ithappy/Creative_Characters_FREE/Prefabs/Socks/Socks_008.prefab using Guid(f5101c4f11780bd4e96cc9e040681fe9) Importer(2089858483,192608db42251d675da83286b1cce702) (ScriptedImporter) -> (artifact id: '06349ba29b38c8b152c71616b20abc0e') in 0.0161944 seconds
Number of updated asset objects reloaded before import = 0Number of asset objects unloaded after import = 198

========================================================================
Received Import Request.
  Time since last request: 0.000020 seconds.
  path: Assets/Asset/ithappy/Creative_Characters_FREE/Prefabs/Costumes/Costume_13_002.prefab
  artifactKey: Guid(48013649fde2719469b91a7b7816e693) Importer(2089858483,192608db42251d675da83286b1cce702)
Start importing Assets/Asset/ithappy/Creative_Characters_FREE/Prefabs/Costumes/Costume_13_002.prefab using Guid(48013649fde2719469b91a7b7816e693) Importer(2089858483,192608db42251d675da83286b1cce702) (ScriptedImporter) -> (artifact id: 'f630d40e6bbbaa49cd3850c1c1b8641a') in 0.0170771 seconds
Number of updated asset objects reloaded before import = 0Number of asset objects unloaded after import = 198

========================================================================
Received Import Request.
  Time since last request: 0.000026 seconds.
  path: Assets/Asset/ithappy/Creative_Characters_FREE/Meshes/Shoes/Shoe_Sneakers_009.fbx
  artifactKey: Guid(0fc9184e885899c408b2467848981766) Importer(2089858483,192608db42251d675da83286b1cce702)
Start importing Assets/Asset/ithappy/Creative_Characters_FREE/Meshes/Shoes/Shoe_Sneakers_009.fbx using Guid(0fc9184e885899c408b2467848981766) Importer(2089858483,192608db42251d675da83286b1cce702) (ScriptedImporter) -> (artifact id: '2a1bb6be4c0be4ae29fb2609faf941b1') in 0.0220324 seconds
Number of updated asset objects reloaded before import = 0Number of asset objects unloaded after import = 100

========================================================================
Received Import Request.
  Time since last request: 0.000019 seconds.
  path: Assets/Asset/DuNguyn/Egypt Props Pack/Model/Egypt_Props/SM_O_Nen_v2_12.fbx
  artifactKey: Guid(4fbc8ae9eccbff54b9db60126a3944e2) Importer(2089858483,192608db42251d675da83286b1cce702)
Start importing Assets/Asset/DuNguyn/Egypt Props Pack/Model/Egypt_Props/SM_O_Nen_v2_12.fbx using Guid(4fbc8ae9eccbff54b9db60126a3944e2) Importer(2089858483,192608db42251d675da83286b1cce702) (ScriptedImporter) -> (artifact id: '5ac416848b45f6482daead5b4020b509') in 0.0168326 seconds
Number of updated asset objects reloaded before import = 0Number of asset objects unloaded after import = 8

========================================================================
Received Import Request.
  Time since last request: 0.000018 seconds.
  path: Assets/Asset/DuNguyn/Egypt Props Pack/Model/Egypt_Props/SM_O_Nen_v1_03.fbx
  artifactKey: Guid(f4889bdb29e6aa64ba28248f2ad58df0) Importer(2089858483,192608db42251d675da83286b1cce702)
Start importing Assets/Asset/DuNguyn/Egypt Props Pack/Model/Egypt_Props/SM_O_Nen_v1_03.fbx using Guid(f4889bdb29e6aa64ba28248f2ad58df0) Importer(2089858483,192608db42251d675da83286b1cce702) (ScriptedImporter) -> (artifact id: 'c43a83cbec0892b11eb47505e11e57b4') in 0.0270429 seconds
Number of updated asset objects reloaded before import = 0Number of asset objects unloaded after import = 8

========================================================================
Received Import Request.
  Time since last request: 0.000020 seconds.
  path: Assets/Asset/ithappy/Creative_Characters_FREE/Prefabs/Outwear/Outwear_004.prefab
  artifactKey: Guid(90ed5a8af4944eb44ba4e1bc591c3062) Importer(2089858483,192608db42251d675da83286b1cce702)
Start importing Assets/Asset/ithappy/Creative_Characters_FREE/Prefabs/Outwear/Outwear_004.prefab using Guid(90ed5a8af4944eb44ba4e1bc591c3062) Importer(2089858483,192608db42251d675da83286b1cce702) (ScriptedImporter) -> (artifact id: '1913fa271a3d8d720a919eee8709f694') in 0.0160689 seconds
Number of updated asset objects reloaded before import = 0Number of asset objects unloaded after import = 198

========================================================================
Received Import Request.
  Time since last request: 0.000023 seconds.
  path: Assets/Asset/ithappy/Creative_Characters_FREE/Scripts/FaceManagement/FaceType.cs
  artifactKey: Guid(de89b91bb3f34946abf58874cd21d7fd) Importer(2089858483,192608db42251d675da83286b1cce702)
Start importing Assets/Asset/ithappy/Creative_Characters_FREE/Scripts/FaceManagement/FaceType.cs using Guid(de89b91bb3f34946abf58874cd21d7fd) Importer(2089858483,192608db42251d675da83286b1cce702) (ScriptedImporter) -> (artifact id: '1268baa2d4e1c3f6c9fc68a7c0d14e9f') in 0.0137966 seconds
Number of updated asset objects reloaded before import = 0Number of asset objects unloaded after import = 0

========================================================================
Received Import Request.
  Time since last request: 0.000105 seconds.
  path: Assets/Asset/ithappy/Creative_Characters_FREE/Scripts/FaceManagement/FaceMesh.cs
  artifactKey: Guid(61031a315ae149fd92a6cbff53bb99a8) Importer(2089858483,192608db42251d675da83286b1cce702)
Start importing Assets/Asset/ithappy/Creative_Characters_FREE/Scripts/FaceManagement/FaceMesh.cs using Guid(61031a315ae149fd92a6cbff53bb99a8) Importer(2089858483,192608db42251d675da83286b1cce702) (ScriptedImporter) -> (artifact id: '4dd451d450890ea9ccdcc1de75e83e52') in 0.0107119 seconds
Number of updated asset objects reloaded before import = 0Number of asset objects unloaded after import = 0

========================================================================
Received Import Request.
  Time since last request: 0.000042 seconds.
  path: Assets/Asset/ithappy/Creative_Characters_FREE/Prefabs/Hat/Hat_010.prefab
  artifactKey: Guid(ffdfd160ef28c2f4aa96c8fb7ee0ade7) Importer(2089858483,192608db42251d675da83286b1cce702)
Start importing Assets/Asset/ithappy/Creative_Characters_FREE/Prefabs/Hat/Hat_010.prefab using Guid(ffdfd160ef28c2f4aa96c8fb7ee0ade7) Importer(2089858483,192608db42251d675da83286b1cce702) (ScriptedImporter) -> (artifact id: '859885ddfbb13ef63ff67b21ed81fcc8') in 0.0167141 seconds
Number of updated asset objects reloaded before import = 0Number of asset objects unloaded after import = 198

========================================================================
Received Import Request.
  Time since last request: 0.000015 seconds.
  path: Assets/Asset/Old Sea Port/EffectExamples/FireExplosionEffects/Materials/FlameParticle.mat
  artifactKey: Guid(bd8c234372a08af408b82538314378fe) Importer(2089858483,192608db42251d675da83286b1cce702)
Start importing Assets/Asset/Old Sea Port/EffectExamples/FireExplosionEffects/Materials/FlameParticle.mat using Guid(bd8c234372a08af408b82538314378fe) Importer(2089858483,192608db42251d675da83286b1cce702) (ScriptedImporter) -> (artifact id: 'e59ad60f0a85c498fd730f231d4e5cae') in 0.0155001 seconds
Number of updated asset objects reloaded before import = 0Number of asset objects unloaded after import = 2

========================================================================
Received Import Request.
  Time since last request: 0.000022 seconds.
  path: Assets/Asset/ithappy/Creative_Characters_FREE/Prefabs/Shorts/Shorts_003.prefab
  artifactKey: Guid(9ee1fee4171846f4192f28480783f17f) Importer(2089858483,192608db42251d675da83286b1cce702)
Start importing Assets/Asset/ithappy/Creative_Characters_FREE/Prefabs/Shorts/Shorts_003.prefab using Guid(9ee1fee4171846f4192f28480783f17f) Importer(2089858483,192608db42251d675da83286b1cce702) (ScriptedImporter) -> (artifact id: '6e2fbc756a6fb662ccc1e98729c6f42f') in 0.0191694 seconds
Number of updated asset objects reloaded before import = 0Number of asset objects unloaded after import = 198

========================================================================
Received Import Request.
  Time since last request: 0.000019 seconds.
  path: Assets/Asset/Old Sea Port/EffectExamples/FireExplosionEffects/Materials/LightningParticle.mat
  artifactKey: Guid(123ac6dc79004e54b8b352a7e64acdca) Importer(2089858483,192608db42251d675da83286b1cce702)
Start importing Assets/Asset/Old Sea Port/EffectExamples/FireExplosionEffects/Materials/LightningParticle.mat using Guid(123ac6dc79004e54b8b352a7e64acdca) Importer(2089858483,192608db42251d675da83286b1cce702) (ScriptedImporter) -> (artifact id: 'c7f5d7af6fd0b16e9974a14dc0e2e3f7') in 0.0153686 seconds
Number of updated asset objects reloaded before import = 0Number of asset objects unloaded after import = 2

========================================================================
Received Import Request.
  Time since last request: 0.000018 seconds.
  path: Assets/Asset/DuNguyn/Egypt Props Pack/Model/Egypt_Props/SM_Tru_01.fbx
  artifactKey: Guid(4f52200ee5ccb264999edf3754e50ba5) Importer(2089858483,192608db42251d675da83286b1cce702)
Start importing Assets/Asset/DuNguyn/Egypt Props Pack/Model/Egypt_Props/SM_Tru_01.fbx using Guid(4f52200ee5ccb264999edf3754e50ba5) Importer(2089858483,192608db42251d675da83286b1cce702) (ScriptedImporter) -> (artifact id: 'd06a020e5fcf72caffe2f98535f0be5c') in 0.0196757 seconds
Number of updated asset objects reloaded before import = 0Number of asset objects unloaded after import = 8

========================================================================
Received Import Request.
  Time since last request: 0.000017 seconds.
  path: Assets/Asset/DuNguyn/Egypt Props Pack/Model/Egypt_Props/SM_O_Nen_v2_04.fbx
  artifactKey: Guid(c08e0a80d648a1248b18c4ca4f68a33d) Importer(2089858483,192608db42251d675da83286b1cce702)
Start importing Assets/Asset/DuNguyn/Egypt Props Pack/Model/Egypt_Props/SM_O_Nen_v2_04.fbx using Guid(c08e0a80d648a1248b18c4ca4f68a33d) Importer(2089858483,192608db42251d675da83286b1cce702) (ScriptedImporter) -> (artifact id: '50f20a305ca7410c27e72bd6e6fc5474') in 0.0221019 seconds
Number of updated asset objects reloaded before import = 0Number of asset objects unloaded after import = 8

========================================================================
Received Import Request.
  Time since last request: 0.000020 seconds.
  path: Assets/Asset/ithappy/Creative_Characters_FREE/Meshes/Outwear/Outwear_004.fbx
  artifactKey: Guid(e79b799a85000cd4ea6d2332153cbd7b) Importer(2089858483,192608db42251d675da83286b1cce702)
Start importing Assets/Asset/ithappy/Creative_Characters_FREE/Meshes/Outwear/Outwear_004.fbx using Guid(e79b799a85000cd4ea6d2332153cbd7b) Importer(2089858483,192608db42251d675da83286b1cce702) (ScriptedImporter) -> (artifact id: '2d4bba4fef5a532bc0fe3821acfb1dcf') in 0.0182473 seconds
Number of updated asset objects reloaded before import = 0Number of asset objects unloaded after import = 100

========================================================================
Received Import Request.
  Time since last request: 0.000029 seconds.
  path: Assets/Asset/ithappy/Creative_Characters_FREE/Scripts/Editor/AssetLoader.cs
  artifactKey: Guid(b259f0c39cff4c16a0d6aa27f0286f0b) Importer(2089858483,192608db42251d675da83286b1cce702)
Start importing Assets/Asset/ithappy/Creative_Characters_FREE/Scripts/Editor/AssetLoader.cs using Guid(b259f0c39cff4c16a0d6aa27f0286f0b) Importer(2089858483,192608db42251d675da83286b1cce702) (ScriptedImporter) -> (artifact id: '10ac8f363b32deeab35629627ad68c49') in 0.0119151 seconds
Number of updated asset objects reloaded before import = 0Number of asset objects unloaded after import = 0

========================================================================
Received Import Request.
  Time since last request: 0.000126 seconds.
  path: Assets/Asset/ithappy/Creative_Characters_FREE/Scripts/Editor/CharacterCustomizationWindow.cs
  artifactKey: Guid(09a7b34151da87d46a6e0cff3b379e11) Importer(2089858483,192608db42251d675da83286b1cce702)
Start importing Assets/Asset/ithappy/Creative_Characters_FREE/Scripts/Editor/CharacterCustomizationWindow.cs using Guid(09a7b34151da87d46a6e0cff3b379e11) Importer(2089858483,192608db42251d675da83286b1cce702) (ScriptedImporter) -> (artifact id: '2c5fd66b8c43e229e23efabf582eb616') in 0.0124834 seconds
Number of updated asset objects reloaded before import = 0Number of asset objects unloaded after import = 0

========================================================================
Received Import Request.
  Time since last request: 0.000055 seconds.
  path: Assets/Asset/ithappy/Creative_Characters_FREE/Meshes/Pants/Pants_009.fbx
  artifactKey: Guid(0f24f9714abd24a4596c28822aaa7a39) Importer(2089858483,192608db42251d675da83286b1cce702)
Start importing Assets/Asset/ithappy/Creative_Characters_FREE/Meshes/Pants/Pants_009.fbx using Guid(0f24f9714abd24a4596c28822aaa7a39) Importer(2089858483,192608db42251d675da83286b1cce702) (ScriptedImporter) -> (artifact id: '68a62d4781978b849a4e927deeca5143') in 0.0202579 seconds
Number of updated asset objects reloaded before import = 0Number of asset objects unloaded after import = 100

========================================================================
Received Import Request.
  Time since last request: 0.000018 seconds.
  path: Assets/Asset/ithappy/Creative_Characters_FREE/Animations/Animation_Mesh/Aminset_Basic.fbx
  artifactKey: Guid(5dbb2366974668d48a42568690792034) Importer(2089858483,192608db42251d675da83286b1cce702)
Start importing Assets/Asset/ithappy/Creative_Characters_FREE/Animations/Animation_Mesh/Aminset_Basic.fbx using Guid(5dbb2366974668d48a42568690792034) Importer(2089858483,192608db42251d675da83286b1cce702) (ScriptedImporter) -> (artifact id: '0de516ccb17d56b42f0fec8442d2238f') in 0.0789553 seconds
Number of updated asset objects reloaded before import = 0Number of asset objects unloaded after import = 129

========================================================================
Received Import Request.
  Time since last request: 0.000017 seconds.
  path: Assets/Asset/DuNguyn/Egypt Props Pack/Model/Egypt_Props/SM_Nha_03.fbx
  artifactKey: Guid(b88af14881304d84ba0b5af132075510) Importer(2089858483,192608db42251d675da83286b1cce702)
Start importing Assets/Asset/DuNguyn/Egypt Props Pack/Model/Egypt_Props/SM_Nha_03.fbx using Guid(b88af14881304d84ba0b5af132075510) Importer(2089858483,192608db42251d675da83286b1cce702) (ScriptedImporter) -> (artifact id: '4f000a4d3420a1e3dd79f6fe5ab5e664') in 0.0200556 seconds
Number of updated asset objects reloaded before import = 0Number of asset objects unloaded after import = 8

========================================================================
Received Import Request.
  Time since last request: 0.000016 seconds.
  path: Assets/Asset/Old Sea Port/EffectExamples/FireExplosionEffects/Textures/RoundSoftParticle.tif
  artifactKey: Guid(82c211cd7b28abb4a9e4ee77e8bd1b03) Importer(2089858483,192608db42251d675da83286b1cce702)
Start importing Assets/Asset/Old Sea Port/EffectExamples/FireExplosionEffects/Textures/RoundSoftParticle.tif using Guid(82c211cd7b28abb4a9e4ee77e8bd1b03) Importer(2089858483,192608db42251d675da83286b1cce702) (ScriptedImporter) -> (artifact id: 'b403ab5cd256d39ae7b964420b517c63') in 0.0189411 seconds
Number of updated asset objects reloaded before import = 0Number of asset objects unloaded after import = 1

========================================================================
Received Import Request.
  Time since last request: 0.000040 seconds.
  path: Assets/Asset/ithappy/Creative_Characters_FREE/Scripts/Editor/Randomizer/Steps/Impl/MascotsStep.cs
  artifactKey: Guid(793ebe74e68a4bf0afaa3eb68e2387c9) Importer(2089858483,192608db42251d675da83286b1cce702)
Start importing Assets/Asset/ithappy/Creative_Characters_FREE/Scripts/Editor/Randomizer/Steps/Impl/MascotsStep.cs using Guid(793ebe74e68a4bf0afaa3eb68e2387c9) Importer(2089858483,192608db42251d675da83286b1cce702) (ScriptedImporter) -> (artifact id: '44ae80355291a74888bc97bbe3febcbe') in 0.0142943 seconds
Number of updated asset objects reloaded before import = 0Number of asset objects unloaded after import = 0

========================================================================
Received Import Request.
  Time since last request: 0.000154 seconds.
  path: Assets/Asset/ithappy/Creative_Characters_FREE/Scripts/Editor/Character/SlotLibraryLoader.cs
  artifactKey: Guid(3c3cb4b19185480caba797a0824231a7) Importer(2089858483,192608db42251d675da83286b1cce702)
Start importing Assets/Asset/ithappy/Creative_Characters_FREE/Scripts/Editor/Character/SlotLibraryLoader.cs using Guid(3c3cb4b19185480caba797a0824231a7) Importer(2089858483,192608db42251d675da83286b1cce702) (ScriptedImporter) -> (artifact id: '14fe93585626c8ef28a83d2a281a7b6a') in 0.0107691 seconds
Number of updated asset objects reloaded before import = 0Number of asset objects unloaded after import = 0

========================================================================
Received Import Request.
  Time since last request: 0.000064 seconds.
  path: Assets/Asset/ithappy/Creative_Characters_FREE/Scripts/Editor/SlotValidation/SlotValidator.cs
  artifactKey: Guid(59d0e64fe5d64ef2b950220f1d6fac4b) Importer(2089858483,192608db42251d675da83286b1cce702)
Start importing Assets/Asset/ithappy/Creative_Characters_FREE/Scripts/Editor/SlotValidation/SlotValidator.cs using Guid(59d0e64fe5d64ef2b950220f1d6fac4b) Importer(2089858483,192608db42251d675da83286b1cce702) (ScriptedImporter) -> (artifact id: '15d2a483c27e9c159be1ad8057f2d18f') in 0.012527 seconds
Number of updated asset objects reloaded before import = 0Number of asset objects unloaded after import = 0

========================================================================
Received Import Request.
  Time since last request: 0.000065 seconds.
  path: Assets/Asset/Old Sea Port/EffectExamples/Shared/Prefabs/Sand.prefab
  artifactKey: Guid(ba43211ecc156be458125732de23ddb6) Importer(2089858483,192608db42251d675da83286b1cce702)
Start importing Assets/Asset/Old Sea Port/EffectExamples/Shared/Prefabs/Sand.prefab using Guid(ba43211ecc156be458125732de23ddb6) Importer(2089858483,192608db42251d675da83286b1cce702) (ScriptedImporter) -> (artifact id: '3e0cfae44cc015bdf55b2b24708e2b0e') in 0.0197048 seconds
Number of updated asset objects reloaded before import = 0Number of asset objects unloaded after import = 14

========================================================================
Received Import Request.
  Time since last request: 0.000018 seconds.
  path: Assets/Asset/Old Sea Port/EffectExamples/Shared/PhysicsMaterials/Stone.physicMaterial
  artifactKey: Guid(7509f6c6d640a774f9dfaa8af8658a80) Importer(2089858483,192608db42251d675da83286b1cce702)
Start importing Assets/Asset/Old Sea Port/EffectExamples/Shared/PhysicsMaterials/Stone.physicMaterial using Guid(7509f6c6d640a774f9dfaa8af8658a80) Importer(2089858483,192608db42251d675da83286b1cce702) (ScriptedImporter) -> (artifact id: '6588913efd798f30abc55741e6cf0da6') in 0.0150888 seconds
Number of updated asset objects reloaded before import = 0Number of asset objects unloaded after import = 1

========================================================================
Received Import Request.
  Time since last request: 0.000036 seconds.
  path: Assets/Asset/ithappy/Creative_Characters_FREE/Scripts/Editor/Randomizer/Steps/Impl/OutwearStep.cs
  artifactKey: Guid(74f9991652aa46348c881d0e7908b073) Importer(2089858483,192608db42251d675da83286b1cce702)
Start importing Assets/Asset/ithappy/Creative_Characters_FREE/Scripts/Editor/Randomizer/Steps/Impl/OutwearStep.cs using Guid(74f9991652aa46348c881d0e7908b073) Importer(2089858483,192608db42251d675da83286b1cce702) (ScriptedImporter) -> (artifact id: '2519cb3cb66b6c3e29bb61a5d9f3682c') in 0.0134787 seconds
Number of updated asset objects reloaded before import = 0Number of asset objects unloaded after import = 0

========================================================================
Received Import Request.
  Time since last request: 0.000093 seconds.
  path: Assets/Asset/ithappy/Creative_Characters_FREE/Scripts/Editor/Randomizer/Steps/Impl/ShortsStep.cs
  artifactKey: Guid(2b73523352e7483bbe87c1ebc732a1ff) Importer(2089858483,192608db42251d675da83286b1cce702)
Start importing Assets/Asset/ithappy/Creative_Characters_FREE/Scripts/Editor/Randomizer/Steps/Impl/ShortsStep.cs using Guid(2b73523352e7483bbe87c1ebc732a1ff) Importer(2089858483,192608db42251d675da83286b1cce702) (ScriptedImporter) -> (artifact id: '6c6b25d80d3a3cf7dec062bf65a27167') in 0.0137591 seconds
Number of updated asset objects reloaded before import = 0Number of asset objects unloaded after import = 0

========================================================================
Received Import Request.
  Time since last request: 0.000102 seconds.
  path: Assets/Asset/ithappy/Creative_Characters_FREE/Scripts/Editor/MaterialManagement/MaterialOnDemand.cs
  artifactKey: Guid(64d9492e12b140e5a5d41e01cd21f244) Importer(2089858483,192608db42251d675da83286b1cce702)
Start importing Assets/Asset/ithappy/Creative_Characters_FREE/Scripts/Editor/MaterialManagement/MaterialOnDemand.cs using Guid(64d9492e12b140e5a5d41e01cd21f244) Importer(2089858483,192608db42251d675da83286b1cce702) (ScriptedImporter) -> (artifact id: '3078de183e7e10d6ec9b53570ed046cf') in 0.0129473 seconds
Number of updated asset objects reloaded before import = 0Number of asset objects unloaded after import = 0

========================================================================
Received Import Request.
  Time since last request: 0.000068 seconds.
  path: Assets/Asset/Old Sea Port/EffectExamples/FireExplosionEffects/Textures/SmokePuff02ParticleSheet.tif
  artifactKey: Guid(26e206bd730800f4f82b828eb9f1c067) Importer(2089858483,192608db42251d675da83286b1cce702)
Start importing Assets/Asset/Old Sea Port/EffectExamples/FireExplosionEffects/Textures/SmokePuff02ParticleSheet.tif using Guid(26e206bd730800f4f82b828eb9f1c067) Importer(2089858483,192608db42251d675da83286b1cce702) (ScriptedImporter) -> (artifact id: '9af9d3e7c5607d9a770c260d896c965c') in 0.0227526 seconds
Number of updated asset objects reloaded before import = 0Number of asset objects unloaded after import = 1

========================================================================
Received Import Request.
  Time since last request: 0.000160 seconds.
  path: Assets/Asset/Old Sea Port/EffectExamples/Shared/Textures/CloudsOcclusion.tif
  artifactKey: Guid(86ad23c623f950a4997067186e283be5) Importer(2089858483,192608db42251d675da83286b1cce702)
Start importing Assets/Asset/Old Sea Port/EffectExamples/Shared/Textures/CloudsOcclusion.tif using Guid(86ad23c623f950a4997067186e283be5) Importer(2089858483,192608db42251d675da83286b1cce702) (ScriptedImporter) -> (artifact id: '99ab02f7ed14ba7a5e75ab9f450b9574') in 0.0182154 seconds
Number of updated asset objects reloaded before import = 0Number of asset objects unloaded after import = 1

========================================================================
Received Import Request.
  Time since last request: 0.000037 seconds.
  path: Assets/Asset/Old Sea Port/EffectExamples/Shared/Prefabs/Stone.prefab
  artifactKey: Guid(6b4eed762f985a04bbc740b9da12e38d) Importer(2089858483,192608db42251d675da83286b1cce702)
Start importing Assets/Asset/Old Sea Port/EffectExamples/Shared/Prefabs/Stone.prefab using Guid(6b4eed762f985a04bbc740b9da12e38d) Importer(2089858483,192608db42251d675da83286b1cce702) (ScriptedImporter) -> (artifact id: '53ee1aca7c7ecc92f704bd6c1969fa6d') in 0.015912 seconds
Number of updated asset objects reloaded before import = 0Number of asset objects unloaded after import = 14

========================================================================
Received Import Request.
  Time since last request: 0.000016 seconds.
  path: Assets/Asset/ithappy/Creative_Characters_FREE/Scripts/Editor/Randomizer/Steps/Impl/SocksStep.cs
  artifactKey: Guid(246406a9e2694ee199d27d33b1a5abd2) Importer(2089858483,192608db42251d675da83286b1cce702)
Start importing Assets/Asset/ithappy/Creative_Characters_FREE/Scripts/Editor/Randomizer/Steps/Impl/SocksStep.cs using Guid(246406a9e2694ee199d27d33b1a5abd2) Importer(2089858483,192608db42251d675da83286b1cce702) (ScriptedImporter) -> (artifact id: '6f03455e78529d4df458b62e65908f88') in 0.0133086 seconds
Number of updated asset objects reloaded before import = 0Number of asset objects unloaded after import = 0

========================================================================
Received Import Request.
  Time since last request: 0.000063 seconds.
  path: Assets/Asset/ithappy/Creative_Characters_FREE/Scripts/Editor/Character/CustomizableCharacter.cs
  artifactKey: Guid(eb14e4484b804470a44337b79a7e352d) Importer(2089858483,192608db42251d675da83286b1cce702)
Start importing Assets/Asset/ithappy/Creative_Characters_FREE/Scripts/Editor/Character/CustomizableCharacter.cs using Guid(eb14e4484b804470a44337b79a7e352d) Importer(2089858483,192608db42251d675da83286b1cce702) (ScriptedImporter) -> (artifact id: 'e8699c9edf414c7728aa48e42d7f9be7') in 0.0134812 seconds
Number of updated asset objects reloaded before import = 0Number of asset objects unloaded after import = 0

========================================================================
Received Import Request.
  Time since last request: 0.000229 seconds.
  path: Assets/Asset/Old Sea Port/EffectExamples/Shared/Prefabs/Extinguish.prefab
  artifactKey: Guid(ec68cf3d27ad1bf48a4b4d3af84e4ded) Importer(2089858483,192608db42251d675da83286b1cce702)
Start importing Assets/Asset/Old Sea Port/EffectExamples/Shared/Prefabs/Extinguish.prefab using Guid(ec68cf3d27ad1bf48a4b4d3af84e4ded) Importer(2089858483,192608db42251d675da83286b1cce702) (ScriptedImporter) -> (artifact id: 'd3d4bdf2fc6376ccc09bdb764593ad27') in 0.0195924 seconds
Number of updated asset objects reloaded before import = 0Number of asset objects unloaded after import = 35

========================================================================
Received Import Request.
  Time since last request: 0.000021 seconds.
  path: Assets/Asset/ithappy/Creative_Characters_FREE/Scripts/Editor/Randomizer/Steps/Impl/HairstyleStep.cs
  artifactKey: Guid(bd5070c46d6e4eba9378623e5ab9b2b0) Importer(2089858483,192608db42251d675da83286b1cce702)
Start importing Assets/Asset/ithappy/Creative_Characters_FREE/Scripts/Editor/Randomizer/Steps/Impl/HairstyleStep.cs using Guid(bd5070c46d6e4eba9378623e5ab9b2b0) Importer(2089858483,192608db42251d675da83286b1cce702) (ScriptedImporter) -> (artifact id: 'be5ac9b28c0bb7ffa6bfa8e4e50a26a1') in 0.0119433 seconds
Number of updated asset objects reloaded before import = 0Number of asset objects unloaded after import = 0

========================================================================
Received Import Request.
  Time since last request: 0.000068 seconds.
  path: Assets/Asset/Old Sea Port/EffectExamples/Shared/Materials/WoodSurface.mat
  artifactKey: Guid(ce4b77858ec6c0f469b07b034c21a85f) Importer(2089858483,192608db42251d675da83286b1cce702)
Start importing Assets/Asset/Old Sea Port/EffectExamples/Shared/Materials/WoodSurface.mat using Guid(ce4b77858ec6c0f469b07b034c21a85f) Importer(2089858483,192608db42251d675da83286b1cce702) (ScriptedImporter) -> (artifact id: '97e92612702a576a16701f0c30a1faa6') in 0.0448025 seconds
Number of updated asset objects reloaded before import = 0Number of asset objects unloaded after import = 4

========================================================================
Received Import Request.
  Time since last request: 0.000022 seconds.
  path: Assets/Asset/ithappy/Creative_Characters_FREE/Scripts/Editor/Character/FullBodySlot.cs
  artifactKey: Guid(8adf98cee48f47c099edca891fba555f) Importer(2089858483,192608db42251d675da83286b1cce702)
Start importing Assets/Asset/ithappy/Creative_Characters_FREE/Scripts/Editor/Character/FullBodySlot.cs using Guid(8adf98cee48f47c099edca891fba555f) Importer(2089858483,192608db42251d675da83286b1cce702) (ScriptedImporter) -> (artifact id: '91255e4c22d9527657a9ac5aa4c1af48') in 0.0110052 seconds
Number of updated asset objects reloaded before import = 0Number of asset objects unloaded after import = 0

========================================================================
Received Import Request.
  Time since last request: 0.000131 seconds.
  path: Assets/Asset/ithappy/Creative_Characters_FREE/Scripts/Editor/Randomizer/Steps/Impl/CostumesStep.cs
  artifactKey: Guid(f1cd3103d9d741ff9aed903f55545928) Importer(2089858483,192608db42251d675da83286b1cce702)
Start importing Assets/Asset/ithappy/Creative_Characters_FREE/Scripts/Editor/Randomizer/Steps/Impl/CostumesStep.cs using Guid(f1cd3103d9d741ff9aed903f55545928) Importer(2089858483,192608db42251d675da83286b1cce702) (ScriptedImporter) -> (artifact id: 'ec07bfd3b5905cf316ef6190fb05281b') in 0.011086 seconds
Number of updated asset objects reloaded before import = 0Number of asset objects unloaded after import = 0

========================================================================
Received Import Request.
  Time since last request: 0.000103 seconds.
  path: Assets/Asset/ithappy/Creative_Characters_FREE/Scripts/Editor/Randomizer/RandomCharacterGenerator.cs
  artifactKey: Guid(90f894f9feef4ac9997c9a681333e648) Importer(2089858483,192608db42251d675da83286b1cce702)
Start importing Assets/Asset/ithappy/Creative_Characters_FREE/Scripts/Editor/Randomizer/RandomCharacterGenerator.cs using Guid(90f894f9feef4ac9997c9a681333e648) Importer(2089858483,192608db42251d675da83286b1cce702) (ScriptedImporter) -> (artifact id: '112566eac485435b9c72e51d9f3d0cfb') in 0.0131532 seconds
Number of updated asset objects reloaded before import = 0Number of asset objects unloaded after import = 0

========================================================================
Received Import Request.
  Time since last request: 0.000057 seconds.
  path: Assets/Asset/ithappy/Creative_Characters_FREE/Scripts/Editor/Character/FullBodyVariant.cs
  artifactKey: Guid(5936af340a884d9987333809fb1f3c4c) Importer(2089858483,192608db42251d675da83286b1cce702)
Start importing Assets/Asset/ithappy/Creative_Characters_FREE/Scripts/Editor/Character/FullBodyVariant.cs using Guid(5936af340a884d9987333809fb1f3c4c) Importer(2089858483,192608db42251d675da83286b1cce702) (ScriptedImporter) -> (artifact id: 'ed6fd1e92fe0f8c2960b0ed755881319') in 0.0117256 seconds
Number of updated asset objects reloaded before import = 0Number of asset objects unloaded after import = 0

========================================================================
Received Import Request.
  Time since last request: 0.000071 seconds.
  path: Assets/Asset/ithappy/Creative_Characters_FREE/Scripts/Editor/SlotValidation/FullBodyToggledRule.cs
  artifactKey: Guid(e8892e8bc6414128bef2a15222ef42e5) Importer(2089858483,192608db42251d675da83286b1cce702)
Start importing Assets/Asset/ithappy/Creative_Characters_FREE/Scripts/Editor/SlotValidation/FullBodyToggledRule.cs using Guid(e8892e8bc6414128bef2a15222ef42e5) Importer(2089858483,192608db42251d675da83286b1cce702) (ScriptedImporter) -> (artifact id: 'cbcb90f1d063749e53a54157a5f7c236') in 0.0119365 seconds
Number of updated asset objects reloaded before import = 0Number of asset objects unloaded after import = 0

========================================================================
Received Import Request.
  Time since last request: 0.000102 seconds.
  path: Assets/Asset/ithappy/Creative_Characters_FREE/Scripts/Editor/Randomizer/Steps/Impl/StepBase.cs
  artifactKey: Guid(3e2f5ffd08ce455b937d13c7d07ece65) Importer(2089858483,192608db42251d675da83286b1cce702)
Start importing Assets/Asset/ithappy/Creative_Characters_FREE/Scripts/Editor/Randomizer/Steps/Impl/StepBase.cs using Guid(3e2f5ffd08ce455b937d13c7d07ece65) Importer(2089858483,192608db42251d675da83286b1cce702) (ScriptedImporter) -> (artifact id: 'ba59ae5cfca305e3199bd9d7b1f57538') in 0.0139258 seconds
Number of updated asset objects reloaded before import = 0Number of asset objects unloaded after import = 0

========================================================================
Received Import Request.
  Time since last request: 0.000085 seconds.
  path: Assets/Asset/ithappy/Creative_Characters_FREE/Meshes/Hairstyle Single/Hairstyle_Male_Single_006.fbx
  artifactKey: Guid(49afccecce4f7b446a34b4e3223cf8ff) Importer(2089858483,192608db42251d675da83286b1cce702)
Start importing Assets/Asset/ithappy/Creative_Characters_FREE/Meshes/Hairstyle Single/Hairstyle_Male_Single_006.fbx using Guid(49afccecce4f7b446a34b4e3223cf8ff) Importer(2089858483,192608db42251d675da83286b1cce702) (ScriptedImporter) -> (artifact id: 'f2c5fe9467b5b385b5dcdabe6d96e557') in 0.0185147 seconds
Number of updated asset objects reloaded before import = 0Number of asset objects unloaded after import = 100

========================================================================
Received Import Request.
  Time since last request: 0.000016 seconds.
  path: Assets/Asset/ithappy/Creative_Characters_FREE/Prefabs/Shoes/Shoe_Slippers_005.prefab
  artifactKey: Guid(ce9bcbfdf19c4314b9076e7c4e8b9c6e) Importer(2089858483,192608db42251d675da83286b1cce702)
Start importing Assets/Asset/ithappy/Creative_Characters_FREE/Prefabs/Shoes/Shoe_Slippers_005.prefab using Guid(ce9bcbfdf19c4314b9076e7c4e8b9c6e) Importer(2089858483,192608db42251d675da83286b1cce702) (ScriptedImporter) -> (artifact id: 'fb815f2f7a03aeec7150534e8456379e') in 0.0181712 seconds
Number of updated asset objects reloaded before import = 0Number of asset objects unloaded after import = 198

========================================================================
Received Import Request.
  Time since last request: 0.000022 seconds.
  path: Assets/Asset/ithappy/Creative_Characters_FREE/Scripts/Editor/Randomizer/Steps/IRandomizerStep.cs
  artifactKey: Guid(c471afe9dd44d074f99841183c4cf278) Importer(2089858483,192608db42251d675da83286b1cce702)
Start importing Assets/Asset/ithappy/Creative_Characters_FREE/Scripts/Editor/Randomizer/Steps/IRandomizerStep.cs using Guid(c471afe9dd44d074f99841183c4cf278) Importer(2089858483,192608db42251d675da83286b1cce702) (ScriptedImporter) -> (artifact id: '79da59b5762802d8002cf42c6b2c52f1') in 0.0121653 seconds
Number of updated asset objects reloaded before import = 0Number of asset objects unloaded after import = 0

========================================================================
Received Import Request.
  Time since last request: 0.000077 seconds.
  path: Assets/Asset/Old Sea Port/EffectExamples/Shared/Textures/wood_tiled_02_o.tif
  artifactKey: Guid(3f61242b237377e4590f4e6d1c869079) Importer(2089858483,192608db42251d675da83286b1cce702)
Start importing Assets/Asset/Old Sea Port/EffectExamples/Shared/Textures/wood_tiled_02_o.tif using Guid(3f61242b237377e4590f4e6d1c869079) Importer(2089858483,192608db42251d675da83286b1cce702) (ScriptedImporter) -> (artifact id: 'f2b5f518100a7617c3e1651a72b9dcc4') in 0.0178801 seconds
Number of updated asset objects reloaded before import = 0Number of asset objects unloaded after import = 1

========================================================================
Received Import Request.
  Time since last request: 0.000044 seconds.
  path: Assets/Asset/ithappy/Creative_Characters_FREE/Scripts/Character_Controller/CharacterMover.cs
  artifactKey: Guid(f75db5b538eef814b9775d744f05e3b5) Importer(2089858483,192608db42251d675da83286b1cce702)
Start importing Assets/Asset/ithappy/Creative_Characters_FREE/Scripts/Character_Controller/CharacterMover.cs using Guid(f75db5b538eef814b9775d744f05e3b5) Importer(2089858483,192608db42251d675da83286b1cce702) (ScriptedImporter) -> (artifact id: '2958aba8a20c182f03e6d7a364832f66') in 0.008742 seconds
Number of updated asset objects reloaded before import = 0Number of asset objects unloaded after import = 0

========================================================================
Received Import Request.
  Time since last request: 0.000099 seconds.
  path: Assets/Asset/ithappy/Creative_Characters_FREE/Scripts/Editor/Randomizer/Steps/Impl/HatSingleStep.cs
  artifactKey: Guid(7b225042b1974444979dbc9e3040da4a) Importer(2089858483,192608db42251d675da83286b1cce702)
Start importing Assets/Asset/ithappy/Creative_Characters_FREE/Scripts/Editor/Randomizer/Steps/Impl/HatSingleStep.cs using Guid(7b225042b1974444979dbc9e3040da4a) Importer(2089858483,192608db42251d675da83286b1cce702) (ScriptedImporter) -> (artifact id: 'dba821a5294653099ef6e0a423cd5e3d') in 0.0133126 seconds
Number of updated asset objects reloaded before import = 0Number of asset objects unloaded after import = 0

========================================================================
Received Import Request.
  Time since last request: 0.000086 seconds.
  path: Assets/Asset/ithappy/Creative_Characters_FREE/Animations/Other_Animations/Idle_Relaxed.anim
  artifactKey: Guid(d7c91d687742c86458ee65714ce8dd25) Importer(2089858483,192608db42251d675da83286b1cce702)
Start importing Assets/Asset/ithappy/Creative_Characters_FREE/Animations/Other_Animations/Idle_Relaxed.anim using Guid(d7c91d687742c86458ee65714ce8dd25) Importer(2089858483,192608db42251d675da83286b1cce702) (ScriptedImporter) -> (artifact id: 'a413c44efde310eaf0519b91a5b96eb3') in 0.020288 seconds
Number of updated asset objects reloaded before import = 0Number of asset objects unloaded after import = 1

========================================================================
Received Import Request.
  Time since last request: 0.000078 seconds.
  path: Assets/Asset/ithappy/Creative_Characters_FREE/Prefabs/Glasses/Glasses_006.prefab
  artifactKey: Guid(254f193832ea7e548a928137e81ecf2d) Importer(2089858483,192608db42251d675da83286b1cce702)
Start importing Assets/Asset/ithappy/Creative_Characters_FREE/Prefabs/Glasses/Glasses_006.prefab using Guid(254f193832ea7e548a928137e81ecf2d) Importer(2089858483,192608db42251d675da83286b1cce702) (ScriptedImporter) -> (artifact id: '902cec3db93b99680afbe0e6e2fec08a') in 0.0158869 seconds
Number of updated asset objects reloaded before import = 0Number of asset objects unloaded after import = 198

========================================================================
Received Import Request.
  Time since last request: 0.000019 seconds.
  path: Assets/Asset/DuNguyn/Egypt Props Pack/Model/Egypt_Props/SM_Tru_03.fbx
  artifactKey: Guid(e439435a6066a1940960a400309b8128) Importer(2089858483,192608db42251d675da83286b1cce702)
Start importing Assets/Asset/DuNguyn/Egypt Props Pack/Model/Egypt_Props/SM_Tru_03.fbx using Guid(e439435a6066a1940960a400309b8128) Importer(2089858483,192608db42251d675da83286b1cce702) (ScriptedImporter) -> (artifact id: '548ce614e832d74efe0979ba9841d30b') in 0.0193493 seconds
Number of updated asset objects reloaded before import = 0Number of asset objects unloaded after import = 8

========================================================================
Received Import Request.
  Time since last request: 0.000022 seconds.
  path: Assets/Asset/DuNguyn/Egypt Props Pack/Model/Egypt_Props/SM_Tru_02.fbx
  artifactKey: Guid(e562b0e395d7c6041b9adf4f271ac519) Importer(2089858483,192608db42251d675da83286b1cce702)
Start importing Assets/Asset/DuNguyn/Egypt Props Pack/Model/Egypt_Props/SM_Tru_02.fbx using Guid(e562b0e395d7c6041b9adf4f271ac519) Importer(2089858483,192608db42251d675da83286b1cce702) (ScriptedImporter) -> (artifact id: '068909c64e82d64fdd8efad100cc3fc3') in 0.0191124 seconds
Number of updated asset objects reloaded before import = 0Number of asset objects unloaded after import = 8

========================================================================
Received Import Request.
  Time since last request: 0.000035 seconds.
  path: Assets/Asset/Old Sea Port/EffectExamples/Shared/Scripts/GunAim.cs
  artifactKey: Guid(c63d71560c10e473ebc409185edd2c8c) Importer(2089858483,192608db42251d675da83286b1cce702)
Start importing Assets/Asset/Old Sea Port/EffectExamples/Shared/Scripts/GunAim.cs using Guid(c63d71560c10e473ebc409185edd2c8c) Importer(2089858483,192608db42251d675da83286b1cce702) (ScriptedImporter) -> (artifact id: 'ebd3b790822cd9d5bb23f53bf14658e4') in 0.0131063 seconds
Number of updated asset objects reloaded before import = 0Number of asset objects unloaded after import = 0

========================================================================
Received Import Request.
  Time since last request: 0.000083 seconds.
  path: Assets/Asset/ithappy/Creative_Characters_FREE/Meshes/Shorts/Shorts_003.fbx
  artifactKey: Guid(1e74168fbee4e5c4097912723ebf6de7) Importer(2089858483,192608db42251d675da83286b1cce702)
Start importing Assets/Asset/ithappy/Creative_Characters_FREE/Meshes/Shorts/Shorts_003.fbx using Guid(1e74168fbee4e5c4097912723ebf6de7) Importer(2089858483,192608db42251d675da83286b1cce702) (ScriptedImporter) -> (artifact id: '89be81e19c3944e8b45ff8e7233935e3') in 0.0219224 seconds
Number of updated asset objects reloaded before import = 0Number of asset objects unloaded after import = 100

========================================================================
Received Import Request.
  Time since last request: 0.000020 seconds.
  path: Assets/Asset/ithappy/Creative_Characters_FREE/Animations/Other_Animations/Strafe_Right.anim
  artifactKey: Guid(1c8b826792c3d53499d140fcf8b41ff6) Importer(2089858483,192608db42251d675da83286b1cce702)
Start importing Assets/Asset/ithappy/Creative_Characters_FREE/Animations/Other_Animations/Strafe_Right.anim using Guid(1c8b826792c3d53499d140fcf8b41ff6) Importer(2089858483,192608db42251d675da83286b1cce702) (ScriptedImporter) -> (artifact id: '3a1c9f7bcbedc2ec1b4396454172cc7a') in 0.0204404 seconds
Number of updated asset objects reloaded before import = 0Number of asset objects unloaded after import = 1

========================================================================
Received Import Request.
  Time since last request: 0.000078 seconds.
  path: Assets/Asset/Old Sea Port/EffectExamples/FireExplosionEffects/Materials/PlasmaFireParticle.mat
  artifactKey: Guid(b5387d3c2ba98fc44a0f5744f94ce48c) Importer(2089858483,192608db42251d675da83286b1cce702)
Start importing Assets/Asset/Old Sea Port/EffectExamples/FireExplosionEffects/Materials/PlasmaFireParticle.mat using Guid(b5387d3c2ba98fc44a0f5744f94ce48c) Importer(2089858483,192608db42251d675da83286b1cce702) (ScriptedImporter) -> (artifact id: '2fc1635f09dffa12c4dcef15ad13e953') in 0.0160789 seconds
Number of updated asset objects reloaded before import = 0Number of asset objects unloaded after import = 2

========================================================================
Received Import Request.
  Time since last request: 0.000019 seconds.
  path: Assets/Asset/ithappy/Creative_Characters_FREE/Scripts/Editor/AssetsPath.cs
  artifactKey: Guid(f2c2e9af7f6a4a1f957a9b57889e19c9) Importer(2089858483,192608db42251d675da83286b1cce702)
Start importing Assets/Asset/ithappy/Creative_Characters_FREE/Scripts/Editor/AssetsPath.cs using Guid(f2c2e9af7f6a4a1f957a9b57889e19c9) Importer(2089858483,192608db42251d675da83286b1cce702) (ScriptedImporter) -> (artifact id: 'ab1163cc8814ab44e49d2c8014774a71') in 0.0120227 seconds
Number of updated asset objects reloaded before import = 0Number of asset objects unloaded after import = 0

========================================================================
Received Import Request.
  Time since last request: 0.000090 seconds.
  path: Assets/Asset/ithappy/Creative_Characters_FREE/Scripts/Editor/SavedSlot.cs
  artifactKey: Guid(d8a7d8c640f54e72ad3e5c5ead02249b) Importer(2089858483,192608db42251d675da83286b1cce702)
Start importing Assets/Asset/ithappy/Creative_Characters_FREE/Scripts/Editor/SavedSlot.cs using Guid(d8a7d8c640f54e72ad3e5c5ead02249b) Importer(2089858483,192608db42251d675da83286b1cce702) (ScriptedImporter) -> (artifact id: 'e49c00184c6aa77b97180e32d568da99') in 0.0138309 seconds
Number of updated asset objects reloaded before import = 0Number of asset objects unloaded after import = 0

========================================================================
Received Import Request.
  Time since last request: 0.000085 seconds.
  path: Assets/Asset/ithappy/Creative_Characters_FREE/Scripts/Editor/SlotValidation/ISlotValidationRules.cs
  artifactKey: Guid(113b8583712d407b82fec0990f671ae0) Importer(2089858483,192608db42251d675da83286b1cce702)
Start importing Assets/Asset/ithappy/Creative_Characters_FREE/Scripts/Editor/SlotValidation/ISlotValidationRules.cs using Guid(113b8583712d407b82fec0990f671ae0) Importer(2089858483,192608db42251d675da83286b1cce702) (ScriptedImporter) -> (artifact id: '6aaaf864839db84cd22c69c7f21bd534') in 0.0129574 seconds
Number of updated asset objects reloaded before import = 0Number of asset objects unloaded after import = 0

========================================================================
Received Prepare
Begin MonoManager ReloadAssembly
- Loaded All Assemblies, in  0.574 seconds
Refreshing native plugins compatible for Editor in 0.68 ms, found 3 plugins.
Native extension for Android target not found
Native extension for WindowsStandalone target not found
Mono: successfully reloaded assembly
- Finished resetting the current domain, in  0.638 seconds
Domain Reload Profiling: 1212ms
	BeginReloadAssembly (183ms)
		ExecutionOrderSort (0ms)
		DisableScriptedObjects (5ms)
		BackupInstance (0ms)
		ReleaseScriptingObjects (0ms)
		CreateAndSetChildDomain (45ms)
	RebuildCommonClasses (36ms)
	RebuildNativeTypeToScriptingClass (12ms)
	initialDomainReloadingComplete (30ms)
	LoadAllAssembliesAndSetupDomain (312ms)
		LoadAssemblies (280ms)
		RebuildTransferFunctionScriptingTraits (0ms)
		AnalyzeDomain (129ms)
			TypeCache.Refresh (7ms)
				TypeCache.ScanAssembly (0ms)
			BuildScriptInfoCaches (112ms)
			ResolveRequiredComponents (6ms)
	FinalizeReload (639ms)
		ReleaseScriptCaches (0ms)
		RebuildScriptCaches (0ms)
		SetupLoadedEditorAssemblies (535ms)
			LogAssemblyErrors (0ms)
			InitializePlatformSupportModulesInManaged (11ms)
			SetLoadedEditorAssemblies (3ms)
			BeforeProcessingInitializeOnLoad (73ms)
			ProcessInitializeOnLoadAttributes (424ms)
			ProcessInitializeOnLoadMethodAttributes (20ms)
			AfterProcessingInitializeOnLoad (3ms)
			EditorAssembliesLoaded (0ms)
		ExecutionOrderSort2 (0ms)
		AwakeInstancesAfterBackupRestoration (4ms)
Refreshing native plugins compatible for Editor in 1.03 ms, found 3 plugins.
Preloading 0 native plugins for Editor in 0.00 ms.
Unloading 1 Unused Serialized files (Serialized files now loaded: 0)
Unloading 3780 unused Assets / (1.6 MB). Loaded Objects now: 4310.
Memory consumption went from 101.5 MB to 99.9 MB.
Total: 9.253100 ms (FindLiveObjects: 0.543300 ms CreateObjectMapping: 0.491000 ms MarkObjects: 6.285200 ms  DeleteObjects: 1.932200 ms)

Prepare: number of updated asset objects reloaded= 0
