Using pre-set license
Built from '6000.0/release' branch; Version is '6000.0.45f1 (d91bd3d4e081) revision 14228435'; Using compiler version '193933523'; Build Type 'Release'
OS: 'Windows 11  (10.0.26100) 64bit Core' Language: 'ko' Physical Memory: 32478 MB
BatchMode: 1, IsHumanControllingUs: 0, StartBugReporterOnCrash: 0, Is64bit: 1, IsPro: 1

COMMAND LINE ARGUMENTS:
C:\Program Files\Unity\Hub\Editor\6000.0.45f1\Editor\Unity.exe
-adb2
-batchMode
-noUpm
-name
AssetImportWorker9
-projectPath
C:/Users/User/Documents/GitHub/Nature-Snap/Nature Snap
-logFile
Logs/AssetImportWorker9.log
-srvPort
56944
-job-worker-count
7
-background-job-worker-count
8
-gc-helper-count
1
Successfully changed project path to: C:/Users/User/Documents/GitHub/Nature-Snap/Nature Snap
C:/Users/User/Documents/GitHub/Nature-Snap/Nature Snap
[UnityMemory] Configuration Parameters - Can be set up in boot.config
    "memorysetup-bucket-allocator-granularity=16"
    "memorysetup-bucket-allocator-bucket-count=8"
    "memorysetup-bucket-allocator-block-size=33554432"
    "memorysetup-bucket-allocator-block-count=8"
    "memorysetup-main-allocator-block-size=16777216"
    "memorysetup-thread-allocator-block-size=16777216"
    "memorysetup-gfx-main-allocator-block-size=16777216"
    "memorysetup-gfx-thread-allocator-block-size=16777216"
    "memorysetup-cache-allocator-block-size=4194304"
    "memorysetup-typetree-allocator-block-size=2097152"
    "memorysetup-profiler-bucket-allocator-granularity=16"
    "memorysetup-profiler-bucket-allocator-bucket-count=8"
    "memorysetup-profiler-bucket-allocator-block-size=33554432"
    "memorysetup-profiler-bucket-allocator-block-count=8"
    "memorysetup-profiler-allocator-block-size=16777216"
    "memorysetup-profiler-editor-allocator-block-size=1048576"
    "memorysetup-temp-allocator-size-main=16777216"
    "memorysetup-job-temp-allocator-block-size=2097152"
    "memorysetup-job-temp-allocator-block-size-background=1048576"
    "memorysetup-job-temp-allocator-reduction-small-platforms=262144"
    "memorysetup-allocator-temp-initial-block-size-main=262144"
    "memorysetup-allocator-temp-initial-block-size-worker=262144"
    "memorysetup-temp-allocator-size-background-worker=32768"
    "memorysetup-temp-allocator-size-job-worker=262144"
    "memorysetup-temp-allocator-size-preload-manager=33554432"
    "memorysetup-temp-allocator-size-nav-mesh-worker=65536"
    "memorysetup-temp-allocator-size-audio-worker=65536"
    "memorysetup-temp-allocator-size-cloud-worker=32768"
    "memorysetup-temp-allocator-size-gi-baking-worker=262144"
    "memorysetup-temp-allocator-size-gi-baking-worker=262144"
    "memorysetup-temp-allocator-size-gi-baking-worker=262144"
    "memorysetup-temp-allocator-size-gi-baking-worker=262144"
    "memorysetup-temp-allocator-size-gi-baking-worker=262144"
    "memorysetup-temp-allocator-size-gfx=262144"
Player connection [28136]  Target information:

Player connection [28136]  * "[IP] 192.168.55.144 [Port] 0 [Flags] 2 [Guid] 1928487387 [EditorId] 1928487387 [Version] 1048832 [Id] WindowsEditor(7,DESKTOP-K84KLPJ) [Debug] 1 [PackageName] WindowsEditor [ProjectName] Editor" 

Player connection [28136] Host joined multi-casting on [225.0.0.222:54997]...
Player connection [28136] Host joined alternative multi-casting on [225.0.0.222:34997]...
JobSystem: Creating JobQueue using job-worker-count value 7
Input System module state changed to: Initialized.
[Physics::Module] Initialized fallback backend.
[Physics::Module] Id: 0xdecafbad
Library Redirect Path: Library/
[Physics::Module] Selected backend.
[Physics::Module] Name: PhysX
[Physics::Module] Id: 0xf2b8ea05
[Physics::Module] SDK Version: 4.1.2
[Physics::Module] Integration Version: 1.0.0
[Physics::Module] Threading Mode: Multi-Threaded
Refreshing native plugins compatible for Editor in 0.92 ms, found 3 plugins.
Preloading 0 native plugins for Editor in 0.00 ms.
Initialize engine version: 6000.0.45f1 (d91bd3d4e081)
[Subsystems] Discovering subsystems at path C:/Program Files/Unity/Hub/Editor/6000.0.45f1/Editor/Data/Resources/UnitySubsystems
[Subsystems] Discovering subsystems at path C:/Users/User/Documents/GitHub/Nature-Snap/Nature Snap/Assets
GfxDevice: creating device client; kGfxThreadingModeNonThreaded
Direct3D:
    Version:  Direct3D 11.0 [level 11.1]
    Renderer: NVIDIA GeForce RTX 4060 (ID=0x2882)
    Vendor:   NVIDIA
    VRAM:     7957 MB
    Driver:   32.0.15.7602
Initialize mono
Mono path[0] = 'C:/Program Files/Unity/Hub/Editor/6000.0.45f1/Editor/Data/Managed'
Mono path[1] = 'C:/Program Files/Unity/Hub/Editor/6000.0.45f1/Editor/Data/MonoBleedingEdge/lib/mono/unityjit-win32'
Mono config path = 'C:/Program Files/Unity/Hub/Editor/6000.0.45f1/Editor/Data/MonoBleedingEdge/etc'
Using monoOptions --debugger-agent=transport=dt_socket,embedding=1,server=y,suspend=n,address=127.0.0.1:56756
Begin MonoManager ReloadAssembly
Registering precompiled unity dll's ...
Register platform support module: C:/Program Files/Unity/Hub/Editor/6000.0.45f1/Editor/Data/PlaybackEngines/WindowsStandaloneSupport/UnityEditor.WindowsStandalone.Extensions.dll
Register platform support module: C:/Program Files/Unity/Hub/Editor/6000.0.45f1/Editor/Data/PlaybackEngines/AndroidPlayer/UnityEditor.Android.Extensions.dll
Registered in 0.004022 seconds.
- Loaded All Assemblies, in  0.340 seconds
Native extension for Android target not found
Android Extension - Scanning For ADB Devices 252 ms
Native extension for WindowsStandalone target not found
Mono: successfully reloaded assembly
- Finished resetting the current domain, in  0.572 seconds
Domain Reload Profiling: 911ms
	BeginReloadAssembly (111ms)
		ExecutionOrderSort (0ms)
		DisableScriptedObjects (0ms)
		BackupInstance (0ms)
		ReleaseScriptingObjects (0ms)
		CreateAndSetChildDomain (1ms)
	RebuildCommonClasses (31ms)
	RebuildNativeTypeToScriptingClass (10ms)
	initialDomainReloadingComplete (45ms)
	LoadAllAssembliesAndSetupDomain (141ms)
		LoadAssemblies (111ms)
		RebuildTransferFunctionScriptingTraits (0ms)
		AnalyzeDomain (138ms)
			TypeCache.Refresh (136ms)
				TypeCache.ScanAssembly (125ms)
			BuildScriptInfoCaches (0ms)
			ResolveRequiredComponents (1ms)
	FinalizeReload (573ms)
		ReleaseScriptCaches (0ms)
		RebuildScriptCaches (0ms)
		SetupLoadedEditorAssemblies (533ms)
			LogAssemblyErrors (0ms)
			InitializePlatformSupportModulesInManaged (331ms)
			SetLoadedEditorAssemblies (4ms)
			BeforeProcessingInitializeOnLoad (44ms)
			ProcessInitializeOnLoadAttributes (104ms)
			ProcessInitializeOnLoadMethodAttributes (50ms)
			AfterProcessingInitializeOnLoad (0ms)
			EditorAssembliesLoaded (0ms)
		ExecutionOrderSort2 (0ms)
		AwakeInstancesAfterBackupRestoration (0ms)
========================================================================
Worker process is ready to serve import requests
Import Worker Mode flag is 0x00
Begin MonoManager ReloadAssembly
- Loaded All Assemblies, in  0.643 seconds
Refreshing native plugins compatible for Editor in 1.10 ms, found 3 plugins.
Native extension for Android target not found
Native extension for WindowsStandalone target not found
Mono: successfully reloaded assembly
- Finished resetting the current domain, in  0.673 seconds
Domain Reload Profiling: 1314ms
	BeginReloadAssembly (177ms)
		ExecutionOrderSort (0ms)
		DisableScriptedObjects (6ms)
		BackupInstance (0ms)
		ReleaseScriptingObjects (0ms)
		CreateAndSetChildDomain (32ms)
	RebuildCommonClasses (37ms)
	RebuildNativeTypeToScriptingClass (11ms)
	initialDomainReloadingComplete (38ms)
	LoadAllAssembliesAndSetupDomain (378ms)
		LoadAssemblies (292ms)
		RebuildTransferFunctionScriptingTraits (0ms)
		AnalyzeDomain (186ms)
			TypeCache.Refresh (151ms)
				TypeCache.ScanAssembly (136ms)
			BuildScriptInfoCaches (28ms)
			ResolveRequiredComponents (4ms)
	FinalizeReload (673ms)
		ReleaseScriptCaches (0ms)
		RebuildScriptCaches (0ms)
		SetupLoadedEditorAssemblies (564ms)
			LogAssemblyErrors (0ms)
			InitializePlatformSupportModulesInManaged (11ms)
			SetLoadedEditorAssemblies (3ms)
			BeforeProcessingInitializeOnLoad (74ms)
			ProcessInitializeOnLoadAttributes (448ms)
			ProcessInitializeOnLoadMethodAttributes (25ms)
			AfterProcessingInitializeOnLoad (3ms)
			EditorAssembliesLoaded (0ms)
		ExecutionOrderSort2 (0ms)
		AwakeInstancesAfterBackupRestoration (6ms)
Launched and connected shader compiler UnityShaderCompiler.exe after 0.01 seconds
Refreshing native plugins compatible for Editor in 1.11 ms, found 3 plugins.
Preloading 0 native plugins for Editor in 0.00 ms.
Unloading 14 Unused Serialized files (Serialized files now loaded: 0)
Unloading 3780 unused Assets / (1.4 MB). Loaded Objects now: 4297.
Memory consumption went from 100.9 MB to 99.5 MB.
Total: 8.592000 ms (FindLiveObjects: 0.434800 ms CreateObjectMapping: 0.441800 ms MarkObjects: 6.217600 ms  DeleteObjects: 1.495800 ms)

========================================================================
Received Import Request.
  Time since last request: 13818.635575 seconds.
  path: Assets/Asset/PolyRonin/Wild West Village/Prefabs/Building1.prefab
  artifactKey: Guid(b2720a2d2bdc4b24eba91d074b63eac3) Importer(815301076,1909f56bfc062723c751e8b465ee728b)
Start importing Assets/Asset/PolyRonin/Wild West Village/Prefabs/Building1.prefab using Guid(b2720a2d2bdc4b24eba91d074b63eac3) Importer(815301076,1909f56bfc062723c751e8b465ee728b) (PreviewImporter) -> (artifact id: '397cc545d0e91b3623508bd5e40a1d0e') in 0.3712109 seconds
Number of updated asset objects reloaded before import = 0Number of asset objects unloaded after import = 11

========================================================================
Received Import Request.
  Time since last request: 0.000035 seconds.
  path: Assets/Asset/PolyRonin/Wild West Village/Prefabs/Cactus2.prefab
  artifactKey: Guid(3b6d9ed9ad66cab48b7e5ffc69bcdb7d) Importer(815301076,1909f56bfc062723c751e8b465ee728b)
Start importing Assets/Asset/PolyRonin/Wild West Village/Prefabs/Cactus2.prefab using Guid(3b6d9ed9ad66cab48b7e5ffc69bcdb7d) Importer(815301076,1909f56bfc062723c751e8b465ee728b) (PreviewImporter) -> (artifact id: '0573e3d42d65c8f65fa3790d3ee02f77') in 0.0169063 seconds
Number of updated asset objects reloaded before import = 0Number of asset objects unloaded after import = 9

========================================================================
Received Import Request.
  Time since last request: 0.000032 seconds.
  path: Assets/Asset/PolyRonin/Wild West Village/Prefabs/Rock2.prefab
  artifactKey: Guid(f5d3d2a8a1c75aa4ba0271bb19a0650e) Importer(815301076,1909f56bfc062723c751e8b465ee728b)
Start importing Assets/Asset/PolyRonin/Wild West Village/Prefabs/Rock2.prefab using Guid(f5d3d2a8a1c75aa4ba0271bb19a0650e) Importer(815301076,1909f56bfc062723c751e8b465ee728b) (PreviewImporter) -> (artifact id: '430976dd3d20cc94c5aeaaae49a7196e') in 0.0144687 seconds
Number of updated asset objects reloaded before import = 0Number of asset objects unloaded after import = 9

========================================================================
Received Import Request.
  Time since last request: 0.000022 seconds.
  path: Assets/Asset/PolyRonin/Wild West Village/Prefabs/Ground.prefab
  artifactKey: Guid(87a019653f94b1f49bbb1503c8ab5529) Importer(815301076,1909f56bfc062723c751e8b465ee728b)
Start importing Assets/Asset/PolyRonin/Wild West Village/Prefabs/Ground.prefab using Guid(87a019653f94b1f49bbb1503c8ab5529) Importer(815301076,1909f56bfc062723c751e8b465ee728b) (PreviewImporter) -> (artifact id: '012ba61c6ebb33c02a2431c860f2ee44') in 0.0127872 seconds
Number of updated asset objects reloaded before import = 0Number of asset objects unloaded after import = 9

========================================================================
Received Import Request.
  Time since last request: 0.000021 seconds.
  path: Assets/Asset/PolyRonin/Wild West Village/Prefabs/Rock1.prefab
  artifactKey: Guid(b61d4d77e9a8fb34fb01bee91261e613) Importer(815301076,1909f56bfc062723c751e8b465ee728b)
Start importing Assets/Asset/PolyRonin/Wild West Village/Prefabs/Rock1.prefab using Guid(b61d4d77e9a8fb34fb01bee91261e613) Importer(815301076,1909f56bfc062723c751e8b465ee728b) (PreviewImporter) -> (artifact id: '8b594056617e8630947ccd2bb4d60bff') in 0.0146433 seconds
Number of updated asset objects reloaded before import = 0Number of asset objects unloaded after import = 9

========================================================================
Received Import Request.
  Time since last request: 0.000023 seconds.
  path: Assets/Asset/PolyRonin/Wild West Village/Prefabs/Cactus4.prefab
  artifactKey: Guid(8397a63b6f6029c4883b55fa20d86ae2) Importer(815301076,1909f56bfc062723c751e8b465ee728b)
Start importing Assets/Asset/PolyRonin/Wild West Village/Prefabs/Cactus4.prefab using Guid(8397a63b6f6029c4883b55fa20d86ae2) Importer(815301076,1909f56bfc062723c751e8b465ee728b) (PreviewImporter) -> (artifact id: '018594f3150fb1544208a1a07cceb19c') in 0.0131835 seconds
Number of updated asset objects reloaded before import = 0Number of asset objects unloaded after import = 9

========================================================================
Received Import Request.
  Time since last request: 398.081635 seconds.
  path: Assets/Asset/Old Sea Port/Materials/Bark_Grey_Shiny.mat
  artifactKey: Guid(76b27126339d3d041b24024587f42d55) Importer(815301076,1909f56bfc062723c751e8b465ee728b)
Start importing Assets/Asset/Old Sea Port/Materials/Bark_Grey_Shiny.mat using Guid(76b27126339d3d041b24024587f42d55) Importer(815301076,1909f56bfc062723c751e8b465ee728b) (PreviewImporter) -> (artifact id: 'b9d12b8f2683b51ca401adcb3eb95319') in 0.0725524 seconds
Number of updated asset objects reloaded before import = 0Number of asset objects unloaded after import = 4

========================================================================
Received Import Request.
  Time since last request: 0.000034 seconds.
  path: Assets/Asset/Old Sea Port/Materials/Cobblestone_Shiny.mat
  artifactKey: Guid(b5ccf7076bf73e541a3e23897a2a3092) Importer(815301076,1909f56bfc062723c751e8b465ee728b)
Start importing Assets/Asset/Old Sea Port/Materials/Cobblestone_Shiny.mat using Guid(b5ccf7076bf73e541a3e23897a2a3092) Importer(815301076,1909f56bfc062723c751e8b465ee728b) (PreviewImporter) -> (artifact id: '5b2dbbd9c1f9c8eaa410897890b10407') in 0.0540199 seconds
Number of updated asset objects reloaded before import = 0Number of asset objects unloaded after import = 4

========================================================================
Received Import Request.
  Time since last request: 0.000018 seconds.
  path: Assets/Asset/Old Sea Port/Materials/Log_End.mat
  artifactKey: Guid(fe229f20750599645b732bda3b0b539f) Importer(815301076,1909f56bfc062723c751e8b465ee728b)
Start importing Assets/Asset/Old Sea Port/Materials/Log_End.mat using Guid(fe229f20750599645b732bda3b0b539f) Importer(815301076,1909f56bfc062723c751e8b465ee728b) (PreviewImporter) -> (artifact id: '5ac688003ba2db2584a60357df55860a') in 0.0512733 seconds
Number of updated asset objects reloaded before import = 0Number of asset objects unloaded after import = 4

========================================================================
Received Import Request.
  Time since last request: 0.000017 seconds.
  path: Assets/Asset/Old Sea Port/Materials/Rooftiles.mat
  artifactKey: Guid(0f142ca19d247964dbdb02184863dac4) Importer(815301076,1909f56bfc062723c751e8b465ee728b)
Start importing Assets/Asset/Old Sea Port/Materials/Rooftiles.mat using Guid(0f142ca19d247964dbdb02184863dac4) Importer(815301076,1909f56bfc062723c751e8b465ee728b) (PreviewImporter) -> (artifact id: 'f30542f99919987fe582aef06eaf7256') in 0.0178797 seconds
Number of updated asset objects reloaded before import = 0Number of asset objects unloaded after import = 3

========================================================================
Received Import Request.
  Time since last request: 0.000018 seconds.
  path: Assets/Asset/Old Sea Port/Materials/Brick Wall_2.mat
  artifactKey: Guid(3a2d8369995a465499c90c94fb8b6c4e) Importer(815301076,1909f56bfc062723c751e8b465ee728b)
Start importing Assets/Asset/Old Sea Port/Materials/Brick Wall_2.mat using Guid(3a2d8369995a465499c90c94fb8b6c4e) Importer(815301076,1909f56bfc062723c751e8b465ee728b) (PreviewImporter) -> (artifact id: 'bd7296ff47e94382536cc2575004224d') in 0.0492985 seconds
Number of updated asset objects reloaded before import = 0Number of asset objects unloaded after import = 5

========================================================================
Received Import Request.
  Time since last request: 0.000042 seconds.
  path: Assets/Asset/Old Sea Port/Materials/lamp_1.mat
  artifactKey: Guid(4701823573dc63b47945001206c99c36) Importer(815301076,1909f56bfc062723c751e8b465ee728b)
Start importing Assets/Asset/Old Sea Port/Materials/lamp_1.mat using Guid(4701823573dc63b47945001206c99c36) Importer(815301076,1909f56bfc062723c751e8b465ee728b) (PreviewImporter) -> (artifact id: '7c8c82aa60b6fadc50412c4727308774') in 0.0183908 seconds
Number of updated asset objects reloaded before import = 0Number of asset objects unloaded after import = 3

========================================================================
Received Import Request.
  Time since last request: 0.000018 seconds.
  path: Assets/Asset/Old Sea Port/Materials/Rooftiles_Shiny.mat
  artifactKey: Guid(f952cb120c5a884458be2c0cef75425a) Importer(815301076,1909f56bfc062723c751e8b465ee728b)
Start importing Assets/Asset/Old Sea Port/Materials/Rooftiles_Shiny.mat using Guid(f952cb120c5a884458be2c0cef75425a) Importer(815301076,1909f56bfc062723c751e8b465ee728b) (PreviewImporter) -> (artifact id: 'eaacc4954e63ed7127b0a4af12eb9315') in 0.0175788 seconds
Number of updated asset objects reloaded before import = 0Number of asset objects unloaded after import = 4

========================================================================
Received Import Request.
  Time since last request: 0.000017 seconds.
  path: Assets/Asset/Old Sea Port/Materials/fence.mat
  artifactKey: Guid(7a10401e119458544b269a24e3893073) Importer(815301076,1909f56bfc062723c751e8b465ee728b)
Start importing Assets/Asset/Old Sea Port/Materials/fence.mat using Guid(7a10401e119458544b269a24e3893073) Importer(815301076,1909f56bfc062723c751e8b465ee728b) (PreviewImporter) -> (artifact id: '241cd4ef831a2d3ab45ff476e3b85bc4') in 0.0224421 seconds
Number of updated asset objects reloaded before import = 0Number of asset objects unloaded after import = 2

========================================================================
Received Import Request.
  Time since last request: 0.000039 seconds.
  path: Assets/Asset/Old Sea Port/Materials/Barrel_Shiny.mat
  artifactKey: Guid(790aef9e41abc39439890f1d40bf092d) Importer(815301076,1909f56bfc062723c751e8b465ee728b)
Start importing Assets/Asset/Old Sea Port/Materials/Barrel_Shiny.mat using Guid(790aef9e41abc39439890f1d40bf092d) Importer(815301076,1909f56bfc062723c751e8b465ee728b) (PreviewImporter) -> (artifact id: 'c7de19ac7a1521e3d854862a2ea335a2') in 0.0203625 seconds
Number of updated asset objects reloaded before import = 0Number of asset objects unloaded after import = 4

========================================================================
Received Import Request.
  Time since last request: 0.000024 seconds.
  path: Assets/Asset/Old Sea Port/Materials/Maple_bark_1.mat
  artifactKey: Guid(3ec3880a04008dc48b888eeeca93007c) Importer(815301076,1909f56bfc062723c751e8b465ee728b)
Start importing Assets/Asset/Old Sea Port/Materials/Maple_bark_1.mat using Guid(3ec3880a04008dc48b888eeeca93007c) Importer(815301076,1909f56bfc062723c751e8b465ee728b) (PreviewImporter) -> (artifact id: '0d4c088f65e9ed9bb562d1e0c1761541') in 0.1849956 seconds
Number of updated asset objects reloaded before import = 0Number of asset objects unloaded after import = 3

========================================================================
Received Import Request.
  Time since last request: 0.000032 seconds.
  path: Assets/Asset/Old Sea Port/Materials/planks_shiny.mat
  artifactKey: Guid(d856bef9752f4b94792d16ec0dfbaa6b) Importer(815301076,1909f56bfc062723c751e8b465ee728b)
Start importing Assets/Asset/Old Sea Port/Materials/planks_shiny.mat using Guid(d856bef9752f4b94792d16ec0dfbaa6b) Importer(815301076,1909f56bfc062723c751e8b465ee728b) (PreviewImporter) -> (artifact id: '374f251f93c68eac592cf6b97dc2e4ea') in 0.0212617 seconds
Number of updated asset objects reloaded before import = 0Number of asset objects unloaded after import = 4

========================================================================
Received Import Request.
  Time since last request: 0.000038 seconds.
  path: Assets/Asset/Old Sea Port/Materials/Canvas.mat
  artifactKey: Guid(c9d71860ce2bd034b995e445a324944d) Importer(815301076,1909f56bfc062723c751e8b465ee728b)
Start importing Assets/Asset/Old Sea Port/Materials/Canvas.mat using Guid(c9d71860ce2bd034b995e445a324944d) Importer(815301076,1909f56bfc062723c751e8b465ee728b) (PreviewImporter) -> (artifact id: '06e091ff3e790d3cc6cca11b7037024f') in 0.0171263 seconds
Number of updated asset objects reloaded before import = 0Number of asset objects unloaded after import = 3

========================================================================
Received Import Request.
  Time since last request: 0.000027 seconds.
  path: Assets/Asset/Old Sea Port/Materials/Dirt.mat
  artifactKey: Guid(176ea36f9daf67c4cb27762e64b713bd) Importer(815301076,1909f56bfc062723c751e8b465ee728b)
Start importing Assets/Asset/Old Sea Port/Materials/Dirt.mat using Guid(176ea36f9daf67c4cb27762e64b713bd) Importer(815301076,1909f56bfc062723c751e8b465ee728b) (PreviewImporter) -> (artifact id: 'abe34635cb2073e2db6298a958362acb') in 0.0150879 seconds
Number of updated asset objects reloaded before import = 0Number of asset objects unloaded after import = 3

========================================================================
Received Import Request.
  Time since last request: 54.910126 seconds.
  path: Assets/Asset/Simple_Beach_Models/Materials/Ball_Materials/Yellow.mat
  artifactKey: Guid(ec9a6928328e9fb408199b4fa9c0d316) Importer(815301076,1909f56bfc062723c751e8b465ee728b)
Start importing Assets/Asset/Simple_Beach_Models/Materials/Ball_Materials/Yellow.mat using Guid(ec9a6928328e9fb408199b4fa9c0d316) Importer(815301076,1909f56bfc062723c751e8b465ee728b) (PreviewImporter) -> (artifact id: 'ecbaa4368bb67cde962becb46904a26d') in 0.0407193 seconds
Number of updated asset objects reloaded before import = 0Number of asset objects unloaded after import = 1

========================================================================
Received Prepare
Refreshing native plugins compatible for Editor in 1.07 ms, found 3 plugins.
Preloading 0 native plugins for Editor in 0.00 ms.
Unloading 0 Unused Serialized files (Serialized files now loaded: 0)
Unloading 3772 unused Assets / (1.2 MB). Loaded Objects now: 4345.
Memory consumption went from 102.9 MB to 101.7 MB.
Total: 10.058500 ms (FindLiveObjects: 0.444000 ms CreateObjectMapping: 0.457900 ms MarkObjects: 7.701400 ms  DeleteObjects: 1.453200 ms)

Prepare: number of updated asset objects reloaded= 0
========================================================================
Received Prepare
Begin MonoManager ReloadAssembly
- Loaded All Assemblies, in  0.510 seconds
Refreshing native plugins compatible for Editor in 1.07 ms, found 3 plugins.
Native extension for Android target not found
Native extension for WindowsStandalone target not found
Mono: successfully reloaded assembly
- Finished resetting the current domain, in  0.594 seconds
Domain Reload Profiling: 1105ms
	BeginReloadAssembly (166ms)
		ExecutionOrderSort (0ms)
		DisableScriptedObjects (4ms)
		BackupInstance (0ms)
		ReleaseScriptingObjects (0ms)
		CreateAndSetChildDomain (40ms)
	RebuildCommonClasses (30ms)
	RebuildNativeTypeToScriptingClass (10ms)
	initialDomainReloadingComplete (23ms)
	LoadAllAssembliesAndSetupDomain (281ms)
		LoadAssemblies (249ms)
		RebuildTransferFunctionScriptingTraits (0ms)
		AnalyzeDomain (117ms)
			TypeCache.Refresh (8ms)
				TypeCache.ScanAssembly (1ms)
			BuildScriptInfoCaches (102ms)
			ResolveRequiredComponents (4ms)
	FinalizeReload (594ms)
		ReleaseScriptCaches (0ms)
		RebuildScriptCaches (0ms)
		SetupLoadedEditorAssemblies (497ms)
			LogAssemblyErrors (0ms)
			InitializePlatformSupportModulesInManaged (11ms)
			SetLoadedEditorAssemblies (3ms)
			BeforeProcessingInitializeOnLoad (71ms)
			ProcessInitializeOnLoadAttributes (387ms)
			ProcessInitializeOnLoadMethodAttributes (22ms)
			AfterProcessingInitializeOnLoad (2ms)
			EditorAssembliesLoaded (0ms)
		ExecutionOrderSort2 (0ms)
		AwakeInstancesAfterBackupRestoration (4ms)
Refreshing native plugins compatible for Editor in 1.18 ms, found 3 plugins.
Preloading 0 native plugins for Editor in 0.00 ms.
Unloading 1 Unused Serialized files (Serialized files now loaded: 0)
Unloading 3779 unused Assets / (1.2 MB). Loaded Objects now: 4345.
Memory consumption went from 104.1 MB to 102.9 MB.
Total: 7.364100 ms (FindLiveObjects: 0.376200 ms CreateObjectMapping: 0.486600 ms MarkObjects: 5.300800 ms  DeleteObjects: 1.199400 ms)

Prepare: number of updated asset objects reloaded= 0
========================================================================
Received Prepare
Refreshing native plugins compatible for Editor in 1.18 ms, found 3 plugins.
Preloading 0 native plugins for Editor in 0.00 ms.
Unloading 0 Unused Serialized files (Serialized files now loaded: 0)
Unloading 3772 unused Assets / (1.2 MB). Loaded Objects now: 4345.
Memory consumption went from 104.2 MB to 103.0 MB.
Total: 7.882300 ms (FindLiveObjects: 0.423600 ms CreateObjectMapping: 0.430800 ms MarkObjects: 5.650100 ms  DeleteObjects: 1.376100 ms)

Prepare: number of updated asset objects reloaded= 0
========================================================================
Received Prepare
Begin MonoManager ReloadAssembly
- Loaded All Assemblies, in  0.518 seconds
Refreshing native plugins compatible for Editor in 0.65 ms, found 3 plugins.
Native extension for Android target not found
Native extension for WindowsStandalone target not found
Mono: successfully reloaded assembly
- Finished resetting the current domain, in  0.587 seconds
Domain Reload Profiling: 1106ms
	BeginReloadAssembly (166ms)
		ExecutionOrderSort (0ms)
		DisableScriptedObjects (5ms)
		BackupInstance (0ms)
		ReleaseScriptingObjects (0ms)
		CreateAndSetChildDomain (39ms)
	RebuildCommonClasses (29ms)
	RebuildNativeTypeToScriptingClass (10ms)
	initialDomainReloadingComplete (23ms)
	LoadAllAssembliesAndSetupDomain (290ms)
		LoadAssemblies (251ms)
		RebuildTransferFunctionScriptingTraits (0ms)
		AnalyzeDomain (127ms)
			TypeCache.Refresh (8ms)
				TypeCache.ScanAssembly (1ms)
			BuildScriptInfoCaches (112ms)
			ResolveRequiredComponents (3ms)
	FinalizeReload (588ms)
		ReleaseScriptCaches (0ms)
		RebuildScriptCaches (0ms)
		SetupLoadedEditorAssemblies (485ms)
			LogAssemblyErrors (0ms)
			InitializePlatformSupportModulesInManaged (10ms)
			SetLoadedEditorAssemblies (4ms)
			BeforeProcessingInitializeOnLoad (66ms)
			ProcessInitializeOnLoadAttributes (383ms)
			ProcessInitializeOnLoadMethodAttributes (20ms)
			AfterProcessingInitializeOnLoad (3ms)
			EditorAssembliesLoaded (0ms)
		ExecutionOrderSort2 (0ms)
		AwakeInstancesAfterBackupRestoration (5ms)
Refreshing native plugins compatible for Editor in 1.11 ms, found 3 plugins.
Preloading 0 native plugins for Editor in 0.00 ms.
Unloading 0 Unused Serialized files (Serialized files now loaded: 0)
Unloading 3779 unused Assets / (1.2 MB). Loaded Objects now: 4345.
Memory consumption went from 104.0 MB to 102.8 MB.
Total: 7.209000 ms (FindLiveObjects: 0.374200 ms CreateObjectMapping: 0.372900 ms MarkObjects: 5.240800 ms  DeleteObjects: 1.219500 ms)

Prepare: number of updated asset objects reloaded= 0
========================================================================
Received Import Request.
  Time since last request: 409.250757 seconds.
  path: Assets/Script/CameraSwitcher.cs
  artifactKey: Guid(8aa074d511aef034b95aad7d1f0bc152) Importer(815301076,1909f56bfc062723c751e8b465ee728b)
Start importing Assets/Script/CameraSwitcher.cs using Guid(8aa074d511aef034b95aad7d1f0bc152) Importer(815301076,1909f56bfc062723c751e8b465ee728b) (PreviewImporter) -> (artifact id: '143b27cda7f8f9f3da14221381a08a6d') in 0.0118476 seconds
Number of updated asset objects reloaded before import = 0Number of asset objects unloaded after import = 0

========================================================================
Received Prepare
Begin MonoManager ReloadAssembly
- Loaded All Assemblies, in  0.521 seconds
Refreshing native plugins compatible for Editor in 1.21 ms, found 3 plugins.
Native extension for Android target not found
Native extension for WindowsStandalone target not found
Mono: successfully reloaded assembly
- Finished resetting the current domain, in  0.637 seconds
Domain Reload Profiling: 1160ms
	BeginReloadAssembly (165ms)
		ExecutionOrderSort (0ms)
		DisableScriptedObjects (5ms)
		BackupInstance (0ms)
		ReleaseScriptingObjects (0ms)
		CreateAndSetChildDomain (37ms)
	RebuildCommonClasses (30ms)
	RebuildNativeTypeToScriptingClass (10ms)
	initialDomainReloadingComplete (22ms)
	LoadAllAssembliesAndSetupDomain (294ms)
		LoadAssemblies (251ms)
		RebuildTransferFunctionScriptingTraits (0ms)
		AnalyzeDomain (131ms)
			TypeCache.Refresh (8ms)
				TypeCache.ScanAssembly (1ms)
			BuildScriptInfoCaches (116ms)
			ResolveRequiredComponents (4ms)
	FinalizeReload (638ms)
		ReleaseScriptCaches (0ms)
		RebuildScriptCaches (0ms)
		SetupLoadedEditorAssemblies (533ms)
			LogAssemblyErrors (0ms)
			InitializePlatformSupportModulesInManaged (10ms)
			SetLoadedEditorAssemblies (4ms)
			BeforeProcessingInitializeOnLoad (67ms)
			ProcessInitializeOnLoadAttributes (426ms)
			ProcessInitializeOnLoadMethodAttributes (23ms)
			AfterProcessingInitializeOnLoad (3ms)
			EditorAssembliesLoaded (0ms)
		ExecutionOrderSort2 (0ms)
		AwakeInstancesAfterBackupRestoration (5ms)
Refreshing native plugins compatible for Editor in 1.09 ms, found 3 plugins.
Preloading 0 native plugins for Editor in 0.00 ms.
Unloading 0 Unused Serialized files (Serialized files now loaded: 0)
Unloading 3779 unused Assets / (1.8 MB). Loaded Objects now: 4345.
Memory consumption went from 104.0 MB to 102.2 MB.
Total: 8.877200 ms (FindLiveObjects: 0.422700 ms CreateObjectMapping: 0.429900 ms MarkObjects: 5.597300 ms  DeleteObjects: 2.425100 ms)

Prepare: number of updated asset objects reloaded= 0
========================================================================
Received Import Request.
  Time since last request: 34.810243 seconds.
  path: Assets/Script/CameraSwitcher.cs
  artifactKey: Guid(8aa074d511aef034b95aad7d1f0bc152) Importer(815301076,1909f56bfc062723c751e8b465ee728b)
Start importing Assets/Script/CameraSwitcher.cs using Guid(8aa074d511aef034b95aad7d1f0bc152) Importer(815301076,1909f56bfc062723c751e8b465ee728b) (PreviewImporter) -> (artifact id: '6d7af09343010ae10071acdb94b28f97') in 0.0046261 seconds
Number of updated asset objects reloaded before import = 0Number of asset objects unloaded after import = 0

