Using pre-set license
Built from '6000.0/release' branch; Version is '6000.0.45f1 (d91bd3d4e081) revision 14228435'; Using compiler version '193933523'; Build Type 'Release'
OS: 'Windows 11  (10.0.26100) 64bit Core' Language: 'ko' Physical Memory: 32478 MB
BatchMode: 1, IsHumanControllingUs: 0, StartBugReporterOnCrash: 0, Is64bit: 1, IsPro: 1

COMMAND LINE ARGUMENTS:
C:\Program Files\Unity\Hub\Editor\6000.0.45f1\Editor\Unity.exe
-adb2
-batchMode
-noUpm
-name
AssetImportWorker6
-projectPath
C:/Users/User/Documents/GitHub/Nature-Snap/Nature Snap
-logFile
Logs/AssetImportWorker6.log
-srvPort
56944
-job-worker-count
7
-background-job-worker-count
8
-gc-helper-count
1
Successfully changed project path to: C:/Users/User/Documents/GitHub/Nature-Snap/Nature Snap
C:/Users/User/Documents/GitHub/Nature-Snap/Nature Snap
[UnityMemory] Configuration Parameters - Can be set up in boot.config
    "memorysetup-bucket-allocator-granularity=16"
    "memorysetup-bucket-allocator-bucket-count=8"
    "memorysetup-bucket-allocator-block-size=33554432"
    "memorysetup-bucket-allocator-block-count=8"
    "memorysetup-main-allocator-block-size=16777216"
    "memorysetup-thread-allocator-block-size=16777216"
    "memorysetup-gfx-main-allocator-block-size=16777216"
    "memorysetup-gfx-thread-allocator-block-size=16777216"
    "memorysetup-cache-allocator-block-size=4194304"
    "memorysetup-typetree-allocator-block-size=2097152"
    "memorysetup-profiler-bucket-allocator-granularity=16"
    "memorysetup-profiler-bucket-allocator-bucket-count=8"
    "memorysetup-profiler-bucket-allocator-block-size=33554432"
    "memorysetup-profiler-bucket-allocator-block-count=8"
    "memorysetup-profiler-allocator-block-size=16777216"
    "memorysetup-profiler-editor-allocator-block-size=1048576"
    "memorysetup-temp-allocator-size-main=16777216"
    "memorysetup-job-temp-allocator-block-size=2097152"
    "memorysetup-job-temp-allocator-block-size-background=1048576"
    "memorysetup-job-temp-allocator-reduction-small-platforms=262144"
    "memorysetup-allocator-temp-initial-block-size-main=262144"
    "memorysetup-allocator-temp-initial-block-size-worker=262144"
    "memorysetup-temp-allocator-size-background-worker=32768"
    "memorysetup-temp-allocator-size-job-worker=262144"
    "memorysetup-temp-allocator-size-preload-manager=33554432"
    "memorysetup-temp-allocator-size-nav-mesh-worker=65536"
    "memorysetup-temp-allocator-size-audio-worker=65536"
    "memorysetup-temp-allocator-size-cloud-worker=32768"
    "memorysetup-temp-allocator-size-gi-baking-worker=262144"
    "memorysetup-temp-allocator-size-gi-baking-worker=262144"
    "memorysetup-temp-allocator-size-gi-baking-worker=262144"
    "memorysetup-temp-allocator-size-gi-baking-worker=262144"
    "memorysetup-temp-allocator-size-gi-baking-worker=262144"
    "memorysetup-temp-allocator-size-gfx=262144"
Player connection [29084]  Target information:

Player connection [29084]  * "[IP] 192.168.55.144 [Port] 0 [Flags] 2 [Guid] 3701402582 [EditorId] 3701402582 [Version] 1048832 [Id] WindowsEditor(7,DESKTOP-K84KLPJ) [Debug] 1 [PackageName] WindowsEditor [ProjectName] Editor" 

Player connection [29084] Host joined multi-casting on [225.0.0.222:54997]...
Player connection [29084] Host joined alternative multi-casting on [225.0.0.222:34997]...
JobSystem: Creating JobQueue using job-worker-count value 7
Input System module state changed to: Initialized.
[Physics::Module] Initialized fallback backend.
[Physics::Module] Id: 0xdecafbad
Library Redirect Path: Library/
[Physics::Module] Selected backend.
[Physics::Module] Name: PhysX
[Physics::Module] Id: 0xf2b8ea05
[Physics::Module] SDK Version: 4.1.2
[Physics::Module] Integration Version: 1.0.0
[Physics::Module] Threading Mode: Multi-Threaded
Refreshing native plugins compatible for Editor in 1.14 ms, found 3 plugins.
Preloading 0 native plugins for Editor in 0.00 ms.
Initialize engine version: 6000.0.45f1 (d91bd3d4e081)
[Subsystems] Discovering subsystems at path C:/Program Files/Unity/Hub/Editor/6000.0.45f1/Editor/Data/Resources/UnitySubsystems
[Subsystems] Discovering subsystems at path C:/Users/User/Documents/GitHub/Nature-Snap/Nature Snap/Assets
GfxDevice: creating device client; kGfxThreadingModeNonThreaded
Direct3D:
    Version:  Direct3D 11.0 [level 11.1]
    Renderer: NVIDIA GeForce RTX 4060 (ID=0x2882)
    Vendor:   NVIDIA
    VRAM:     7957 MB
    Driver:   32.0.15.7602
Initialize mono
Mono path[0] = 'C:/Program Files/Unity/Hub/Editor/6000.0.45f1/Editor/Data/Managed'
Mono path[1] = 'C:/Program Files/Unity/Hub/Editor/6000.0.45f1/Editor/Data/MonoBleedingEdge/lib/mono/unityjit-win32'
Mono config path = 'C:/Program Files/Unity/Hub/Editor/6000.0.45f1/Editor/Data/MonoBleedingEdge/etc'
Using monoOptions --debugger-agent=transport=dt_socket,embedding=1,server=y,suspend=n,address=127.0.0.1:56904
Begin MonoManager ReloadAssembly
Registering precompiled unity dll's ...
Register platform support module: C:/Program Files/Unity/Hub/Editor/6000.0.45f1/Editor/Data/PlaybackEngines/WindowsStandaloneSupport/UnityEditor.WindowsStandalone.Extensions.dll
Register platform support module: C:/Program Files/Unity/Hub/Editor/6000.0.45f1/Editor/Data/PlaybackEngines/AndroidPlayer/UnityEditor.Android.Extensions.dll
Registered in 0.002587 seconds.
- Loaded All Assemblies, in  0.325 seconds
Native extension for Android target not found
Android Extension - Scanning For ADB Devices 219 ms
Native extension for WindowsStandalone target not found
Mono: successfully reloaded assembly
- Finished resetting the current domain, in  0.533 seconds
Domain Reload Profiling: 857ms
	BeginReloadAssembly (114ms)
		ExecutionOrderSort (0ms)
		DisableScriptedObjects (0ms)
		BackupInstance (0ms)
		ReleaseScriptingObjects (0ms)
		CreateAndSetChildDomain (1ms)
	RebuildCommonClasses (31ms)
	RebuildNativeTypeToScriptingClass (9ms)
	initialDomainReloadingComplete (41ms)
	LoadAllAssembliesAndSetupDomain (129ms)
		LoadAssemblies (113ms)
		RebuildTransferFunctionScriptingTraits (0ms)
		AnalyzeDomain (126ms)
			TypeCache.Refresh (125ms)
				TypeCache.ScanAssembly (114ms)
			BuildScriptInfoCaches (0ms)
			ResolveRequiredComponents (0ms)
	FinalizeReload (533ms)
		ReleaseScriptCaches (0ms)
		RebuildScriptCaches (0ms)
		SetupLoadedEditorAssemblies (499ms)
			LogAssemblyErrors (0ms)
			InitializePlatformSupportModulesInManaged (296ms)
			SetLoadedEditorAssemblies (4ms)
			BeforeProcessingInitializeOnLoad (41ms)
			ProcessInitializeOnLoadAttributes (103ms)
			ProcessInitializeOnLoadMethodAttributes (54ms)
			AfterProcessingInitializeOnLoad (0ms)
			EditorAssembliesLoaded (0ms)
		ExecutionOrderSort2 (0ms)
		AwakeInstancesAfterBackupRestoration (0ms)
========================================================================
Worker process is ready to serve import requests
Import Worker Mode flag is 0x00
Begin MonoManager ReloadAssembly
- Loaded All Assemblies, in  0.566 seconds
Refreshing native plugins compatible for Editor in 0.62 ms, found 3 plugins.
Native extension for Android target not found
Native extension for WindowsStandalone target not found
Mono: successfully reloaded assembly
- Finished resetting the current domain, in  0.598 seconds
Domain Reload Profiling: 1162ms
	BeginReloadAssembly (148ms)
		ExecutionOrderSort (0ms)
		DisableScriptedObjects (5ms)
		BackupInstance (0ms)
		ReleaseScriptingObjects (0ms)
		CreateAndSetChildDomain (25ms)
	RebuildCommonClasses (31ms)
	RebuildNativeTypeToScriptingClass (10ms)
	initialDomainReloadingComplete (30ms)
	LoadAllAssembliesAndSetupDomain (345ms)
		LoadAssemblies (266ms)
		RebuildTransferFunctionScriptingTraits (0ms)
		AnalyzeDomain (167ms)
			TypeCache.Refresh (137ms)
				TypeCache.ScanAssembly (124ms)
			BuildScriptInfoCaches (24ms)
			ResolveRequiredComponents (4ms)
	FinalizeReload (598ms)
		ReleaseScriptCaches (0ms)
		RebuildScriptCaches (0ms)
		SetupLoadedEditorAssemblies (500ms)
			LogAssemblyErrors (0ms)
			InitializePlatformSupportModulesInManaged (10ms)
			SetLoadedEditorAssemblies (3ms)
			BeforeProcessingInitializeOnLoad (67ms)
			ProcessInitializeOnLoadAttributes (394ms)
			ProcessInitializeOnLoadMethodAttributes (23ms)
			AfterProcessingInitializeOnLoad (3ms)
			EditorAssembliesLoaded (0ms)
		ExecutionOrderSort2 (0ms)
		AwakeInstancesAfterBackupRestoration (4ms)
Launched and connected shader compiler UnityShaderCompiler.exe after 0.01 seconds
Refreshing native plugins compatible for Editor in 1.04 ms, found 3 plugins.
Preloading 0 native plugins for Editor in 0.00 ms.
Unloading 14 Unused Serialized files (Serialized files now loaded: 0)
Unloading 3780 unused Assets / (1.4 MB). Loaded Objects now: 4297.
Memory consumption went from 100.8 MB to 99.4 MB.
Total: 8.250100 ms (FindLiveObjects: 0.407500 ms CreateObjectMapping: 0.456400 ms MarkObjects: 5.844300 ms  DeleteObjects: 1.540400 ms)

========================================================================
Received Import Request.
  Time since last request: 13223.946905 seconds.
  path: Assets/Asset/DuNguyn/Egypt Props Pack/Materials/NhaChinh_Tien_M.mat
  artifactKey: Guid(4a500c22c78b8eb43b8ba5c1478d1097) Importer(815301076,1909f56bfc062723c751e8b465ee728b)
Start importing Assets/Asset/DuNguyn/Egypt Props Pack/Materials/NhaChinh_Tien_M.mat using Guid(4a500c22c78b8eb43b8ba5c1478d1097) Importer(815301076,1909f56bfc062723c751e8b465ee728b) (PreviewImporter) -> (artifact id: '10aabc80480e926afd2fde27e2f4b794') in 0.1424385 seconds
Number of updated asset objects reloaded before import = 0Number of asset objects unloaded after import = 3

========================================================================
Received Import Request.
  Time since last request: 258.544869 seconds.
  path: Assets/Asset/Old Sea Port
  artifactKey: Guid(4697a3008fd5ac847b1166e7df7ac8bb) Importer(815301076,1909f56bfc062723c751e8b465ee728b)
Start importing Assets/Asset/Old Sea Port using Guid(4697a3008fd5ac847b1166e7df7ac8bb) Importer(815301076,1909f56bfc062723c751e8b465ee728b) (PreviewImporter) -> (artifact id: '153fdd953be1dce53467ff885dd25c66') in 0.0006119 seconds
Number of updated asset objects reloaded before import = 0Number of asset objects unloaded after import = 0

========================================================================
Received Import Request.
  Time since last request: 5.795378 seconds.
  path: Assets/Asset/Old Sea Port/scenes
  artifactKey: Guid(f089578880e3cac4684a3bfbdf27164f) Importer(815301076,1909f56bfc062723c751e8b465ee728b)
Start importing Assets/Asset/Old Sea Port/scenes using Guid(f089578880e3cac4684a3bfbdf27164f) Importer(815301076,1909f56bfc062723c751e8b465ee728b) (PreviewImporter) -> (artifact id: '2a884a197adcc7ca84eaf858a5262c48') in 0.0005491 seconds
Number of updated asset objects reloaded before import = 0Number of asset objects unloaded after import = 0

========================================================================
Received Import Request.
  Time since last request: 1.407693 seconds.
  path: Assets/Asset/Old Sea Port/scenes/Dock Thing.unity
  artifactKey: Guid(f4fc660ad7cf6eb4eb8cd6d109f7608e) Importer(815301076,1909f56bfc062723c751e8b465ee728b)
Start importing Assets/Asset/Old Sea Port/scenes/Dock Thing.unity using Guid(f4fc660ad7cf6eb4eb8cd6d109f7608e) Importer(815301076,1909f56bfc062723c751e8b465ee728b) (PreviewImporter) -> (artifact id: '0151c04828498d58c44ad9bf70203ae9') in 0.0005445 seconds
Number of updated asset objects reloaded before import = 0Number of asset objects unloaded after import = 0

========================================================================
Received Import Request.
  Time since last request: 43.430694 seconds.
  path: Assets/Scenes/DesertMap.unity
  artifactKey: Guid(9fc0d4010bbf28b4594072e72b8655ab) Importer(815301076,1909f56bfc062723c751e8b465ee728b)
Start importing Assets/Scenes/DesertMap.unity using Guid(9fc0d4010bbf28b4594072e72b8655ab) Importer(815301076,1909f56bfc062723c751e8b465ee728b) (PreviewImporter) -> (artifact id: '1e3a5a8f6c489629c594854df2a97aa0') in 0.0006264 seconds
Number of updated asset objects reloaded before import = 0Number of asset objects unloaded after import = 0

========================================================================
Received Import Request.
  Time since last request: 143.277364 seconds.
  path: Assets/Asset/DuNguyn/Egypt Props Pack/Prefabs/SM_Da_01.prefab
  artifactKey: Guid(a79931c02fcb8a546b51a8c99b9dc7c1) Importer(815301076,1909f56bfc062723c751e8b465ee728b)
Start importing Assets/Asset/DuNguyn/Egypt Props Pack/Prefabs/SM_Da_01.prefab using Guid(a79931c02fcb8a546b51a8c99b9dc7c1) Importer(815301076,1909f56bfc062723c751e8b465ee728b) (PreviewImporter) -> (artifact id: 'eaa247d49f5ffa49db7a68532e0b7671') in 0.1194186 seconds
Number of updated asset objects reloaded before import = 0Number of asset objects unloaded after import = 10

========================================================================
Received Import Request.
  Time since last request: 0.000027 seconds.
  path: Assets/Asset/DuNguyn/Egypt Props Pack/Prefabs/SM_O_Nen_v2_02.prefab
  artifactKey: Guid(232c93b7f5333744d8867e32811dd1fa) Importer(815301076,1909f56bfc062723c751e8b465ee728b)
Start importing Assets/Asset/DuNguyn/Egypt Props Pack/Prefabs/SM_O_Nen_v2_02.prefab using Guid(232c93b7f5333744d8867e32811dd1fa) Importer(815301076,1909f56bfc062723c751e8b465ee728b) (PreviewImporter) -> (artifact id: 'c038bba65947bcae3e89beb08cf6e755') in 0.0494701 seconds
Number of updated asset objects reloaded before import = 0Number of asset objects unloaded after import = 10

========================================================================
Received Import Request.
  Time since last request: 0.000025 seconds.
  path: Assets/Asset/DuNguyn/Egypt Props Pack/Prefabs/SM_O_Nen_v2_06.prefab
  artifactKey: Guid(fb281a23561c1be4c80d6847fbf12bc7) Importer(815301076,1909f56bfc062723c751e8b465ee728b)
Start importing Assets/Asset/DuNguyn/Egypt Props Pack/Prefabs/SM_O_Nen_v2_06.prefab using Guid(fb281a23561c1be4c80d6847fbf12bc7) Importer(815301076,1909f56bfc062723c751e8b465ee728b) (PreviewImporter) -> (artifact id: '00cfe7a62b904ffb2ad71823ed76fc3c') in 0.0398126 seconds
Number of updated asset objects reloaded before import = 0Number of asset objects unloaded after import = 10

========================================================================
Received Import Request.
  Time since last request: 0.000043 seconds.
  path: Assets/Asset/DuNguyn/Egypt Props Pack/Prefabs/SM_Plane.prefab
  artifactKey: Guid(5a9a8701a625d3343a6ac6e4f48445ed) Importer(815301076,1909f56bfc062723c751e8b465ee728b)
Start importing Assets/Asset/DuNguyn/Egypt Props Pack/Prefabs/SM_Plane.prefab using Guid(5a9a8701a625d3343a6ac6e4f48445ed) Importer(815301076,1909f56bfc062723c751e8b465ee728b) (PreviewImporter) -> (artifact id: '518b345fa87ff542c8f929c3307b5e07') in 0.021941 seconds
Number of updated asset objects reloaded before import = 0Number of asset objects unloaded after import = 9

========================================================================
Received Import Request.
  Time since last request: 0.000016 seconds.
  path: Assets/Asset/DuNguyn/Egypt Props Pack/Prefabs/SM_O_Nen_v3_02.prefab
  artifactKey: Guid(6380dceae049ed04f928945592a73cef) Importer(815301076,1909f56bfc062723c751e8b465ee728b)
Start importing Assets/Asset/DuNguyn/Egypt Props Pack/Prefabs/SM_O_Nen_v3_02.prefab using Guid(6380dceae049ed04f928945592a73cef) Importer(815301076,1909f56bfc062723c751e8b465ee728b) (PreviewImporter) -> (artifact id: 'e93d3bb6b210949f60adbbc8c06b3702') in 0.0379009 seconds
Number of updated asset objects reloaded before import = 0Number of asset objects unloaded after import = 10

========================================================================
Received Import Request.
  Time since last request: 0.000019 seconds.
  path: Assets/Asset/DuNguyn/Egypt Props Pack/Prefabs/SM_O_Nen_v2_10.prefab
  artifactKey: Guid(e1d90b23beea5904a96a2820153a57f3) Importer(815301076,1909f56bfc062723c751e8b465ee728b)
Start importing Assets/Asset/DuNguyn/Egypt Props Pack/Prefabs/SM_O_Nen_v2_10.prefab using Guid(e1d90b23beea5904a96a2820153a57f3) Importer(815301076,1909f56bfc062723c751e8b465ee728b) (PreviewImporter) -> (artifact id: 'c8430a941a35320ae973dbfd06d1c753') in 0.0314951 seconds
Number of updated asset objects reloaded before import = 0Number of asset objects unloaded after import = 10

========================================================================
Received Import Request.
  Time since last request: 0.000016 seconds.
  path: Assets/Asset/DuNguyn/Egypt Props Pack/Prefabs/SM_O_Nen_v2_05.prefab
  artifactKey: Guid(4e5f7cfef50612844b756e30bbea94c8) Importer(815301076,1909f56bfc062723c751e8b465ee728b)
Start importing Assets/Asset/DuNguyn/Egypt Props Pack/Prefabs/SM_O_Nen_v2_05.prefab using Guid(4e5f7cfef50612844b756e30bbea94c8) Importer(815301076,1909f56bfc062723c751e8b465ee728b) (PreviewImporter) -> (artifact id: 'd0407d78a9d15b52955670be6e9b9372') in 0.0316817 seconds
Number of updated asset objects reloaded before import = 0Number of asset objects unloaded after import = 10

========================================================================
Received Import Request.
  Time since last request: 0.000016 seconds.
  path: Assets/Asset/DuNguyn/Egypt Props Pack/Prefabs/SM_O_Nen_v2_09.prefab
  artifactKey: Guid(c7ba582c60b8e2844929fc26b499ef5f) Importer(815301076,1909f56bfc062723c751e8b465ee728b)
Start importing Assets/Asset/DuNguyn/Egypt Props Pack/Prefabs/SM_O_Nen_v2_09.prefab using Guid(c7ba582c60b8e2844929fc26b499ef5f) Importer(815301076,1909f56bfc062723c751e8b465ee728b) (PreviewImporter) -> (artifact id: 'f069e8b1411ae534531e6e429d9e6bf3') in 0.0175041 seconds
Number of updated asset objects reloaded before import = 0Number of asset objects unloaded after import = 10

========================================================================
Received Import Request.
  Time since last request: 0.000016 seconds.
  path: Assets/Asset/DuNguyn/Egypt Props Pack/Prefabs/SM_O_Nen_v3_01.prefab
  artifactKey: Guid(9df07dbbd2b52c8479eb003e2a411cab) Importer(815301076,1909f56bfc062723c751e8b465ee728b)
Start importing Assets/Asset/DuNguyn/Egypt Props Pack/Prefabs/SM_O_Nen_v3_01.prefab using Guid(9df07dbbd2b52c8479eb003e2a411cab) Importer(815301076,1909f56bfc062723c751e8b465ee728b) (PreviewImporter) -> (artifact id: 'be91e93b2b847170e97e52e85c925b08') in 0.0232484 seconds
Number of updated asset objects reloaded before import = 0Number of asset objects unloaded after import = 10

========================================================================
Received Import Request.
  Time since last request: 0.000022 seconds.
  path: Assets/Asset/DuNguyn/Egypt Props Pack/Prefabs/SM_Tru_03.prefab
  artifactKey: Guid(07cd34ba8a57738478b2b93e1cbc6d75) Importer(815301076,1909f56bfc062723c751e8b465ee728b)
Start importing Assets/Asset/DuNguyn/Egypt Props Pack/Prefabs/SM_Tru_03.prefab using Guid(07cd34ba8a57738478b2b93e1cbc6d75) Importer(815301076,1909f56bfc062723c751e8b465ee728b) (PreviewImporter) -> (artifact id: '8142ea68785a49728bbba5abdff48070') in 0.0227048 seconds
Number of updated asset objects reloaded before import = 0Number of asset objects unloaded after import = 10

========================================================================
Received Import Request.
  Time since last request: 0.000039 seconds.
  path: Assets/Asset/DuNguyn/Egypt Props Pack/Prefabs/SM_Da_04.prefab
  artifactKey: Guid(96ca9945a913e72488a1db727bf22557) Importer(815301076,1909f56bfc062723c751e8b465ee728b)
Start importing Assets/Asset/DuNguyn/Egypt Props Pack/Prefabs/SM_Da_04.prefab using Guid(96ca9945a913e72488a1db727bf22557) Importer(815301076,1909f56bfc062723c751e8b465ee728b) (PreviewImporter) -> (artifact id: '0fff181efffa29e1696404785bd984a3') in 0.0200252 seconds
Number of updated asset objects reloaded before import = 0Number of asset objects unloaded after import = 10

========================================================================
Received Import Request.
  Time since last request: 0.000015 seconds.
  path: Assets/Asset/DuNguyn/Egypt Props Pack/Prefabs/SM_O_Nen_v1_04.prefab
  artifactKey: Guid(97353bc8c81b931488ca60c509122125) Importer(815301076,1909f56bfc062723c751e8b465ee728b)
Start importing Assets/Asset/DuNguyn/Egypt Props Pack/Prefabs/SM_O_Nen_v1_04.prefab using Guid(97353bc8c81b931488ca60c509122125) Importer(815301076,1909f56bfc062723c751e8b465ee728b) (PreviewImporter) -> (artifact id: '6801aea70b7e35dbcda8b156a235ddb7') in 0.0209669 seconds
Number of updated asset objects reloaded before import = 0Number of asset objects unloaded after import = 10

========================================================================
Received Import Request.
  Time since last request: 0.000022 seconds.
  path: Assets/Asset/DuNguyn/Egypt Props Pack/Prefabs/SM_NhaPhu_02.prefab
  artifactKey: Guid(fdb6a282f807eb545a1198f1e44bf038) Importer(815301076,1909f56bfc062723c751e8b465ee728b)
Start importing Assets/Asset/DuNguyn/Egypt Props Pack/Prefabs/SM_NhaPhu_02.prefab using Guid(fdb6a282f807eb545a1198f1e44bf038) Importer(815301076,1909f56bfc062723c751e8b465ee728b) (PreviewImporter) -> (artifact id: 'a407c4eddc388a43f283407c178dd491') in 0.0207108 seconds
Number of updated asset objects reloaded before import = 0Number of asset objects unloaded after import = 10

========================================================================
Received Import Request.
  Time since last request: 0.000019 seconds.
  path: Assets/Asset/DuNguyn/Egypt Props Pack/Prefabs/SM_O_Nen_v2_08.prefab
  artifactKey: Guid(885dbef34b99d7d498fd1ac2e7016808) Importer(815301076,1909f56bfc062723c751e8b465ee728b)
Start importing Assets/Asset/DuNguyn/Egypt Props Pack/Prefabs/SM_O_Nen_v2_08.prefab using Guid(885dbef34b99d7d498fd1ac2e7016808) Importer(815301076,1909f56bfc062723c751e8b465ee728b) (PreviewImporter) -> (artifact id: 'fd29143897672c0bdb55d7230d9e507f') in 0.0202576 seconds
Number of updated asset objects reloaded before import = 0Number of asset objects unloaded after import = 10

========================================================================
Received Import Request.
  Time since last request: 0.000024 seconds.
  path: Assets/Asset/DuNguyn/Egypt Props Pack/Prefabs/SM_O_Nen_v1_02.prefab
  artifactKey: Guid(78bb39816be3a7b4eb68b4d8227b7006) Importer(815301076,1909f56bfc062723c751e8b465ee728b)
Start importing Assets/Asset/DuNguyn/Egypt Props Pack/Prefabs/SM_O_Nen_v1_02.prefab using Guid(78bb39816be3a7b4eb68b4d8227b7006) Importer(815301076,1909f56bfc062723c751e8b465ee728b) (PreviewImporter) -> (artifact id: 'bea8b6194e800a7becc576ba21b4cd28') in 0.0185876 seconds
Number of updated asset objects reloaded before import = 0Number of asset objects unloaded after import = 10

========================================================================
Received Import Request.
  Time since last request: 0.000014 seconds.
  path: Assets/Asset/DuNguyn/Egypt Props Pack/Prefabs/SM_NhaPhu_01.prefab
  artifactKey: Guid(1efc0a90cc8487f468beceeac529bec6) Importer(815301076,1909f56bfc062723c751e8b465ee728b)
Start importing Assets/Asset/DuNguyn/Egypt Props Pack/Prefabs/SM_NhaPhu_01.prefab using Guid(1efc0a90cc8487f468beceeac529bec6) Importer(815301076,1909f56bfc062723c751e8b465ee728b) (PreviewImporter) -> (artifact id: '9fb615d268c6977f78c4c79c318067e8') in 0.0190263 seconds
Number of updated asset objects reloaded before import = 0Number of asset objects unloaded after import = 10

========================================================================
Received Import Request.
  Time since last request: 0.000017 seconds.
  path: Assets/Asset/DuNguyn/Egypt Props Pack/Prefabs/SM_Nha_01.prefab
  artifactKey: Guid(92d42ef73d5ac48499c780c0de4ea961) Importer(815301076,1909f56bfc062723c751e8b465ee728b)
Start importing Assets/Asset/DuNguyn/Egypt Props Pack/Prefabs/SM_Nha_01.prefab using Guid(92d42ef73d5ac48499c780c0de4ea961) Importer(815301076,1909f56bfc062723c751e8b465ee728b) (PreviewImporter) -> (artifact id: '1b0674369a8385e5b3f341402b0e830d') in 0.0213082 seconds
Number of updated asset objects reloaded before import = 0Number of asset objects unloaded after import = 10

========================================================================
Received Import Request.
  Time since last request: 0.000024 seconds.
  path: Assets/Asset/DuNguyn/Egypt Props Pack/Prefabs/SM_O_Nen_v3_04.prefab
  artifactKey: Guid(af06ea43eb4363c42a547562acfd5ef7) Importer(815301076,1909f56bfc062723c751e8b465ee728b)
Start importing Assets/Asset/DuNguyn/Egypt Props Pack/Prefabs/SM_O_Nen_v3_04.prefab using Guid(af06ea43eb4363c42a547562acfd5ef7) Importer(815301076,1909f56bfc062723c751e8b465ee728b) (PreviewImporter) -> (artifact id: '61b4e70ddab06fde3fa13aa002f846be') in 0.0213996 seconds
Number of updated asset objects reloaded before import = 0Number of asset objects unloaded after import = 10

========================================================================
Received Import Request.
  Time since last request: 0.000016 seconds.
  path: Assets/Asset/DuNguyn/Egypt Props Pack/Prefabs/SM_O_Nen_v2_03.prefab
  artifactKey: Guid(849c88931bfe0d24bab21e04c32bd5e2) Importer(815301076,1909f56bfc062723c751e8b465ee728b)
Start importing Assets/Asset/DuNguyn/Egypt Props Pack/Prefabs/SM_O_Nen_v2_03.prefab using Guid(849c88931bfe0d24bab21e04c32bd5e2) Importer(815301076,1909f56bfc062723c751e8b465ee728b) (PreviewImporter) -> (artifact id: 'fa5e152549a47c758bd7b12b5d648d84') in 0.0208101 seconds
Number of updated asset objects reloaded before import = 0Number of asset objects unloaded after import = 10

========================================================================
Received Import Request.
  Time since last request: 0.000018 seconds.
  path: Assets/Asset/DuNguyn/Egypt Props Pack/Prefabs/SM_Tru_02.prefab
  artifactKey: Guid(a0e5f7f60747a8840aac0a960a6de6cd) Importer(815301076,1909f56bfc062723c751e8b465ee728b)
Start importing Assets/Asset/DuNguyn/Egypt Props Pack/Prefabs/SM_Tru_02.prefab using Guid(a0e5f7f60747a8840aac0a960a6de6cd) Importer(815301076,1909f56bfc062723c751e8b465ee728b) (PreviewImporter) -> (artifact id: '7be87db8376ef95c12478c455ceb92de') in 0.0232408 seconds
Number of updated asset objects reloaded before import = 0Number of asset objects unloaded after import = 10

========================================================================
Received Import Request.
  Time since last request: 0.000020 seconds.
  path: Assets/Asset/DuNguyn/Egypt Props Pack/Prefabs/SM_O_Nen_v2_04.prefab
  artifactKey: Guid(4945416a31ce9cf428d851e1a819d757) Importer(815301076,1909f56bfc062723c751e8b465ee728b)
Start importing Assets/Asset/DuNguyn/Egypt Props Pack/Prefabs/SM_O_Nen_v2_04.prefab using Guid(4945416a31ce9cf428d851e1a819d757) Importer(815301076,1909f56bfc062723c751e8b465ee728b) (PreviewImporter) -> (artifact id: '460a103bdf297349a51e5f72bf7b874d') in 0.0195187 seconds
Number of updated asset objects reloaded before import = 0Number of asset objects unloaded after import = 10

========================================================================
Received Import Request.
  Time since last request: 0.000027 seconds.
  path: Assets/Asset/DuNguyn/Egypt Props Pack/Prefabs/SM_O_Nen_v2_11.prefab
  artifactKey: Guid(fa3f56c5ae79bf743ab35e87d7f93019) Importer(815301076,1909f56bfc062723c751e8b465ee728b)
Start importing Assets/Asset/DuNguyn/Egypt Props Pack/Prefabs/SM_O_Nen_v2_11.prefab using Guid(fa3f56c5ae79bf743ab35e87d7f93019) Importer(815301076,1909f56bfc062723c751e8b465ee728b) (PreviewImporter) -> (artifact id: '8b6aeffc889ebeb3d3cadc1533f17cf2') in 0.0211987 seconds
Number of updated asset objects reloaded before import = 0Number of asset objects unloaded after import = 10

========================================================================
Received Import Request.
  Time since last request: 0.000015 seconds.
  path: Assets/Asset/DuNguyn/Egypt Props Pack/Prefabs/SM_O_Nen_v3_03.prefab
  artifactKey: Guid(f82af82dbc5361c468b4449409c3dc82) Importer(815301076,1909f56bfc062723c751e8b465ee728b)
Start importing Assets/Asset/DuNguyn/Egypt Props Pack/Prefabs/SM_O_Nen_v3_03.prefab using Guid(f82af82dbc5361c468b4449409c3dc82) Importer(815301076,1909f56bfc062723c751e8b465ee728b) (PreviewImporter) -> (artifact id: '72244bdb7a6362959ffd41ab50f9b41a') in 0.0206903 seconds
Number of updated asset objects reloaded before import = 0Number of asset objects unloaded after import = 10

========================================================================
Received Import Request.
  Time since last request: 49.607989 seconds.
  path: Assets/Asset/Free Low Poly Desert Pack/Unity Prefabs/Terrain/Mixed_Ground_01.prefab
  artifactKey: Guid(4c4ea267b7f410b418aa1a42c46bacd3) Importer(815301076,1909f56bfc062723c751e8b465ee728b)
Start importing Assets/Asset/Free Low Poly Desert Pack/Unity Prefabs/Terrain/Mixed_Ground_01.prefab using Guid(4c4ea267b7f410b418aa1a42c46bacd3) Importer(815301076,1909f56bfc062723c751e8b465ee728b) (PreviewImporter) -> (artifact id: '7e6f9b287432c3f49c9aa4ad374613db') in 0.0227695 seconds
Number of updated asset objects reloaded before import = 0Number of asset objects unloaded after import = 8

========================================================================
Received Import Request.
  Time since last request: 28.490293 seconds.
  path: Assets/Asset/PolyRonin/Desert Village/Prefabs/House1.prefab
  artifactKey: Guid(b92d43d896b5fd343bf812a8357c6fb2) Importer(815301076,1909f56bfc062723c751e8b465ee728b)
Start importing Assets/Asset/PolyRonin/Desert Village/Prefabs/House1.prefab using Guid(b92d43d896b5fd343bf812a8357c6fb2) Importer(815301076,1909f56bfc062723c751e8b465ee728b) (PreviewImporter) -> (artifact id: '7678e009cad8c75aa2525f8610b4d1ea') in 0.0301728 seconds
Number of updated asset objects reloaded before import = 0Number of asset objects unloaded after import = 9

========================================================================
Received Import Request.
  Time since last request: 0.000022 seconds.
  path: Assets/Asset/PolyRonin/Desert Village/Prefabs/House4.prefab
  artifactKey: Guid(37653381b6dd5974fb874b0fea535a0a) Importer(815301076,1909f56bfc062723c751e8b465ee728b)
Start importing Assets/Asset/PolyRonin/Desert Village/Prefabs/House4.prefab using Guid(37653381b6dd5974fb874b0fea535a0a) Importer(815301076,1909f56bfc062723c751e8b465ee728b) (PreviewImporter) -> (artifact id: '81d3d9584424c3005ecdd85e46872258') in 0.0299399 seconds
Number of updated asset objects reloaded before import = 0Number of asset objects unloaded after import = 9

========================================================================
Received Import Request.
  Time since last request: 0.000019 seconds.
  path: Assets/Asset/PolyRonin/Desert Village/Prefabs/Jar2.prefab
  artifactKey: Guid(9d815b9999bfa4e45a8639a6f090e6db) Importer(815301076,1909f56bfc062723c751e8b465ee728b)
Start importing Assets/Asset/PolyRonin/Desert Village/Prefabs/Jar2.prefab using Guid(9d815b9999bfa4e45a8639a6f090e6db) Importer(815301076,1909f56bfc062723c751e8b465ee728b) (PreviewImporter) -> (artifact id: '25ec53d7faf0b20ce6a537765b42e2e4') in 0.0205262 seconds
Number of updated asset objects reloaded before import = 0Number of asset objects unloaded after import = 9

========================================================================
Received Import Request.
  Time since last request: 0.000015 seconds.
  path: Assets/Asset/PolyRonin/Desert Village/Prefabs/House6.prefab
  artifactKey: Guid(5f0aec804248c89498569024413389ec) Importer(815301076,1909f56bfc062723c751e8b465ee728b)
Start importing Assets/Asset/PolyRonin/Desert Village/Prefabs/House6.prefab using Guid(5f0aec804248c89498569024413389ec) Importer(815301076,1909f56bfc062723c751e8b465ee728b) (PreviewImporter) -> (artifact id: '227ce445fe35bdf7d7465154b65ab345') in 0.0149205 seconds
Number of updated asset objects reloaded before import = 0Number of asset objects unloaded after import = 9

========================================================================
Received Import Request.
  Time since last request: 0.000023 seconds.
  path: Assets/Asset/PolyRonin/Desert Village/Prefabs/House2.prefab
  artifactKey: Guid(493f9803ba150194c9fb6c0d09c9fd02) Importer(815301076,1909f56bfc062723c751e8b465ee728b)
Start importing Assets/Asset/PolyRonin/Desert Village/Prefabs/House2.prefab using Guid(493f9803ba150194c9fb6c0d09c9fd02) Importer(815301076,1909f56bfc062723c751e8b465ee728b) (PreviewImporter) -> (artifact id: '002de375a7101ab9abcaaba8d106bb3d') in 0.0220879 seconds
Number of updated asset objects reloaded before import = 0Number of asset objects unloaded after import = 9

========================================================================
Received Import Request.
  Time since last request: 0.000018 seconds.
  path: Assets/Asset/PolyRonin/Desert Village/Prefabs/TriplePalms.prefab
  artifactKey: Guid(8d99185e17570a34980db737d1eb4cfd) Importer(815301076,1909f56bfc062723c751e8b465ee728b)
Start importing Assets/Asset/PolyRonin/Desert Village/Prefabs/TriplePalms.prefab using Guid(8d99185e17570a34980db737d1eb4cfd) Importer(815301076,1909f56bfc062723c751e8b465ee728b) (PreviewImporter) -> (artifact id: '624f60ed241c907b9352ea4d975a8268') in 0.0128922 seconds
Number of updated asset objects reloaded before import = 0Number of asset objects unloaded after import = 9

========================================================================
Received Import Request.
  Time since last request: 0.000026 seconds.
  path: Assets/Asset/PolyRonin/Desert Village/Prefabs/House5.prefab
  artifactKey: Guid(6d1db9fe1ee07954b88c6ba7bd79670e) Importer(815301076,1909f56bfc062723c751e8b465ee728b)
Start importing Assets/Asset/PolyRonin/Desert Village/Prefabs/House5.prefab using Guid(6d1db9fe1ee07954b88c6ba7bd79670e) Importer(815301076,1909f56bfc062723c751e8b465ee728b) (PreviewImporter) -> (artifact id: '335de2159bbd5911c77b0b07352a95d9') in 0.0155115 seconds
Number of updated asset objects reloaded before import = 0Number of asset objects unloaded after import = 9

========================================================================
Received Import Request.
  Time since last request: 0.000018 seconds.
  path: Assets/Asset/PolyRonin/Desert Village/Prefabs/Jar1.prefab
  artifactKey: Guid(750453e3dc5701f4c91289ed2fc5df48) Importer(815301076,1909f56bfc062723c751e8b465ee728b)
Start importing Assets/Asset/PolyRonin/Desert Village/Prefabs/Jar1.prefab using Guid(750453e3dc5701f4c91289ed2fc5df48) Importer(815301076,1909f56bfc062723c751e8b465ee728b) (PreviewImporter) -> (artifact id: '6a535891550d129f7267d91abfaed041') in 0.0178479 seconds
Number of updated asset objects reloaded before import = 0Number of asset objects unloaded after import = 9

========================================================================
Received Import Request.
  Time since last request: 0.000017 seconds.
  path: Assets/Asset/PolyRonin/Desert Village/Prefabs/House3.prefab
  artifactKey: Guid(471d547c6d3b8724fa68cbba179a5e32) Importer(815301076,1909f56bfc062723c751e8b465ee728b)
Start importing Assets/Asset/PolyRonin/Desert Village/Prefabs/House3.prefab using Guid(471d547c6d3b8724fa68cbba179a5e32) Importer(815301076,1909f56bfc062723c751e8b465ee728b) (PreviewImporter) -> (artifact id: '452988b3befdc1344a27ddcc99dea5df') in 0.0167485 seconds
Number of updated asset objects reloaded before import = 0Number of asset objects unloaded after import = 9

Editor requested this worker to shutdown with reason: Scaling down because of idle timeout
AssetImportWorker is now disconnected from the server
Process exiting
Exiting without the bug reporter. Application will terminate with return code 0