Using pre-set license
Built from '6000.0/release' branch; Version is '6000.0.45f1 (d91bd3d4e081) revision 14228435'; Using compiler version '193933523'; Build Type 'Release'
OS: 'Windows 11  (10.0.26100) 64bit Core' Language: 'ko' Physical Memory: 32478 MB
BatchMode: 1, IsHumanControllingUs: 0, StartBugReporterOnCrash: 0, Is64bit: 1, IsPro: 1

COMMAND LINE ARGUMENTS:
C:\Program Files\Unity\Hub\Editor\6000.0.45f1\Editor\Unity.exe
-adb2
-batchMode
-noUpm
-name
AssetImportWorker1
-projectPath
C:/Users/User/Documents/GitHub/Nature-Snap/Nature Snap
-logFile
Logs/AssetImportWorker1.log
-srvPort
54971
-job-worker-count
7
-background-job-worker-count
8
-gc-helper-count
1
Successfully changed project path to: C:/Users/User/Documents/GitHub/Nature-Snap/Nature Snap
C:/Users/User/Documents/GitHub/Nature-Snap/Nature Snap
[UnityMemory] Configuration Parameters - Can be set up in boot.config
    "memorysetup-bucket-allocator-granularity=16"
    "memorysetup-bucket-allocator-bucket-count=8"
    "memorysetup-bucket-allocator-block-size=33554432"
    "memorysetup-bucket-allocator-block-count=8"
    "memorysetup-main-allocator-block-size=16777216"
    "memorysetup-thread-allocator-block-size=16777216"
    "memorysetup-gfx-main-allocator-block-size=16777216"
    "memorysetup-gfx-thread-allocator-block-size=16777216"
    "memorysetup-cache-allocator-block-size=4194304"
    "memorysetup-typetree-allocator-block-size=2097152"
    "memorysetup-profiler-bucket-allocator-granularity=16"
    "memorysetup-profiler-bucket-allocator-bucket-count=8"
    "memorysetup-profiler-bucket-allocator-block-size=33554432"
    "memorysetup-profiler-bucket-allocator-block-count=8"
    "memorysetup-profiler-allocator-block-size=16777216"
    "memorysetup-profiler-editor-allocator-block-size=1048576"
    "memorysetup-temp-allocator-size-main=16777216"
    "memorysetup-job-temp-allocator-block-size=2097152"
    "memorysetup-job-temp-allocator-block-size-background=1048576"
    "memorysetup-job-temp-allocator-reduction-small-platforms=262144"
    "memorysetup-allocator-temp-initial-block-size-main=262144"
    "memorysetup-allocator-temp-initial-block-size-worker=262144"
    "memorysetup-temp-allocator-size-background-worker=32768"
    "memorysetup-temp-allocator-size-job-worker=262144"
    "memorysetup-temp-allocator-size-preload-manager=33554432"
    "memorysetup-temp-allocator-size-nav-mesh-worker=65536"
    "memorysetup-temp-allocator-size-audio-worker=65536"
    "memorysetup-temp-allocator-size-cloud-worker=32768"
    "memorysetup-temp-allocator-size-gi-baking-worker=262144"
    "memorysetup-temp-allocator-size-gi-baking-worker=262144"
    "memorysetup-temp-allocator-size-gi-baking-worker=262144"
    "memorysetup-temp-allocator-size-gi-baking-worker=262144"
    "memorysetup-temp-allocator-size-gi-baking-worker=262144"
    "memorysetup-temp-allocator-size-gfx=262144"
Player connection [26728]  Target information:

Player connection [26728]  * "[IP] 192.168.55.144 [Port] 0 [Flags] 2 [Guid] 2618890464 [EditorId] 2618890464 [Version] 1048832 [Id] WindowsEditor(7,DESKTOP-K84KLPJ) [Debug] 1 [PackageName] WindowsEditor [ProjectName] Editor" 

Player connection [26728] Host joined multi-casting on [225.0.0.222:54997]...
Player connection [26728] Host joined alternative multi-casting on [225.0.0.222:34997]...
JobSystem: Creating JobQueue using job-worker-count value 7
Input System module state changed to: Initialized.
[Physics::Module] Initialized fallback backend.
[Physics::Module] Id: 0xdecafbad
Library Redirect Path: Library/
[Physics::Module] Selected backend.
[Physics::Module] Name: PhysX
[Physics::Module] Id: 0xf2b8ea05
[Physics::Module] SDK Version: 4.1.2
[Physics::Module] Integration Version: 1.0.0
[Physics::Module] Threading Mode: Multi-Threaded
Refreshing native plugins compatible for Editor in 0.98 ms, found 3 plugins.
Preloading 0 native plugins for Editor in 0.00 ms.
Initialize engine version: 6000.0.45f1 (d91bd3d4e081)
[Subsystems] Discovering subsystems at path C:/Program Files/Unity/Hub/Editor/6000.0.45f1/Editor/Data/Resources/UnitySubsystems
[Subsystems] Discovering subsystems at path C:/Users/User/Documents/GitHub/Nature-Snap/Nature Snap/Assets
GfxDevice: creating device client; kGfxThreadingModeNonThreaded
Direct3D:
    Version:  Direct3D 11.0 [level 11.1]
    Renderer: NVIDIA GeForce RTX 4060 (ID=0x2882)
    Vendor:   NVIDIA
    VRAM:     7957 MB
    Driver:   32.0.15.7602
Initialize mono
Mono path[0] = 'C:/Program Files/Unity/Hub/Editor/6000.0.45f1/Editor/Data/Managed'
Mono path[1] = 'C:/Program Files/Unity/Hub/Editor/6000.0.45f1/Editor/Data/MonoBleedingEdge/lib/mono/unityjit-win32'
Mono config path = 'C:/Program Files/Unity/Hub/Editor/6000.0.45f1/Editor/Data/MonoBleedingEdge/etc'
Using monoOptions --debugger-agent=transport=dt_socket,embedding=1,server=y,suspend=n,address=127.0.0.1:56008
Begin MonoManager ReloadAssembly
Registering precompiled unity dll's ...
Register platform support module: C:/Program Files/Unity/Hub/Editor/6000.0.45f1/Editor/Data/PlaybackEngines/WindowsStandaloneSupport/UnityEditor.WindowsStandalone.Extensions.dll
Register platform support module: C:/Program Files/Unity/Hub/Editor/6000.0.45f1/Editor/Data/PlaybackEngines/AndroidPlayer/UnityEditor.Android.Extensions.dll
Registered in 0.002774 seconds.
- Loaded All Assemblies, in  0.389 seconds
Native extension for Android target not found
Android Extension - Scanning For ADB Devices 277 ms
Native extension for WindowsStandalone target not found
Mono: successfully reloaded assembly
- Finished resetting the current domain, in  0.662 seconds
Domain Reload Profiling: 1050ms
	BeginReloadAssembly (134ms)
		ExecutionOrderSort (0ms)
		DisableScriptedObjects (0ms)
		BackupInstance (0ms)
		ReleaseScriptingObjects (0ms)
		CreateAndSetChildDomain (1ms)
	RebuildCommonClasses (38ms)
	RebuildNativeTypeToScriptingClass (11ms)
	initialDomainReloadingComplete (46ms)
	LoadAllAssembliesAndSetupDomain (158ms)
		LoadAssemblies (133ms)
		RebuildTransferFunctionScriptingTraits (0ms)
		AnalyzeDomain (155ms)
			TypeCache.Refresh (152ms)
				TypeCache.ScanAssembly (138ms)
			BuildScriptInfoCaches (0ms)
			ResolveRequiredComponents (1ms)
	FinalizeReload (663ms)
		ReleaseScriptCaches (0ms)
		RebuildScriptCaches (0ms)
		SetupLoadedEditorAssemblies (628ms)
			LogAssemblyErrors (0ms)
			InitializePlatformSupportModulesInManaged (367ms)
			SetLoadedEditorAssemblies (4ms)
			BeforeProcessingInitializeOnLoad (55ms)
			ProcessInitializeOnLoadAttributes (132ms)
			ProcessInitializeOnLoadMethodAttributes (69ms)
			AfterProcessingInitializeOnLoad (0ms)
			EditorAssembliesLoaded (0ms)
		ExecutionOrderSort2 (0ms)
		AwakeInstancesAfterBackupRestoration (0ms)
========================================================================
Worker process is ready to serve import requests
Import Worker Mode flag is 0x00
Begin MonoManager ReloadAssembly
- Loaded All Assemblies, in  0.649 seconds
Refreshing native plugins compatible for Editor in 0.63 ms, found 3 plugins.
Native extension for Android target not found
Native extension for WindowsStandalone target not found
Mono: successfully reloaded assembly
- Finished resetting the current domain, in  0.677 seconds
Domain Reload Profiling: 1324ms
	BeginReloadAssembly (174ms)
		ExecutionOrderSort (0ms)
		DisableScriptedObjects (7ms)
		BackupInstance (0ms)
		ReleaseScriptingObjects (0ms)
		CreateAndSetChildDomain (36ms)
	RebuildCommonClasses (35ms)
	RebuildNativeTypeToScriptingClass (11ms)
	initialDomainReloadingComplete (37ms)
	LoadAllAssembliesAndSetupDomain (389ms)
		LoadAssemblies (291ms)
		RebuildTransferFunctionScriptingTraits (0ms)
		AnalyzeDomain (194ms)
			TypeCache.Refresh (157ms)
				TypeCache.ScanAssembly (142ms)
			BuildScriptInfoCaches (27ms)
			ResolveRequiredComponents (6ms)
	FinalizeReload (678ms)
		ReleaseScriptCaches (0ms)
		RebuildScriptCaches (0ms)
		SetupLoadedEditorAssemblies (568ms)
			LogAssemblyErrors (0ms)
			InitializePlatformSupportModulesInManaged (12ms)
			SetLoadedEditorAssemblies (4ms)
			BeforeProcessingInitializeOnLoad (77ms)
			ProcessInitializeOnLoadAttributes (447ms)
			ProcessInitializeOnLoadMethodAttributes (24ms)
			AfterProcessingInitializeOnLoad (4ms)
			EditorAssembliesLoaded (0ms)
		ExecutionOrderSort2 (0ms)
		AwakeInstancesAfterBackupRestoration (6ms)
Launched and connected shader compiler UnityShaderCompiler.exe after 0.01 seconds
Refreshing native plugins compatible for Editor in 1.26 ms, found 3 plugins.
Preloading 0 native plugins for Editor in 0.00 ms.
Unloading 13 Unused Serialized files (Serialized files now loaded: 0)
Unloading 3778 unused Assets / (1.4 MB). Loaded Objects now: 4273.
Memory consumption went from 90.8 MB to 89.4 MB.
Total: 9.215600 ms (FindLiveObjects: 0.430500 ms CreateObjectMapping: 0.474500 ms MarkObjects: 6.608500 ms  DeleteObjects: 1.699800 ms)

========================================================================
Received Import Request.
  Time since last request: 6671.622593 seconds.
  path: Assets/Asset/Old Sea Port/prefabs/building_segment_6.prefab
  artifactKey: Guid(7d609f7b85b8b834c967c9708aa167ee) Importer(815301076,1909f56bfc062723c751e8b465ee728b)
Start importing Assets/Asset/Old Sea Port/prefabs/building_segment_6.prefab using Guid(7d609f7b85b8b834c967c9708aa167ee) Importer(815301076,1909f56bfc062723c751e8b465ee728b) (PreviewImporter) -> (artifact id: 'e9ae4a2c0b060d1c6a2f3eb93f5c07c7') in 0.356303 seconds
Number of updated asset objects reloaded before import = 0Number of asset objects unloaded after import = 13

========================================================================
Received Import Request.
  Time since last request: 0.000020 seconds.
  path: Assets/Asset/Old Sea Port/prefabs/building_segment_1.prefab
  artifactKey: Guid(287711fb95cdc004b814e53a055b4b1e) Importer(815301076,1909f56bfc062723c751e8b465ee728b)
Start importing Assets/Asset/Old Sea Port/prefabs/building_segment_1.prefab using Guid(287711fb95cdc004b814e53a055b4b1e) Importer(815301076,1909f56bfc062723c751e8b465ee728b) (PreviewImporter) -> (artifact id: 'eb6f327190f8ccd45c4847ed338ce6a1') in 0.0273167 seconds
Number of updated asset objects reloaded before import = 0Number of asset objects unloaded after import = 13

========================================================================
Received Import Request.
  Time since last request: 0.000027 seconds.
  path: Assets/Asset/Old Sea Port/prefabs/Log_1.prefab
  artifactKey: Guid(d76a78a721a5d9d499abc8aec19fdc8b) Importer(815301076,1909f56bfc062723c751e8b465ee728b)
Start importing Assets/Asset/Old Sea Port/prefabs/Log_1.prefab using Guid(d76a78a721a5d9d499abc8aec19fdc8b) Importer(815301076,1909f56bfc062723c751e8b465ee728b) (PreviewImporter) -> (artifact id: 'ad6ce558171c62ef8ed0ee129c62c879') in 0.366147 seconds
Number of updated asset objects reloaded before import = 0Number of asset objects unloaded after import = 17

========================================================================
Received Import Request.
  Time since last request: 0.000024 seconds.
  path: Assets/Asset/Old Sea Port/prefabs/circular_table.prefab
  artifactKey: Guid(31a710b3bcdfb2e48b5ba67995778c54) Importer(815301076,1909f56bfc062723c751e8b465ee728b)
Start importing Assets/Asset/Old Sea Port/prefabs/circular_table.prefab using Guid(31a710b3bcdfb2e48b5ba67995778c54) Importer(815301076,1909f56bfc062723c751e8b465ee728b) (PreviewImporter) -> (artifact id: '5a7644f671ce1e3bde4b8df41484cecf') in 0.0277964 seconds
Number of updated asset objects reloaded before import = 0Number of asset objects unloaded after import = 12

========================================================================
Received Import Request.
  Time since last request: 0.000027 seconds.
  path: Assets/Asset/Old Sea Port/prefabs/hammer.prefab
  artifactKey: Guid(4c5f317e11e66414bba628410251d90c) Importer(815301076,1909f56bfc062723c751e8b465ee728b)
Start importing Assets/Asset/Old Sea Port/prefabs/hammer.prefab using Guid(4c5f317e11e66414bba628410251d90c) Importer(815301076,1909f56bfc062723c751e8b465ee728b) (PreviewImporter) -> (artifact id: '08092a633f2c09acd66d31026fc20819') in 0.1614705 seconds
Number of updated asset objects reloaded before import = 0Number of asset objects unloaded after import = 14

========================================================================
Received Import Request.
  Time since last request: 0.000015 seconds.
  path: Assets/Asset/Old Sea Port/prefabs/post_1.prefab
  artifactKey: Guid(5cf375f9208bd17468242e6d1c3cc819) Importer(815301076,1909f56bfc062723c751e8b465ee728b)
Start importing Assets/Asset/Old Sea Port/prefabs/post_1.prefab using Guid(5cf375f9208bd17468242e6d1c3cc819) Importer(815301076,1909f56bfc062723c751e8b465ee728b) (PreviewImporter) -> (artifact id: '1f424da6760b6d51f0467833a1471250') in 0.0202119 seconds
Number of updated asset objects reloaded before import = 0Number of asset objects unloaded after import = 13

========================================================================
Received Import Request.
  Time since last request: 0.000015 seconds.
  path: Assets/Asset/Old Sea Port/prefabs/post_2.prefab
  artifactKey: Guid(c8b19df230669df4eb91d90849f0c80a) Importer(815301076,1909f56bfc062723c751e8b465ee728b)
Start importing Assets/Asset/Old Sea Port/prefabs/post_2.prefab using Guid(c8b19df230669df4eb91d90849f0c80a) Importer(815301076,1909f56bfc062723c751e8b465ee728b) (PreviewImporter) -> (artifact id: '460879138b5869fb0b8954a2069d51d9') in 0.022286 seconds
Number of updated asset objects reloaded before import = 0Number of asset objects unloaded after import = 13

========================================================================
Received Import Request.
  Time since last request: 0.000016 seconds.
  path: Assets/Asset/Old Sea Port/prefabs
  artifactKey: Guid(38dd436d41f0c70498471565e7694d61) Importer(815301076,1909f56bfc062723c751e8b465ee728b)
Start importing Assets/Asset/Old Sea Port/prefabs using Guid(38dd436d41f0c70498471565e7694d61) Importer(815301076,1909f56bfc062723c751e8b465ee728b) (PreviewImporter) -> (artifact id: '9ec87f355b894193da452a468492a5c6') in 0.0004954 seconds
Number of updated asset objects reloaded before import = 0Number of asset objects unloaded after import = 0

========================================================================
Received Import Request.
  Time since last request: 0.000093 seconds.
  path: Assets/Asset/Old Sea Port/prefabs/mooring_rope_holder_1.prefab
  artifactKey: Guid(88b977c6c0cb6f347a2b35f97b16cdc4) Importer(815301076,1909f56bfc062723c751e8b465ee728b)
Start importing Assets/Asset/Old Sea Port/prefabs/mooring_rope_holder_1.prefab using Guid(88b977c6c0cb6f347a2b35f97b16cdc4) Importer(815301076,1909f56bfc062723c751e8b465ee728b) (PreviewImporter) -> (artifact id: '8b3d4e28fbd5646eb02c19198b6fb6b6') in 0.0199605 seconds
Number of updated asset objects reloaded before import = 0Number of asset objects unloaded after import = 20

========================================================================
Received Import Request.
  Time since last request: 0.000022 seconds.
  path: Assets/Asset/Old Sea Port/prefabs/brick_column_1.prefab
  artifactKey: Guid(4154bf6e40fe42543a525d9b4fbc965f) Importer(815301076,1909f56bfc062723c751e8b465ee728b)
Start importing Assets/Asset/Old Sea Port/prefabs/brick_column_1.prefab using Guid(4154bf6e40fe42543a525d9b4fbc965f) Importer(815301076,1909f56bfc062723c751e8b465ee728b) (PreviewImporter) -> (artifact id: 'e84d45802b7a37bdb3191af0ceb0e375') in 0.0258333 seconds
Number of updated asset objects reloaded before import = 0Number of asset objects unloaded after import = 21

========================================================================
Received Import Request.
  Time since last request: 0.000035 seconds.
  path: Assets/Asset/Old Sea Port/prefabs/crate_2.prefab
  artifactKey: Guid(9f35541b213a65340a8e088b7f3ab551) Importer(815301076,1909f56bfc062723c751e8b465ee728b)
Start importing Assets/Asset/Old Sea Port/prefabs/crate_2.prefab using Guid(9f35541b213a65340a8e088b7f3ab551) Importer(815301076,1909f56bfc062723c751e8b465ee728b) (PreviewImporter) -> (artifact id: '52fa3e78b6c5946f4d75d58db2ecf516') in 0.0248877 seconds
Number of updated asset objects reloaded before import = 0Number of asset objects unloaded after import = 12

========================================================================
Received Import Request.
  Time since last request: 0.000017 seconds.
  path: Assets/Asset/Old Sea Port/prefabs/Old Sea Port_Tree.prefab
  artifactKey: Guid(060de24b039008143aa190133e1fb8e7) Importer(815301076,1909f56bfc062723c751e8b465ee728b)
Start importing Assets/Asset/Old Sea Port/prefabs/Old Sea Port_Tree.prefab using Guid(060de24b039008143aa190133e1fb8e7) Importer(815301076,1909f56bfc062723c751e8b465ee728b) (PreviewImporter) -> (artifact id: '1677927bdd9719fa43ad9d40efc3b467') in 0.0203199 seconds
Number of updated asset objects reloaded before import = 0Number of asset objects unloaded after import = 11

========================================================================
Received Import Request.
  Time since last request: 0.000019 seconds.
  path: Assets/Asset/Old Sea Port/prefabs/boat_2.prefab
  artifactKey: Guid(827102f6dfdb671428e2504c7680aeea) Importer(815301076,1909f56bfc062723c751e8b465ee728b)
Start importing Assets/Asset/Old Sea Port/prefabs/boat_2.prefab using Guid(827102f6dfdb671428e2504c7680aeea) Importer(815301076,1909f56bfc062723c751e8b465ee728b) (PreviewImporter) -> (artifact id: 'a5f31b221ba3458a9071bd81780284bd') in 0.0392622 seconds
Number of updated asset objects reloaded before import = 0Number of asset objects unloaded after import = 42

Editor requested this worker to shutdown with reason: Scaling down because of idle timeout
AssetImportWorker is now disconnected from the server
Process exiting
Exiting without the bug reporter. Application will terminate with return code 0